<?xml version="1.0" encoding="utf-8"?>
<CoverageSession xmlns:xsd="http://www.w3.org/2001/XMLSchema" xmlns:xsi="http://www.w3.org/2001/XMLSchema-instance">
  <Summary numSequencePoints="0" visitedSequencePoints="0" numBranchPoints="0" visitedBranchPoints="0" sequenceCoverage="0" branchCoverage="0" maxCyclomaticComplexity="0" minCyclomaticComplexity="0" visitedClasses="0" numClasses="0" visitedMethods="0" numMethods="0" />
  <Modules>
    <Module skippedDueTo="Filter" hash="BD-DE-A7-8F-1E-AF-9E-71-2A-B5-57-87-AF-16-D5-1A-9B-B4-D7-C8">
      <ModulePath>c:\program files\dotnet\shared\Microsoft.NETCore.App\1.1.0\System.Private.CoreLib.ni.dll</ModulePath>
      <ModuleTime>2016-11-08T22:08:52Z</ModuleTime>
      <ModuleName>System.Private.CoreLib</ModuleName>
      <Classes />
    </Module>
    <Module skippedDueTo="Filter" hash="8F-A0-E0-0D-76-07-B6-4A-EE-16-2D-14-34-DA-ED-C9-7B-1F-27-02">
      <ModulePath>c:\program files\dotnet\sdk\1.0.0-rc4-004771\dotnet.dll</ModulePath>
      <ModuleTime>2017-02-06T23:43:30Z</ModuleTime>
      <ModuleName>dotnet</ModuleName>
      <Classes />
    </Module>
    <Module skippedDueTo="Filter" hash="97-E8-31-7C-5E-85-00-E7-60-EF-51-C0-C1-67-C5-FE-0E-1B-11-78">
      <ModulePath>c:\program files\dotnet\shared\Microsoft.NETCore.App\1.1.0\System.Runtime.dll</ModulePath>
      <ModuleTime>2016-11-08T22:08:36Z</ModuleTime>
      <ModuleName>System.Runtime</ModuleName>
      <Classes />
    </Module>
    <Module skippedDueTo="Filter" hash="AA-CF-C7-E0-87-32-EE-4D-E5-D5-60-8A-68-9B-E6-B9-D4-AE-41-8C">
      <ModulePath>c:\program files\dotnet\shared\Microsoft.NETCore.App\1.1.0\mscorlib.dll</ModulePath>
      <ModuleTime>2016-10-28T17:57:54Z</ModuleTime>
      <ModuleName>mscorlib</ModuleName>
      <Classes />
    </Module>
    <Module skippedDueTo="Filter" hash="A5-3D-74-97-3A-79-22-B6-EF-7A-46-AD-53-6F-65-D0-B0-54-7B-9A">
      <ModulePath>c:\program files\dotnet\sdk\1.0.0-rc4-004771\Microsoft.DotNet.Cli.Utils.dll</ModulePath>
      <ModuleTime>2017-02-06T23:43:30Z</ModuleTime>
      <ModuleName>Microsoft.DotNet.Cli.Utils</ModuleName>
      <Classes />
    </Module>
    <Module skippedDueTo="Filter" hash="88-A2-06-4C-3C-23-45-6B-68-3D-0B-E7-6C-1C-42-BA-76-48-19-01">
      <ModulePath>c:\program files\dotnet\shared\Microsoft.NETCore.App\1.1.0\System.Runtime.Extensions.dll</ModulePath>
      <ModuleTime>2016-11-08T22:08:38Z</ModuleTime>
      <ModuleName>System.Runtime.Extensions</ModuleName>
      <Classes />
    </Module>
    <Module skippedDueTo="Filter" hash="33-BA-7C-45-5A-11-BA-6F-E0-BB-94-E5-37-EA-DE-50-27-E0-52-03">
      <ModulePath>c:\program files\dotnet\shared\Microsoft.NETCore.App\1.1.0\System.Runtime.InteropServices.RuntimeInformation.dll</ModulePath>
      <ModuleTime>2016-11-08T22:08:28Z</ModuleTime>
      <ModuleName>System.Runtime.InteropServices.RuntimeInformation</ModuleName>
      <Classes />
    </Module>
    <Module skippedDueTo="Filter" hash="73-73-12-1A-DA-3C-71-0D-6A-DA-BA-63-32-03-79-94-AC-5E-4B-13">
      <ModulePath>c:\program files\dotnet\shared\Microsoft.NETCore.App\1.1.0\System.Reflection.Extensions.dll</ModulePath>
      <ModuleTime>2016-11-08T22:08:36Z</ModuleTime>
      <ModuleName>System.Reflection.Extensions</ModuleName>
      <Classes />
    </Module>
    <Module skippedDueTo="Filter" hash="32-EA-E9-B0-86-D5-50-21-8F-6D-50-E1-E4-83-BB-B9-5C-BD-11-27">
      <ModulePath>c:\program files\dotnet\shared\Microsoft.NETCore.App\1.1.0\System.Reflection.dll</ModulePath>
      <ModuleTime>2016-11-08T22:08:38Z</ModuleTime>
      <ModuleName>System.Reflection</ModuleName>
      <Classes />
    </Module>
    <Module skippedDueTo="Filter" hash="EC-B6-53-4A-01-53-B3-C6-45-21-0E-A3-B3-73-48-C5-56-F4-67-6E">
      <ModulePath>c:\program files\dotnet\sdk\1.0.0-rc4-004771\Microsoft.DotNet.PlatformAbstractions.dll</ModulePath>
      <ModuleTime>2017-02-06T23:43:00Z</ModuleTime>
      <ModuleName>Microsoft.DotNet.PlatformAbstractions</ModuleName>
      <Classes />
    </Module>
    <Module skippedDueTo="Filter" hash="9C-A7-0D-C9-7B-1A-06-A4-6A-EC-EB-5B-A6-EF-D8-5D-C9-10-E5-66">
      <ModulePath>c:\program files\dotnet\shared\Microsoft.NETCore.App\1.1.0\System.Runtime.InteropServices.dll</ModulePath>
      <ModuleTime>2016-11-08T22:08:50Z</ModuleTime>
      <ModuleName>System.Runtime.InteropServices</ModuleName>
      <Classes />
    </Module>
    <Module skippedDueTo="Filter" hash="73-AD-C2-0B-16-1C-79-BB-ED-EE-CD-23-43-2D-D9-A7-9E-D6-B8-2D">
      <ModulePath>c:\program files\dotnet\shared\Microsoft.NETCore.App\1.1.0\System.IO.FileSystem.dll</ModulePath>
      <ModuleTime>2016-11-08T22:08:38Z</ModuleTime>
      <ModuleName>System.IO.FileSystem</ModuleName>
      <Classes />
    </Module>
    <Module skippedDueTo="Filter" hash="88-31-EF-06-F9-64-5B-07-F2-E8-E6-93-76-B7-A3-F0-20-E0-9F-25">
      <ModulePath>c:\program files\dotnet\shared\Microsoft.NETCore.App\1.1.0\System.IO.FileSystem.Primitives.dll</ModulePath>
      <ModuleTime>2016-11-08T22:08:26Z</ModuleTime>
      <ModuleName>System.IO.FileSystem.Primitives</ModuleName>
      <Classes />
    </Module>
    <Module skippedDueTo="Filter" hash="B8-AA-6F-8C-81-35-EC-FF-1E-2F-18-3C-66-37-55-F0-CB-54-3A-2B">
      <ModulePath>c:\program files\dotnet\shared\Microsoft.NETCore.App\1.1.0\System.Runtime.Loader.dll</ModulePath>
      <ModuleTime>2016-11-08T22:08:40Z</ModuleTime>
      <ModuleName>System.Runtime.Loader</ModuleName>
      <Classes />
    </Module>
    <Module skippedDueTo="Filter" hash="A0-8F-B9-36-03-19-64-97-9F-93-FB-B4-98-24-6A-AE-80-F8-9D-41">
      <ModulePath>c:\program files\dotnet\sdk\1.0.0-rc4-004771\runtimes\win\lib\netstandard1.3\System.Text.Encoding.CodePages.dll</ModulePath>
      <ModuleTime>2017-02-06T23:43:32Z</ModuleTime>
      <ModuleName>System.Text.Encoding.CodePages</ModuleName>
      <Classes />
    </Module>
    <Module skippedDueTo="Filter" hash="5E-1E-C6-23-22-BF-B6-6B-53-2F-36-4C-4C-32-89-CA-ED-56-2A-DE">
      <ModulePath>c:\program files\dotnet\shared\Microsoft.NETCore.App\1.1.0\System.Text.Encoding.dll</ModulePath>
      <ModuleTime>2016-11-08T22:08:30Z</ModuleTime>
      <ModuleName>System.Text.Encoding</ModuleName>
      <Classes />
    </Module>
    <Module skippedDueTo="Filter" hash="34-34-76-CE-B5-21-B9-DC-ED-DB-4D-A7-7D-96-A1-7F-17-CC-6E-A8">
      <ModulePath>c:\program files\dotnet\shared\Microsoft.NETCore.App\1.1.0\System.Collections.dll</ModulePath>
      <ModuleTime>2016-11-08T22:08:28Z</ModuleTime>
      <ModuleName>System.Collections</ModuleName>
      <Classes />
    </Module>
    <Module skippedDueTo="Filter" hash="E9-B5-2A-6A-91-3D-AF-96-DB-8F-16-86-F3-69-AF-75-B1-A8-8B-C4">
      <ModulePath>c:\program files\dotnet\shared\Microsoft.NETCore.App\1.1.0\System.Threading.dll</ModulePath>
      <ModuleTime>2016-11-08T22:08:28Z</ModuleTime>
      <ModuleName>System.Threading</ModuleName>
      <Classes />
    </Module>
    <Module skippedDueTo="Filter" hash="A4-6E-55-83-2F-43-DE-A9-B5-EE-C3-02-DC-00-0B-5A-62-AA-C8-2F">
      <ModulePath>c:\program files\dotnet\shared\Microsoft.NETCore.App\1.1.0\System.Collections.Concurrent.dll</ModulePath>
      <ModuleTime>2016-11-08T22:08:50Z</ModuleTime>
      <ModuleName>System.Collections.Concurrent</ModuleName>
      <Classes />
    </Module>
    <Module skippedDueTo="Filter" hash="CC-89-4F-B5-C8-64-88-99-8B-C2-B2-02-36-D0-2F-8C-A3-A4-60-B5">
      <ModulePath>c:\program files\dotnet\shared\Microsoft.NETCore.App\1.1.0\System.Threading.Thread.dll</ModulePath>
      <ModuleTime>2016-11-08T22:08:24Z</ModuleTime>
      <ModuleName>System.Threading.Thread</ModuleName>
      <Classes />
    </Module>
    <Module skippedDueTo="Filter" hash="43-4E-EE-E2-3D-F2-07-50-AD-EC-23-4A-47-A6-31-FF-CC-4B-F1-4D">
      <ModulePath>c:\program files\dotnet\shared\Microsoft.NETCore.App\1.1.0\System.Diagnostics.Process.dll</ModulePath>
      <ModuleTime>2016-11-08T22:08:30Z</ModuleTime>
      <ModuleName>System.Diagnostics.Process</ModuleName>
      <Classes />
    </Module>
    <Module skippedDueTo="Filter" hash="C3-A3-20-7E-3F-2B-7B-82-5F-1D-04-58-B8-A2-DC-6A-B3-EF-29-98">
      <ModulePath>c:\program files\dotnet\shared\Microsoft.NETCore.App\1.1.0\System.Linq.dll</ModulePath>
      <ModuleTime>2016-11-08T22:08:30Z</ModuleTime>
      <ModuleName>System.Linq</ModuleName>
      <Classes />
    </Module>
    <Module skippedDueTo="Filter" hash="C7-13-B5-19-BD-03-08-24-78-1A-64-C2-3B-A7-C8-90-56-EC-91-58">
      <ModulePath>c:\program files\dotnet\sdk\1.0.0-rc4-004771\Microsoft.DotNet.Configurer.dll</ModulePath>
      <ModuleTime>2017-02-06T23:43:00Z</ModuleTime>
      <ModuleName>Microsoft.DotNet.Configurer</ModuleName>
      <Classes />
    </Module>
    <Module skippedDueTo="Filter" hash="90-7E-77-C3-43-6D-81-A7-31-B8-93-F6-2E-0B-87-EC-81-07-D2-9C">
      <ModulePath>c:\program files\dotnet\sdk\1.0.0-rc4-004771\Microsoft.DotNet.InternalAbstractions.dll</ModulePath>
      <ModuleTime>2017-02-06T23:43:30Z</ModuleTime>
      <ModuleName>Microsoft.DotNet.InternalAbstractions</ModuleName>
      <Classes />
    </Module>
    <Module skippedDueTo="Filter" hash="9E-CA-64-98-C0-D2-82-C0-90-6C-CD-45-49-CB-67-00-41-50-2C-D3">
      <ModulePath>c:\program files\dotnet\sdk\1.0.0-rc4-004771\NuGet.Configuration.dll</ModulePath>
      <ModuleTime>2017-02-06T23:42:14Z</ModuleTime>
      <ModuleName>NuGet.Configuration</ModuleName>
      <Classes />
    </Module>
    <Module skippedDueTo="Filter" hash="2D-01-60-D0-B1-C2-36-EA-D5-E6-7D-4D-8E-12-79-5E-46-D2-EB-89">
      <ModulePath>c:\program files\dotnet\sdk\1.0.0-rc4-004771\NuGet.Common.dll</ModulePath>
      <ModuleTime>2017-02-06T23:43:30Z</ModuleTime>
      <ModuleName>NuGet.Common</ModuleName>
      <Classes />
    </Module>
    <Module skippedDueTo="Filter" hash="CE-9B-C0-A8-02-09-2A-85-7B-10-F1-86-D0-15-CE-BD-6A-45-09-08">
      <ModulePath>c:\program files\dotnet\shared\Microsoft.NETCore.App\1.1.0\System.IO.dll</ModulePath>
      <ModuleTime>2016-11-08T22:08:28Z</ModuleTime>
      <ModuleName>System.IO</ModuleName>
      <Classes />
    </Module>
    <Module skippedDueTo="Filter" hash="FF-CB-37-AF-65-57-CC-CC-CE-0A-56-9F-2B-74-48-41-D7-76-1C-60">
      <ModulePath>c:\program files\dotnet\shared\Microsoft.NETCore.App\1.1.0\System.Threading.Tasks.dll</ModulePath>
      <ModuleTime>2016-11-08T22:08:44Z</ModuleTime>
      <ModuleName>System.Threading.Tasks</ModuleName>
      <Classes />
    </Module>
    <Module skippedDueTo="Filter" hash="A0-B7-A6-47-D8-23-AA-21-BD-3F-39-BA-48-2E-72-DB-A7-F3-3E-6C">
      <ModulePath>c:\program files\dotnet\shared\Microsoft.NETCore.App\1.1.0\System.Runtime.Handles.dll</ModulePath>
      <ModuleTime>2016-11-08T22:08:34Z</ModuleTime>
      <ModuleName>System.Runtime.Handles</ModuleName>
      <Classes />
    </Module>
    <Module skippedDueTo="Filter" hash="6C-C2-CC-3F-4F-23-53-FD-15-89-12-CA-DE-6E-EF-A2-71-91-C4-32">
      <ModulePath>c:\program files\dotnet\sdk\1.0.0-rc4-004771\NuGet.Frameworks.dll</ModulePath>
      <ModuleTime>2017-02-06T23:43:38Z</ModuleTime>
      <ModuleName>NuGet.Frameworks</ModuleName>
      <Classes />
    </Module>
    <Module skippedDueTo="Filter" hash="C0-5A-16-9D-57-F3-76-63-56-6F-29-F4-FA-3A-67-70-84-16-0A-98">
      <ModulePath>c:\program files\dotnet\sdk\1.0.0-rc4-004771\Microsoft.ApplicationInsights.dll</ModulePath>
      <ModuleTime>2017-02-06T23:43:38Z</ModuleTime>
      <ModuleName>Microsoft.ApplicationInsights</ModuleName>
      <Classes />
    </Module>
    <Module skippedDueTo="Filter" hash="E3-5F-98-1C-DA-35-C6-BA-F6-7F-C5-38-82-8F-DE-5A-FE-0F-A0-35">
      <ModulePath>c:\program files\dotnet\shared\Microsoft.NETCore.App\1.1.0\System.Text.RegularExpressions.dll</ModulePath>
      <ModuleTime>2016-11-08T22:08:26Z</ModuleTime>
      <ModuleName>System.Text.RegularExpressions</ModuleName>
      <Classes />
    </Module>
    <Module skippedDueTo="Filter" hash="2C-5B-2A-6A-84-1B-1F-4C-E8-7D-01-E8-82-8E-4C-D6-E6-1F-4C-C8">
      <ModulePath>c:\program files\dotnet\shared\Microsoft.NETCore.App\1.1.0\System.Globalization.dll</ModulePath>
      <ModuleTime>2016-11-08T22:09:00Z</ModuleTime>
      <ModuleName>System.Globalization</ModuleName>
      <Classes />
    </Module>
    <Module skippedDueTo="Filter" hash="9C-BF-18-FD-F9-CD-72-9B-38-59-BD-01-7A-34-71-11-41-7F-2D-1B">
      <ModulePath>c:\program files\dotnet\shared\Microsoft.NETCore.App\1.1.0\System.Xml.XDocument.dll</ModulePath>
      <ModuleTime>2016-11-08T22:08:36Z</ModuleTime>
      <ModuleName>System.Xml.XDocument</ModuleName>
      <Classes />
    </Module>
    <Module skippedDueTo="Filter" hash="26-4B-73-C5-45-5F-07-BB-D2-50-32-B5-E6-73-AD-0C-13-2E-15-43">
      <ModulePath>c:\program files\dotnet\shared\Microsoft.NETCore.App\1.1.0\System.Diagnostics.Tracing.dll</ModulePath>
      <ModuleTime>2016-11-08T22:08:50Z</ModuleTime>
      <ModuleName>System.Diagnostics.Tracing</ModuleName>
      <Classes />
    </Module>
    <Module skippedDueTo="Filter" hash="65-6C-47-42-E6-40-10-56-15-99-1F-9D-20-AF-9F-88-A9-00-D2-6D">
      <ModulePath>c:\program files\dotnet\shared\Microsoft.NETCore.App\1.1.0\System.Private.Uri.dll</ModulePath>
      <ModuleTime>2016-11-08T22:08:36Z</ModuleTime>
      <ModuleName>System.Private.Uri</ModuleName>
      <Classes />
    </Module>
    <Module skippedDueTo="Filter" hash="07-42-E7-93-3D-80-04-81-1A-76-66-DE-C1-79-CD-94-88-4E-78-D9">
      <ModulePath>c:\program files\dotnet\sdk\1.0.0-rc4-004771\Microsoft.Build.Utilities.Core.dll</ModulePath>
      <ModuleTime>2017-02-06T23:43:32Z</ModuleTime>
      <ModuleName>Microsoft.Build.Utilities.Core</ModuleName>
      <Classes />
    </Module>
    <Module skippedDueTo="Filter" hash="B4-16-ED-B8-F4-CA-74-C3-57-CD-92-DD-8F-A7-38-9E-39-B8-67-89">
      <ModulePath>c:\program files\dotnet\sdk\1.0.0-rc4-004771\Microsoft.Build.Framework.dll</ModulePath>
      <ModuleTime>2017-02-06T23:43:00Z</ModuleTime>
      <ModuleName>Microsoft.Build.Framework</ModuleName>
      <Classes />
    </Module>
    <Module skippedDueTo="Filter" hash="37-4B-DC-EA-25-39-99-18-E1-8E-BA-DA-FA-91-2D-EE-EF-8D-5E-95">
      <ModulePath>c:\program files\dotnet\shared\Microsoft.NETCore.App\1.1.0\System.AppContext.dll</ModulePath>
      <ModuleTime>2016-11-08T22:08:42Z</ModuleTime>
      <ModuleName>System.AppContext</ModuleName>
      <Classes />
    </Module>
    <Module skippedDueTo="Filter" hash="B4-17-AF-3F-3B-94-D2-6F-E2-BF-1D-D0-21-CB-54-DF-12-F6-8F-2C">
      <ModulePath>c:\program files\dotnet\shared\Microsoft.NETCore.App\1.1.0\System.Diagnostics.Tools.dll</ModulePath>
      <ModuleTime>2016-11-08T22:08:44Z</ModuleTime>
      <ModuleName>System.Diagnostics.Tools</ModuleName>
      <Classes />
    </Module>
    <Module skippedDueTo="Filter" hash="BD-DE-A7-8F-1E-AF-9E-71-2A-B5-57-87-AF-16-D5-1A-9B-B4-D7-C8">
      <ModulePath>c:\program files\dotnet\shared\Microsoft.NETCore.App\1.1.0\System.Private.CoreLib.ni.dll</ModulePath>
      <ModuleTime>2016-11-08T22:08:52Z</ModuleTime>
      <ModuleName>System.Private.CoreLib</ModuleName>
      <Classes />
    </Module>
    <Module skippedDueTo="Filter" hash="84-47-D8-7F-6A-96-C5-23-22-44-C1-A7-DF-AC-3A-11-9E-0F-E5-F0">
      <ModulePath>c:\program files\dotnet\shared\Microsoft.NETCore.App\1.1.0\System.Diagnostics.Debug.dll</ModulePath>
      <ModuleTime>2016-11-08T22:09:00Z</ModuleTime>
      <ModuleName>System.Diagnostics.Debug</ModuleName>
      <Classes />
    </Module>
    <Module skippedDueTo="Filter" hash="E5-7F-EE-B6-80-AE-4E-90-A7-E5-73-FD-46-6E-0A-1E-49-C5-FB-DA">
      <ModulePath>c:\program files\dotnet\shared\Microsoft.NETCore.App\1.1.0\System.IO.Compression.dll</ModulePath>
      <ModuleTime>2016-11-08T22:08:38Z</ModuleTime>
      <ModuleName>System.IO.Compression</ModuleName>
      <Classes />
    </Module>
    <Module skippedDueTo="Filter" hash="56-2E-6A-A4-AF-EA-86-EA-08-67-FF-56-D5-15-EC-4C-D4-B5-A1-1C">
      <ModulePath>c:\program files\dotnet\shared\Microsoft.NETCore.App\1.1.0\System.Text.Encoding.Extensions.dll</ModulePath>
      <ModuleTime>2016-11-08T22:08:30Z</ModuleTime>
      <ModuleName>System.Text.Encoding.Extensions</ModuleName>
      <Classes />
    </Module>
    <Module skippedDueTo="Filter" hash="9F-44-8F-C1-41-B5-BA-0F-9B-BE-55-D1-1E-C3-3E-EC-0D-0E-33-0E">
      <ModulePath>c:\program files\dotnet\sdk\1.0.0-rc4-004771\MSBuild.dll</ModulePath>
      <ModuleTime>2017-02-06T23:43:32Z</ModuleTime>
      <ModuleName>MSBuild</ModuleName>
      <Classes />
    </Module>
    <Module skippedDueTo="Filter" hash="58-0D-23-08-96-5C-86-D4-CA-9B-33-1A-1F-37-9E-46-ED-06-61-9B">
      <ModulePath>c:\program files\dotnet\shared\Microsoft.NETCore.App\1.1.0\System.Net.Http.dll</ModulePath>
      <ModuleTime>2016-11-08T22:08:34Z</ModuleTime>
      <ModuleName>System.Net.Http</ModuleName>
      <Classes />
    </Module>
    <Module skippedDueTo="Filter" hash="97-E8-31-7C-5E-85-00-E7-60-EF-51-C0-C1-67-C5-FE-0E-1B-11-78">
      <ModulePath>c:\program files\dotnet\shared\Microsoft.NETCore.App\1.1.0\System.Runtime.dll</ModulePath>
      <ModuleTime>2016-11-08T22:08:36Z</ModuleTime>
      <ModuleName>System.Runtime</ModuleName>
      <Classes />
    </Module>
    <Module skippedDueTo="Filter" hash="AA-CF-C7-E0-87-32-EE-4D-E5-D5-60-8A-68-9B-E6-B9-D4-AE-41-8C">
      <ModulePath>c:\program files\dotnet\shared\Microsoft.NETCore.App\1.1.0\mscorlib.dll</ModulePath>
      <ModuleTime>2016-10-28T17:57:54Z</ModuleTime>
      <ModuleName>mscorlib</ModuleName>
      <Classes />
    </Module>
    <Module skippedDueTo="Filter" hash="31-55-13-D3-EE-A2-5E-A3-0E-58-03-EA-6B-4A-E5-78-08-D1-2D-CC">
      <ModulePath>c:\program files\dotnet\shared\Microsoft.NETCore.App\1.1.0\System.Net.Primitives.dll</ModulePath>
      <ModuleTime>2016-11-08T22:08:32Z</ModuleTime>
      <ModuleName>System.Net.Primitives</ModuleName>
      <Classes />
    </Module>
    <Module skippedDueTo="Filter" hash="E9-B5-2A-6A-91-3D-AF-96-DB-8F-16-86-F3-69-AF-75-B1-A8-8B-C4">
      <ModulePath>c:\program files\dotnet\shared\Microsoft.NETCore.App\1.1.0\System.Threading.dll</ModulePath>
      <ModuleTime>2016-11-08T22:08:28Z</ModuleTime>
      <ModuleName>System.Threading</ModuleName>
      <Classes />
    </Module>
    <Module skippedDueTo="Filter" hash="32-EA-E9-B0-86-D5-50-21-8F-6D-50-E1-E4-83-BB-B9-5C-BD-11-27">
      <ModulePath>c:\program files\dotnet\shared\Microsoft.NETCore.App\1.1.0\System.Reflection.dll</ModulePath>
      <ModuleTime>2016-11-08T22:08:38Z</ModuleTime>
      <ModuleName>System.Reflection</ModuleName>
      <Classes />
    </Module>
    <Module skippedDueTo="Filter" hash="16-7B-6D-E1-BE-1D-4A-B4-A4-AC-3F-12-3D-46-E9-02-07-78-0C-3A">
      <ModulePath>c:\program files\dotnet\shared\Microsoft.NETCore.App\1.1.0\System.Reflection.TypeExtensions.dll</ModulePath>
      <ModuleTime>2016-11-08T22:08:40Z</ModuleTime>
      <ModuleName>System.Reflection.TypeExtensions</ModuleName>
      <Classes />
    </Module>
    <Module skippedDueTo="Filter" hash="33-DF-EF-50-45-AB-2D-75-59-4C-C8-38-5B-62-F7-4F-49-0A-A6-4B">
      <ModulePath>c:\program files\dotnet\shared\Microsoft.NETCore.App\1.1.0\System.Diagnostics.DiagnosticSource.dll</ModulePath>
      <ModuleTime>2016-11-08T22:08:40Z</ModuleTime>
      <ModuleName>System.Diagnostics.DiagnosticSource</ModuleName>
      <Classes />
    </Module>
    <Module skippedDueTo="Filter" hash="94-BE-E1-53-7C-0A-FB-8A-C6-69-5B-95-BB-ED-E3-44-4B-39-14-57">
      <ModulePath>c:\program files\dotnet\shared\Microsoft.NETCore.App\1.1.0\System.Security.Cryptography.X509Certificates.dll</ModulePath>
      <ModuleTime>2016-11-08T22:08:30Z</ModuleTime>
      <ModuleName>System.Security.Cryptography.X509Certificates</ModuleName>
      <Classes />
    </Module>
    <Module skippedDueTo="Filter" hash="88-A2-06-4C-3C-23-45-6B-68-3D-0B-E7-6C-1C-42-BA-76-48-19-01">
      <ModulePath>c:\program files\dotnet\shared\Microsoft.NETCore.App\1.1.0\System.Runtime.Extensions.dll</ModulePath>
      <ModuleTime>2016-11-08T22:08:38Z</ModuleTime>
      <ModuleName>System.Runtime.Extensions</ModuleName>
      <Classes />
    </Module>
    <Module skippedDueTo="Filter" hash="43-4E-EE-E2-3D-F2-07-50-AD-EC-23-4A-47-A6-31-FF-CC-4B-F1-4D">
      <ModulePath>c:\program files\dotnet\shared\Microsoft.NETCore.App\1.1.0\System.Diagnostics.Process.dll</ModulePath>
      <ModuleTime>2016-11-08T22:08:30Z</ModuleTime>
      <ModuleName>System.Diagnostics.Process</ModuleName>
      <Classes />
    </Module>
    <Module skippedDueTo="Filter" hash="9C-A7-0D-C9-7B-1A-06-A4-6A-EC-EB-5B-A6-EF-D8-5D-C9-10-E5-66">
      <ModulePath>c:\program files\dotnet\shared\Microsoft.NETCore.App\1.1.0\System.Runtime.InteropServices.dll</ModulePath>
      <ModuleTime>2016-11-08T22:08:50Z</ModuleTime>
      <ModuleName>System.Runtime.InteropServices</ModuleName>
      <Classes />
    </Module>
    <Module skippedDueTo="Filter" hash="A0-B7-A6-47-D8-23-AA-21-BD-3F-39-BA-48-2E-72-DB-A7-F3-3E-6C">
      <ModulePath>c:\program files\dotnet\shared\Microsoft.NETCore.App\1.1.0\System.Runtime.Handles.dll</ModulePath>
      <ModuleTime>2016-11-08T22:08:34Z</ModuleTime>
      <ModuleName>System.Runtime.Handles</ModuleName>
      <Classes />
    </Module>
    <Module skippedDueTo="Filter" hash="34-34-76-CE-B5-21-B9-DC-ED-DB-4D-A7-7D-96-A1-7F-17-CC-6E-A8">
      <ModulePath>c:\program files\dotnet\shared\Microsoft.NETCore.App\1.1.0\System.Collections.dll</ModulePath>
      <ModuleTime>2016-11-08T22:08:28Z</ModuleTime>
      <ModuleName>System.Collections</ModuleName>
      <Classes />
    </Module>
    <Module skippedDueTo="Filter" hash="C3-A3-20-7E-3F-2B-7B-82-5F-1D-04-58-B8-A2-DC-6A-B3-EF-29-98">
      <ModulePath>c:\program files\dotnet\shared\Microsoft.NETCore.App\1.1.0\System.Linq.dll</ModulePath>
      <ModuleTime>2016-11-08T22:08:30Z</ModuleTime>
      <ModuleName>System.Linq</ModuleName>
      <Classes />
    </Module>
    <Module skippedDueTo="Filter" hash="33-BA-7C-45-5A-11-BA-6F-E0-BB-94-E5-37-EA-DE-50-27-E0-52-03">
      <ModulePath>c:\program files\dotnet\shared\Microsoft.NETCore.App\1.1.0\System.Runtime.InteropServices.RuntimeInformation.dll</ModulePath>
      <ModuleTime>2016-11-08T22:08:28Z</ModuleTime>
      <ModuleName>System.Runtime.InteropServices.RuntimeInformation</ModuleName>
      <Classes />
    </Module>
    <Module skippedDueTo="Filter" hash="E3-5F-98-1C-DA-35-C6-BA-F6-7F-C5-38-82-8F-DE-5A-FE-0F-A0-35">
      <ModulePath>c:\program files\dotnet\shared\Microsoft.NETCore.App\1.1.0\System.Text.RegularExpressions.dll</ModulePath>
      <ModuleTime>2016-11-08T22:08:26Z</ModuleTime>
      <ModuleName>System.Text.RegularExpressions</ModuleName>
      <Classes />
    </Module>
    <Module skippedDueTo="Filter" hash="73-AD-C2-0B-16-1C-79-BB-ED-EE-CD-23-43-2D-D9-A7-9E-D6-B8-2D">
      <ModulePath>c:\program files\dotnet\shared\Microsoft.NETCore.App\1.1.0\System.IO.FileSystem.dll</ModulePath>
      <ModuleTime>2016-11-08T22:08:38Z</ModuleTime>
      <ModuleName>System.IO.FileSystem</ModuleName>
      <Classes />
    </Module>
    <Module skippedDueTo="Filter" hash="88-31-EF-06-F9-64-5B-07-F2-E8-E6-93-76-B7-A3-F0-20-E0-9F-25">
      <ModulePath>c:\program files\dotnet\shared\Microsoft.NETCore.App\1.1.0\System.IO.FileSystem.Primitives.dll</ModulePath>
      <ModuleTime>2016-11-08T22:08:26Z</ModuleTime>
      <ModuleName>System.IO.FileSystem.Primitives</ModuleName>
      <Classes />
    </Module>
    <Module skippedDueTo="Filter" hash="2C-5B-2A-6A-84-1B-1F-4C-E8-7D-01-E8-82-8E-4C-D6-E6-1F-4C-C8">
      <ModulePath>c:\program files\dotnet\shared\Microsoft.NETCore.App\1.1.0\System.Globalization.dll</ModulePath>
      <ModuleTime>2016-11-08T22:09:00Z</ModuleTime>
      <ModuleName>System.Globalization</ModuleName>
      <Classes />
    </Module>
    <Module skippedDueTo="Filter" hash="B4-16-ED-B8-F4-CA-74-C3-57-CD-92-DD-8F-A7-38-9E-39-B8-67-89">
      <ModulePath>c:\program files\dotnet\sdk\1.0.0-rc4-004771\Microsoft.Build.Framework.dll</ModulePath>
      <ModuleTime>2017-02-06T23:43:00Z</ModuleTime>
      <ModuleName>Microsoft.Build.Framework</ModuleName>
      <Classes />
    </Module>
    <Module skippedDueTo="Filter" hash="43-BB-24-58-84-E8-38-62-FC-E6-B5-B2-51-43-65-71-D8-E9-CB-9E">
      <ModulePath>c:\program files\dotnet\shared\Microsoft.NETCore.App\1.1.0\System.Console.dll</ModulePath>
      <ModuleTime>2016-11-08T22:08:34Z</ModuleTime>
      <ModuleName>System.Console</ModuleName>
      <Classes />
    </Module>
    <Module skippedDueTo="Filter" hash="14-5B-BE-DC-E6-9E-B3-07-D0-4C-7B-E9-94-C5-2F-5B-BF-CB-CC-4D">
      <ModulePath>c:\program files\dotnet\sdk\1.0.0-rc4-004771\System.Collections.NonGeneric.dll</ModulePath>
      <ModuleTime>2017-02-06T23:43:32Z</ModuleTime>
      <ModuleName>System.Collections.NonGeneric</ModuleName>
      <Classes />
    </Module>
    <Module skippedDueTo="Filter" hash="6D-6E-B7-42-41-CF-49-B5-04-CC-B4-3E-B6-C1-5E-07-5D-9B-EA-37">
      <ModulePath>c:\program files\dotnet\sdk\1.0.0-rc4-004771\Microsoft.Build.dll</ModulePath>
      <ModuleTime>2017-02-06T23:43:32Z</ModuleTime>
      <ModuleName>Microsoft.Build</ModuleName>
      <Classes />
    </Module>
    <Module skippedDueTo="Filter" hash="A4-6E-55-83-2F-43-DE-A9-B5-EE-C3-02-DC-00-0B-5A-62-AA-C8-2F">
      <ModulePath>c:\program files\dotnet\shared\Microsoft.NETCore.App\1.1.0\System.Collections.Concurrent.dll</ModulePath>
      <ModuleTime>2016-11-08T22:08:50Z</ModuleTime>
      <ModuleName>System.Collections.Concurrent</ModuleName>
      <Classes />
    </Module>
    <Module skippedDueTo="Filter" hash="8F-A0-E0-0D-76-07-B6-4A-EE-16-2D-14-34-DA-ED-C9-7B-1F-27-02">
      <ModulePath>c:\program files\dotnet\sdk\1.0.0-rc4-004771\dotnet.dll</ModulePath>
      <ModuleTime>2017-02-06T23:43:30Z</ModuleTime>
      <ModuleName>dotnet</ModuleName>
      <Classes />
    </Module>
    <Module skippedDueTo="Filter" hash="07-42-E7-93-3D-80-04-81-1A-76-66-DE-C1-79-CD-94-88-4E-78-D9">
      <ModulePath>c:\program files\dotnet\sdk\1.0.0-rc4-004771\Microsoft.Build.Utilities.Core.dll</ModulePath>
      <ModuleTime>2017-02-06T23:43:32Z</ModuleTime>
      <ModuleName>Microsoft.Build.Utilities.Core</ModuleName>
      <Classes />
    </Module>
    <Module skippedDueTo="Filter" hash="A5-3D-74-97-3A-79-22-B6-EF-7A-46-AD-53-6F-65-D0-B0-54-7B-9A">
      <ModulePath>c:\program files\dotnet\sdk\1.0.0-rc4-004771\Microsoft.DotNet.Cli.Utils.dll</ModulePath>
      <ModuleTime>2017-02-06T23:43:30Z</ModuleTime>
      <ModuleName>Microsoft.DotNet.Cli.Utils</ModuleName>
      <Classes />
    </Module>
    <Module skippedDueTo="Filter" hash="6C-C2-CC-3F-4F-23-53-FD-15-89-12-CA-DE-6E-EF-A2-71-91-C4-32">
      <ModulePath>c:\program files\dotnet\sdk\1.0.0-rc4-004771\NuGet.Frameworks.dll</ModulePath>
      <ModuleTime>2017-02-06T23:43:38Z</ModuleTime>
      <ModuleName>NuGet.Frameworks</ModuleName>
      <Classes />
    </Module>
    <Module skippedDueTo="Filter" hash="73-73-12-1A-DA-3C-71-0D-6A-DA-BA-63-32-03-79-94-AC-5E-4B-13">
      <ModulePath>c:\program files\dotnet\shared\Microsoft.NETCore.App\1.1.0\System.Reflection.Extensions.dll</ModulePath>
      <ModuleTime>2016-11-08T22:08:36Z</ModuleTime>
      <ModuleName>System.Reflection.Extensions</ModuleName>
      <Classes />
    </Module>
    <Module skippedDueTo="Filter" hash="C7-13-B5-19-BD-03-08-24-78-1A-64-C2-3B-A7-C8-90-56-EC-91-58">
      <ModulePath>c:\program files\dotnet\sdk\1.0.0-rc4-004771\Microsoft.DotNet.Configurer.dll</ModulePath>
      <ModuleTime>2017-02-06T23:43:00Z</ModuleTime>
      <ModuleName>Microsoft.DotNet.Configurer</ModuleName>
      <Classes />
    </Module>
    <Module skippedDueTo="Filter" hash="90-7E-77-C3-43-6D-81-A7-31-B8-93-F6-2E-0B-87-EC-81-07-D2-9C">
      <ModulePath>c:\program files\dotnet\sdk\1.0.0-rc4-004771\Microsoft.DotNet.InternalAbstractions.dll</ModulePath>
      <ModuleTime>2017-02-06T23:43:30Z</ModuleTime>
      <ModuleName>Microsoft.DotNet.InternalAbstractions</ModuleName>
      <Classes />
    </Module>
    <Module skippedDueTo="Filter" hash="9E-CA-64-98-C0-D2-82-C0-90-6C-CD-45-49-CB-67-00-41-50-2C-D3">
      <ModulePath>c:\program files\dotnet\sdk\1.0.0-rc4-004771\NuGet.Configuration.dll</ModulePath>
      <ModuleTime>2017-02-06T23:42:14Z</ModuleTime>
      <ModuleName>NuGet.Configuration</ModuleName>
      <Classes />
    </Module>
    <Module skippedDueTo="Filter" hash="2D-01-60-D0-B1-C2-36-EA-D5-E6-7D-4D-8E-12-79-5E-46-D2-EB-89">
      <ModulePath>c:\program files\dotnet\sdk\1.0.0-rc4-004771\NuGet.Common.dll</ModulePath>
      <ModuleTime>2017-02-06T23:43:30Z</ModuleTime>
      <ModuleName>NuGet.Common</ModuleName>
      <Classes />
    </Module>
    <Module skippedDueTo="Filter" hash="CE-9B-C0-A8-02-09-2A-85-7B-10-F1-86-D0-15-CE-BD-6A-45-09-08">
      <ModulePath>c:\program files\dotnet\shared\Microsoft.NETCore.App\1.1.0\System.IO.dll</ModulePath>
      <ModuleTime>2016-11-08T22:08:28Z</ModuleTime>
      <ModuleName>System.IO</ModuleName>
      <Classes />
    </Module>
    <Module skippedDueTo="Filter" hash="FF-CB-37-AF-65-57-CC-CC-CE-0A-56-9F-2B-74-48-41-D7-76-1C-60">
      <ModulePath>c:\program files\dotnet\shared\Microsoft.NETCore.App\1.1.0\System.Threading.Tasks.dll</ModulePath>
      <ModuleTime>2016-11-08T22:08:44Z</ModuleTime>
      <ModuleName>System.Threading.Tasks</ModuleName>
      <Classes />
    </Module>
    <Module skippedDueTo="Filter" hash="5E-1E-C6-23-22-BF-B6-6B-53-2F-36-4C-4C-32-89-CA-ED-56-2A-DE">
      <ModulePath>c:\program files\dotnet\shared\Microsoft.NETCore.App\1.1.0\System.Text.Encoding.dll</ModulePath>
      <ModuleTime>2016-11-08T22:08:30Z</ModuleTime>
      <ModuleName>System.Text.Encoding</ModuleName>
      <Classes />
    </Module>
    <Module skippedDueTo="Filter" hash="56-2E-6A-A4-AF-EA-86-EA-08-67-FF-56-D5-15-EC-4C-D4-B5-A1-1C">
      <ModulePath>c:\program files\dotnet\shared\Microsoft.NETCore.App\1.1.0\System.Text.Encoding.Extensions.dll</ModulePath>
      <ModuleTime>2016-11-08T22:08:30Z</ModuleTime>
      <ModuleName>System.Text.Encoding.Extensions</ModuleName>
      <Classes />
    </Module>
    <Module skippedDueTo="Filter" hash="EC-B6-53-4A-01-53-B3-C6-45-21-0E-A3-B3-73-48-C5-56-F4-67-6E">
      <ModulePath>c:\program files\dotnet\sdk\1.0.0-rc4-004771\Microsoft.DotNet.PlatformAbstractions.dll</ModulePath>
      <ModuleTime>2017-02-06T23:43:00Z</ModuleTime>
      <ModuleName>Microsoft.DotNet.PlatformAbstractions</ModuleName>
      <Classes />
    </Module>
    <Module skippedDueTo="Filter" hash="C0-5A-16-9D-57-F3-76-63-56-6F-29-F4-FA-3A-67-70-84-16-0A-98">
      <ModulePath>c:\program files\dotnet\sdk\1.0.0-rc4-004771\Microsoft.ApplicationInsights.dll</ModulePath>
      <ModuleTime>2017-02-06T23:43:38Z</ModuleTime>
      <ModuleName>Microsoft.ApplicationInsights</ModuleName>
      <Classes />
    </Module>
    <Module skippedDueTo="Filter" hash="9C-BF-18-FD-F9-CD-72-9B-38-59-BD-01-7A-34-71-11-41-7F-2D-1B">
      <ModulePath>c:\program files\dotnet\shared\Microsoft.NETCore.App\1.1.0\System.Xml.XDocument.dll</ModulePath>
      <ModuleTime>2016-11-08T22:08:36Z</ModuleTime>
      <ModuleName>System.Xml.XDocument</ModuleName>
      <Classes />
    </Module>
    <Module skippedDueTo="Filter" hash="26-4B-73-C5-45-5F-07-BB-D2-50-32-B5-E6-73-AD-0C-13-2E-15-43">
      <ModulePath>c:\program files\dotnet\shared\Microsoft.NETCore.App\1.1.0\System.Diagnostics.Tracing.dll</ModulePath>
      <ModuleTime>2016-11-08T22:08:50Z</ModuleTime>
      <ModuleName>System.Diagnostics.Tracing</ModuleName>
      <Classes />
    </Module>
    <Module skippedDueTo="Filter" hash="65-6C-47-42-E6-40-10-56-15-99-1F-9D-20-AF-9F-88-A9-00-D2-6D">
      <ModulePath>c:\program files\dotnet\shared\Microsoft.NETCore.App\1.1.0\System.Private.Uri.dll</ModulePath>
      <ModuleTime>2016-11-08T22:08:36Z</ModuleTime>
      <ModuleName>System.Private.Uri</ModuleName>
      <Classes />
    </Module>
    <Module skippedDueTo="Filter" hash="DD-DD-46-F3-42-9D-27-10-56-F6-13-2E-49-FE-7C-30-3E-08-EF-07">
      <ModulePath>c:\program files\dotnet\shared\Microsoft.NETCore.App\1.1.0\System.Threading.Tasks.Dataflow.dll</ModulePath>
      <ModuleTime>2016-11-08T22:08:34Z</ModuleTime>
      <ModuleName>System.Threading.Tasks.Dataflow</ModuleName>
      <Classes />
    </Module>
    <Module skippedDueTo="Filter" hash="6A-04-84-DA-6E-1A-C8-BA-0C-65-9B-25-41-13-BF-90-58-08-9D-4C">
      <ModulePath>c:\program files\dotnet\shared\Microsoft.NETCore.App\1.1.0\System.Resources.ResourceManager.dll</ModulePath>
      <ModuleTime>2016-11-08T22:09:00Z</ModuleTime>
      <ModuleName>System.Resources.ResourceManager</ModuleName>
      <Classes />
    </Module>
    <Module skippedDueTo="Filter" hash="3D-F3-9A-F0-42-BD-3D-64-B9-D6-6E-87-21-BE-92-80-43-74-92-C7">
      <ModulePath>c:\program files\dotnet\shared\Microsoft.NETCore.App\1.1.0\System.ObjectModel.dll</ModulePath>
      <ModuleTime>2016-11-08T22:08:32Z</ModuleTime>
      <ModuleName>System.ObjectModel</ModuleName>
      <Classes />
    </Module>
    <Module skippedDueTo="Filter" hash="CC-89-4F-B5-C8-64-88-99-8B-C2-B2-02-36-D0-2F-8C-A3-A4-60-B5">
      <ModulePath>c:\program files\dotnet\shared\Microsoft.NETCore.App\1.1.0\System.Threading.Thread.dll</ModulePath>
      <ModuleTime>2016-11-08T22:08:24Z</ModuleTime>
      <ModuleName>System.Threading.Thread</ModuleName>
      <Classes />
    </Module>
    <Module skippedDueTo="Filter" hash="B8-D4-0D-64-AF-00-BD-6C-46-22-6C-63-FB-6B-9D-54-E9-6B-DC-57">
      <ModulePath>c:\program files\dotnet\shared\Microsoft.NETCore.App\1.1.0\System.Xml.ReaderWriter.dll</ModulePath>
      <ModuleTime>2016-11-08T22:08:42Z</ModuleTime>
      <ModuleName>System.Xml.ReaderWriter</ModuleName>
      <Classes />
    </Module>
    <Module skippedDueTo="Filter" hash="91-CE-71-4E-85-93-92-D5-CC-F2-BF-CA-6C-EA-1D-88-12-C4-98-C1">
      <ModulePath>c:\program files\dotnet\sdk\1.0.0-rc4-004771\System.Xml.XmlDocument.dll</ModulePath>
      <ModuleTime>2017-02-06T23:43:00Z</ModuleTime>
      <ModuleName>System.Xml.XmlDocument</ModuleName>
      <Classes />
    </Module>
    <Module skippedDueTo="Filter" hash="22-BE-B9-72-7F-AD-73-EC-69-ED-0D-7A-56-95-89-7A-C4-35-A9-BC">
      <ModulePath>c:\program files\dotnet\shared\Microsoft.NETCore.App\1.1.0\System.Reflection.Primitives.dll</ModulePath>
      <ModuleTime>2016-11-08T22:08:36Z</ModuleTime>
      <ModuleName>System.Reflection.Primitives</ModuleName>
      <Classes />
    </Module>
    <Module skippedDueTo="Filter" hash="79-54-95-D7-E4-89-3A-B2-73-8A-8A-8E-66-C5-CE-F0-75-57-B2-31">
      <ModulePath>c:\program files\dotnet\sdk\1.0.0-rc4-004771\System.Collections.Immutable.dll</ModulePath>
      <ModuleTime>2017-02-06T23:43:30Z</ModuleTime>
      <ModuleName>System.Collections.Immutable</ModuleName>
      <Classes />
    </Module>
    <Module skippedDueTo="Filter" hash="57-98-94-E8-01-49-1B-42-C1-9E-75-92-0B-86-2D-E3-CD-DC-27-87">
      <ModulePath>c:\program files\dotnet\sdk\1.0.0-rc4-004771\Microsoft.Build.Tasks.Core.dll</ModulePath>
      <ModuleTime>2017-02-06T23:43:02Z</ModuleTime>
      <ModuleName>Microsoft.Build.Tasks.Core</ModuleName>
      <Classes />
    </Module>
    <Module skippedDueTo="Filter" hash="04-94-16-9D-4C-71-5E-93-D0-B9-DB-B2-07-91-BF-AE-4E-F6-1D-14">
      <ModulePath>c:\program files\dotnet\sdk\1.0.0-rc4-004771\Microsoft.TestPlatform.Build.dll</ModulePath>
      <ModuleTime>2017-02-06T23:43:30Z</ModuleTime>
      <ModuleName>Microsoft.TestPlatform.Build</ModuleName>
      <Classes />
    </Module>
    <Module skippedDueTo="Filter" hash="BE-E6-0B-6F-86-9A-78-B8-33-02-8A-75-A0-20-B9-BB-C6-EF-09-2D">
      <ModulePath>c:\program files\dotnet\shared\Microsoft.NETCore.App\1.1.0\System.Threading.ThreadPool.dll</ModulePath>
      <ModuleTime>2016-11-08T22:08:42Z</ModuleTime>
      <ModuleName>System.Threading.ThreadPool</ModuleName>
      <Classes />
    </Module>
    <Module skippedDueTo="Filter" hash="B8-AA-6F-8C-81-35-EC-FF-1E-2F-18-3C-66-37-55-F0-CB-54-3A-2B">
      <ModulePath>c:\program files\dotnet\shared\Microsoft.NETCore.App\1.1.0\System.Runtime.Loader.dll</ModulePath>
      <ModuleTime>2016-11-08T22:08:40Z</ModuleTime>
      <ModuleName>System.Runtime.Loader</ModuleName>
      <Classes />
    </Module>
    <Module skippedDueTo="Filter" hash="A3-39-D7-A0-0D-1E-1E-FA-7F-32-C2-03-35-E2-7F-45-53-74-5F-EC">
      <ModulePath>c:\program files\dotnet\sdk\1.0.0-rc4-004771\Sdks\Microsoft.NET.Sdk\build\..\tools\netcoreapp1.0/Microsoft.NET.Build.Tasks.dll</ModulePath>
      <ModuleTime>2017-02-06T23:43:00Z</ModuleTime>
      <ModuleName>Microsoft.NET.Build.Tasks</ModuleName>
      <Classes />
    </Module>
    <Module skippedDueTo="Filter" hash="65-2F-37-A5-C7-6A-97-D7-2F-59-3C-D3-12-C3-7A-0D-5F-9E-82-EC">
      <ModulePath>c:\program files\dotnet\sdk\1.0.0-rc4-004771\NuGet.ProjectModel.dll</ModulePath>
      <ModuleTime>2017-02-06T23:43:32Z</ModuleTime>
      <ModuleName>NuGet.ProjectModel</ModuleName>
      <Classes />
    </Module>
    <Module skippedDueTo="Filter" hash="CB-F8-FF-AA-4E-4C-E0-7F-9A-8C-E4-62-9D-B2-E7-11-D5-6D-41-66">
      <ModulePath>c:\program files\dotnet\sdk\1.0.0-rc4-004771\Newtonsoft.Json.dll</ModulePath>
      <ModuleTime>2017-02-06T23:39:44Z</ModuleTime>
      <ModuleName>Newtonsoft.Json</ModuleName>
      <Classes />
    </Module>
    <Module skippedDueTo="Filter" hash="D1-3C-87-81-E6-C4-91-B8-F8-4A-09-4A-99-35-88-D3-89-44-E2-C1">
      <ModulePath>c:\program files\dotnet\shared\Microsoft.NETCore.App\1.1.0\System.Dynamic.Runtime.dll</ModulePath>
      <ModuleTime>2016-11-08T22:08:26Z</ModuleTime>
      <ModuleName>System.Dynamic.Runtime</ModuleName>
      <Classes />
    </Module>
    <Module skippedDueTo="Filter" hash="79-69-F3-56-F4-8B-D4-9C-28-DF-4C-38-ED-18-92-7E-9B-4C-6A-73">
      <ModulePath>c:\program files\dotnet\shared\Microsoft.NETCore.App\1.1.0\System.Linq.Expressions.dll</ModulePath>
      <ModuleTime>2016-11-08T22:08:42Z</ModuleTime>
      <ModuleName>System.Linq.Expressions</ModuleName>
      <Classes />
    </Module>
    <Module skippedDueTo="Filter" hash="DC-5A-DA-9D-58-58-AA-48-7C-1B-67-41-F4-E5-28-CC-93-FF-FE-16">
      <ModulePath>c:\program files\dotnet\sdk\1.0.0-rc4-004771\NuGet.Versioning.dll</ModulePath>
      <ModuleTime>2017-02-06T23:42:18Z</ModuleTime>
      <ModuleName>NuGet.Versioning</ModuleName>
      <Classes />
    </Module>
    <Module skippedDueTo="Filter" hash="AB-DA-75-BA-76-83-E2-D6-01-B6-18-C5-53-9F-56-69-34-B3-4D-2F">
      <ModulePath>c:\program files\dotnet\sdk\1.0.0-rc4-004771\NuGet.Packaging.Core.Types.dll</ModulePath>
      <ModuleTime>2017-02-06T23:43:30Z</ModuleTime>
      <ModuleName>NuGet.Packaging.Core.Types</ModuleName>
      <Classes />
    </Module>
    <Module skippedDueTo="Filter" hash="A7-70-40-E1-75-85-9C-F0-F8-83-B4-FD-29-0F-0E-C4-DE-B1-3B-A5">
      <ModulePath>c:\program files\dotnet\sdk\1.0.0-rc4-004771\NuGet.LibraryModel.dll</ModulePath>
      <ModuleTime>2017-02-06T23:43:30Z</ModuleTime>
      <ModuleName>NuGet.LibraryModel</ModuleName>
      <Classes />
    </Module>
    <Module skippedDueTo="Filter" hash="E4-52-2C-5A-2E-DB-B3-12-59-75-4D-E9-3F-D5-D2-FC-1D-AA-E0-EE">
      <ModulePath>c:\program files\dotnet\sdk\1.0.0-rc4-004771\NuGet.Packaging.Core.dll</ModulePath>
      <ModuleTime>2017-02-06T23:43:32Z</ModuleTime>
      <ModuleName>NuGet.Packaging.Core</ModuleName>
      <Classes />
    </Module>
    <Module skippedDueTo="Filter" hash="AD-72-C3-25-71-C7-90-58-9C-5F-8A-85-1E-9E-E9-F4-BB-6E-6A-96">
      <ModulePath>c:\program files\dotnet\sdk\1.0.0-rc4-004771\NuGet.RuntimeModel.dll</ModulePath>
      <ModuleTime>2017-02-06T23:44:00Z</ModuleTime>
      <ModuleName>NuGet.RuntimeModel</ModuleName>
      <Classes />
    </Module>
    <Module skippedDueTo="Filter" hash="DC-3D-90-5C-22-F7-DA-9C-80-5A-17-57-14-10-F9-2B-47-0D-AB-70">
      <ModulePath>c:\program files\dotnet\sdk\1.0.0-rc4-004771\NuGet.Packaging.dll</ModulePath>
      <ModuleTime>2017-02-06T23:42:18Z</ModuleTime>
      <ModuleName>NuGet.Packaging</ModuleName>
      <Classes />
    </Module>
    <Module skippedDueTo="Filter" hash="D0-E8-8E-59-E8-33-55-3B-BB-BD-82-00-40-BD-7B-22-93-9A-71-2C">
      <ModulePath>c:\program files\dotnet\sdk\1.0.0-rc4-004771\runtimes\win\lib\netstandard1.3\System.IO.Pipes.dll</ModulePath>
      <ModuleTime>2017-02-06T23:43:30Z</ModuleTime>
      <ModuleName>System.IO.Pipes</ModuleName>
      <Classes />
    </Module>
    <Module skippedDueTo="Filter" hash="BD-DE-A7-8F-1E-AF-9E-71-2A-B5-57-87-AF-16-D5-1A-9B-B4-D7-C8">
      <ModulePath>c:\program files\dotnet\shared\Microsoft.NETCore.App\1.1.0\System.Private.CoreLib.ni.dll</ModulePath>
      <ModuleTime>2016-11-08T22:08:52Z</ModuleTime>
      <ModuleName>System.Private.CoreLib</ModuleName>
      <Classes />
    </Module>
    <Module skippedDueTo="Filter" hash="F3-54-F8-BC-F0-C3-F6-5F-4D-F5-BD-19-C1-1C-67-7A-CF-7A-83-CE">
      <ModulePath>c:\program files\dotnet\sdk\1.0.0-rc4-004771\System.Reflection.Metadata.dll</ModulePath>
      <ModuleTime>2017-02-06T23:43:32Z</ModuleTime>
      <ModuleName>System.Reflection.Metadata</ModuleName>
      <Classes />
    </Module>
    <Module skippedDueTo="Filter" hash="01-6C-19-93-56-62-F3-51-BB-35-48-75-E9-2D-ED-FA-39-A5-CF-17">
      <ModulePath>c:\program files\dotnet\shared\Microsoft.NETCore.App\1.1.0\System.IO.MemoryMappedFiles.dll</ModulePath>
      <ModuleTime>2016-11-08T22:08:32Z</ModuleTime>
      <ModuleName>System.IO.MemoryMappedFiles</ModuleName>
      <Classes />
    </Module>
    <Module skippedDueTo="Filter" hash="46-C2-B6-BA-12-1C-3E-FD-08-1D-B2-0A-A0-5B-7F-A8-D1-80-F0-84">
      <ModulePath>c:\program files\dotnet\shared\Microsoft.NETCore.App\1.1.0\System.IO.UnmanagedMemoryStream.dll</ModulePath>
      <ModuleTime>2016-11-08T22:08:26Z</ModuleTime>
      <ModuleName>System.IO.UnmanagedMemoryStream</ModuleName>
      <Classes />
    </Module>
    <Module skippedDueTo="Filter" hash="9F-44-8F-C1-41-B5-BA-0F-9B-BE-55-D1-1E-C3-3E-EC-0D-0E-33-0E">
      <ModulePath>c:\program files\dotnet\sdk\1.0.0-rc4-004771\MSBuild.dll</ModulePath>
      <ModuleTime>2017-02-06T23:43:32Z</ModuleTime>
      <ModuleName>MSBuild</ModuleName>
      <Classes />
    </Module>
    <Module skippedDueTo="Filter" hash="97-E8-31-7C-5E-85-00-E7-60-EF-51-C0-C1-67-C5-FE-0E-1B-11-78">
      <ModulePath>c:\program files\dotnet\shared\Microsoft.NETCore.App\1.1.0\System.Runtime.dll</ModulePath>
      <ModuleTime>2016-11-08T22:08:36Z</ModuleTime>
      <ModuleName>System.Runtime</ModuleName>
      <Classes />
    </Module>
    <Module skippedDueTo="Filter" hash="AA-CF-C7-E0-87-32-EE-4D-E5-D5-60-8A-68-9B-E6-B9-D4-AE-41-8C">
      <ModulePath>c:\program files\dotnet\shared\Microsoft.NETCore.App\1.1.0\mscorlib.dll</ModulePath>
      <ModuleTime>2016-10-28T17:57:54Z</ModuleTime>
      <ModuleName>mscorlib</ModuleName>
      <Classes />
    </Module>
    <Module skippedDueTo="Filter" hash="E9-B5-2A-6A-91-3D-AF-96-DB-8F-16-86-F3-69-AF-75-B1-A8-8B-C4">
      <ModulePath>c:\program files\dotnet\shared\Microsoft.NETCore.App\1.1.0\System.Threading.dll</ModulePath>
      <ModuleTime>2016-11-08T22:08:28Z</ModuleTime>
      <ModuleName>System.Threading</ModuleName>
      <Classes />
    </Module>
    <Module skippedDueTo="Filter" hash="32-EA-E9-B0-86-D5-50-21-8F-6D-50-E1-E4-83-BB-B9-5C-BD-11-27">
      <ModulePath>c:\program files\dotnet\shared\Microsoft.NETCore.App\1.1.0\System.Reflection.dll</ModulePath>
      <ModuleTime>2016-11-08T22:08:38Z</ModuleTime>
      <ModuleName>System.Reflection</ModuleName>
      <Classes />
    </Module>
    <Module skippedDueTo="Filter" hash="16-7B-6D-E1-BE-1D-4A-B4-A4-AC-3F-12-3D-46-E9-02-07-78-0C-3A">
      <ModulePath>c:\program files\dotnet\shared\Microsoft.NETCore.App\1.1.0\System.Reflection.TypeExtensions.dll</ModulePath>
      <ModuleTime>2016-11-08T22:08:40Z</ModuleTime>
      <ModuleName>System.Reflection.TypeExtensions</ModuleName>
      <Classes />
    </Module>
    <Module skippedDueTo="Filter" hash="88-A2-06-4C-3C-23-45-6B-68-3D-0B-E7-6C-1C-42-BA-76-48-19-01">
      <ModulePath>c:\program files\dotnet\shared\Microsoft.NETCore.App\1.1.0\System.Runtime.Extensions.dll</ModulePath>
      <ModuleTime>2016-11-08T22:08:38Z</ModuleTime>
      <ModuleName>System.Runtime.Extensions</ModuleName>
      <Classes />
    </Module>
    <Module skippedDueTo="Filter" hash="43-4E-EE-E2-3D-F2-07-50-AD-EC-23-4A-47-A6-31-FF-CC-4B-F1-4D">
      <ModulePath>c:\program files\dotnet\shared\Microsoft.NETCore.App\1.1.0\System.Diagnostics.Process.dll</ModulePath>
      <ModuleTime>2016-11-08T22:08:30Z</ModuleTime>
      <ModuleName>System.Diagnostics.Process</ModuleName>
      <Classes />
    </Module>
    <Module skippedDueTo="Filter" hash="9C-A7-0D-C9-7B-1A-06-A4-6A-EC-EB-5B-A6-EF-D8-5D-C9-10-E5-66">
      <ModulePath>c:\program files\dotnet\shared\Microsoft.NETCore.App\1.1.0\System.Runtime.InteropServices.dll</ModulePath>
      <ModuleTime>2016-11-08T22:08:50Z</ModuleTime>
      <ModuleName>System.Runtime.InteropServices</ModuleName>
      <Classes />
    </Module>
    <Module skippedDueTo="Filter" hash="A0-B7-A6-47-D8-23-AA-21-BD-3F-39-BA-48-2E-72-DB-A7-F3-3E-6C">
      <ModulePath>c:\program files\dotnet\shared\Microsoft.NETCore.App\1.1.0\System.Runtime.Handles.dll</ModulePath>
      <ModuleTime>2016-11-08T22:08:34Z</ModuleTime>
      <ModuleName>System.Runtime.Handles</ModuleName>
      <Classes />
    </Module>
    <Module skippedDueTo="Filter" hash="34-34-76-CE-B5-21-B9-DC-ED-DB-4D-A7-7D-96-A1-7F-17-CC-6E-A8">
      <ModulePath>c:\program files\dotnet\shared\Microsoft.NETCore.App\1.1.0\System.Collections.dll</ModulePath>
      <ModuleTime>2016-11-08T22:08:28Z</ModuleTime>
      <ModuleName>System.Collections</ModuleName>
      <Classes />
    </Module>
    <Module skippedDueTo="Filter" hash="C3-A3-20-7E-3F-2B-7B-82-5F-1D-04-58-B8-A2-DC-6A-B3-EF-29-98">
      <ModulePath>c:\program files\dotnet\shared\Microsoft.NETCore.App\1.1.0\System.Linq.dll</ModulePath>
      <ModuleTime>2016-11-08T22:08:30Z</ModuleTime>
      <ModuleName>System.Linq</ModuleName>
      <Classes />
    </Module>
    <Module skippedDueTo="Filter" hash="33-BA-7C-45-5A-11-BA-6F-E0-BB-94-E5-37-EA-DE-50-27-E0-52-03">
      <ModulePath>c:\program files\dotnet\shared\Microsoft.NETCore.App\1.1.0\System.Runtime.InteropServices.RuntimeInformation.dll</ModulePath>
      <ModuleTime>2016-11-08T22:08:28Z</ModuleTime>
      <ModuleName>System.Runtime.InteropServices.RuntimeInformation</ModuleName>
      <Classes />
    </Module>
    <Module skippedDueTo="Filter" hash="E3-5F-98-1C-DA-35-C6-BA-F6-7F-C5-38-82-8F-DE-5A-FE-0F-A0-35">
      <ModulePath>c:\program files\dotnet\shared\Microsoft.NETCore.App\1.1.0\System.Text.RegularExpressions.dll</ModulePath>
      <ModuleTime>2016-11-08T22:08:26Z</ModuleTime>
      <ModuleName>System.Text.RegularExpressions</ModuleName>
      <Classes />
    </Module>
    <Module skippedDueTo="Filter" hash="73-AD-C2-0B-16-1C-79-BB-ED-EE-CD-23-43-2D-D9-A7-9E-D6-B8-2D">
      <ModulePath>c:\program files\dotnet\shared\Microsoft.NETCore.App\1.1.0\System.IO.FileSystem.dll</ModulePath>
      <ModuleTime>2016-11-08T22:08:38Z</ModuleTime>
      <ModuleName>System.IO.FileSystem</ModuleName>
      <Classes />
    </Module>
    <Module skippedDueTo="Filter" hash="88-31-EF-06-F9-64-5B-07-F2-E8-E6-93-76-B7-A3-F0-20-E0-9F-25">
      <ModulePath>c:\program files\dotnet\shared\Microsoft.NETCore.App\1.1.0\System.IO.FileSystem.Primitives.dll</ModulePath>
      <ModuleTime>2016-11-08T22:08:26Z</ModuleTime>
      <ModuleName>System.IO.FileSystem.Primitives</ModuleName>
      <Classes />
    </Module>
    <Module skippedDueTo="Filter" hash="2C-5B-2A-6A-84-1B-1F-4C-E8-7D-01-E8-82-8E-4C-D6-E6-1F-4C-C8">
      <ModulePath>c:\program files\dotnet\shared\Microsoft.NETCore.App\1.1.0\System.Globalization.dll</ModulePath>
      <ModuleTime>2016-11-08T22:09:00Z</ModuleTime>
      <ModuleName>System.Globalization</ModuleName>
      <Classes />
    </Module>
    <Module skippedDueTo="Filter" hash="B4-16-ED-B8-F4-CA-74-C3-57-CD-92-DD-8F-A7-38-9E-39-B8-67-89">
      <ModulePath>c:\program files\dotnet\sdk\1.0.0-rc4-004771\Microsoft.Build.Framework.dll</ModulePath>
      <ModuleTime>2017-02-06T23:43:00Z</ModuleTime>
      <ModuleName>Microsoft.Build.Framework</ModuleName>
      <Classes />
    </Module>
    <Module skippedDueTo="Filter" hash="43-BB-24-58-84-E8-38-62-FC-E6-B5-B2-51-43-65-71-D8-E9-CB-9E">
      <ModulePath>c:\program files\dotnet\shared\Microsoft.NETCore.App\1.1.0\System.Console.dll</ModulePath>
      <ModuleTime>2016-11-08T22:08:34Z</ModuleTime>
      <ModuleName>System.Console</ModuleName>
      <Classes />
    </Module>
    <Module skippedDueTo="Filter" hash="14-5B-BE-DC-E6-9E-B3-07-D0-4C-7B-E9-94-C5-2F-5B-BF-CB-CC-4D">
      <ModulePath>c:\program files\dotnet\sdk\1.0.0-rc4-004771\System.Collections.NonGeneric.dll</ModulePath>
      <ModuleTime>2017-02-06T23:43:32Z</ModuleTime>
      <ModuleName>System.Collections.NonGeneric</ModuleName>
      <Classes />
    </Module>
    <Module skippedDueTo="Filter" hash="6D-6E-B7-42-41-CF-49-B5-04-CC-B4-3E-B6-C1-5E-07-5D-9B-EA-37">
      <ModulePath>c:\program files\dotnet\sdk\1.0.0-rc4-004771\Microsoft.Build.dll</ModulePath>
      <ModuleTime>2017-02-06T23:43:32Z</ModuleTime>
      <ModuleName>Microsoft.Build</ModuleName>
      <Classes />
    </Module>
    <Module skippedDueTo="Filter" hash="FF-CB-37-AF-65-57-CC-CC-CE-0A-56-9F-2B-74-48-41-D7-76-1C-60">
      <ModulePath>c:\program files\dotnet\shared\Microsoft.NETCore.App\1.1.0\System.Threading.Tasks.dll</ModulePath>
      <ModuleTime>2016-11-08T22:08:44Z</ModuleTime>
      <ModuleName>System.Threading.Tasks</ModuleName>
      <Classes />
    </Module>
    <Module skippedDueTo="Filter" hash="D0-E8-8E-59-E8-33-55-3B-BB-BD-82-00-40-BD-7B-22-93-9A-71-2C">
      <ModulePath>c:\program files\dotnet\sdk\1.0.0-rc4-004771\runtimes\win\lib\netstandard1.3\System.IO.Pipes.dll</ModulePath>
      <ModuleTime>2017-02-06T23:43:30Z</ModuleTime>
      <ModuleName>System.IO.Pipes</ModuleName>
      <Classes />
    </Module>
    <Module skippedDueTo="Filter" hash="56-2E-6A-A4-AF-EA-86-EA-08-67-FF-56-D5-15-EC-4C-D4-B5-A1-1C">
      <ModulePath>c:\program files\dotnet\shared\Microsoft.NETCore.App\1.1.0\System.Text.Encoding.Extensions.dll</ModulePath>
      <ModuleTime>2016-11-08T22:08:30Z</ModuleTime>
      <ModuleName>System.Text.Encoding.Extensions</ModuleName>
      <Classes />
    </Module>
    <Module skippedDueTo="Filter" hash="5E-1E-C6-23-22-BF-B6-6B-53-2F-36-4C-4C-32-89-CA-ED-56-2A-DE">
      <ModulePath>c:\program files\dotnet\shared\Microsoft.NETCore.App\1.1.0\System.Text.Encoding.dll</ModulePath>
      <ModuleTime>2016-11-08T22:08:30Z</ModuleTime>
      <ModuleName>System.Text.Encoding</ModuleName>
      <Classes />
    </Module>
    <Module skippedDueTo="Filter" hash="CE-9B-C0-A8-02-09-2A-85-7B-10-F1-86-D0-15-CE-BD-6A-45-09-08">
      <ModulePath>c:\program files\dotnet\shared\Microsoft.NETCore.App\1.1.0\System.IO.dll</ModulePath>
      <ModuleTime>2016-11-08T22:08:28Z</ModuleTime>
      <ModuleName>System.IO</ModuleName>
      <Classes />
    </Module>
    <Module skippedDueTo="Filter" hash="CC-89-4F-B5-C8-64-88-99-8B-C2-B2-02-36-D0-2F-8C-A3-A4-60-B5">
      <ModulePath>c:\program files\dotnet\shared\Microsoft.NETCore.App\1.1.0\System.Threading.Thread.dll</ModulePath>
      <ModuleTime>2016-11-08T22:08:24Z</ModuleTime>
      <ModuleName>System.Threading.Thread</ModuleName>
      <Classes />
    </Module>
    <Module skippedDueTo="Filter" hash="FE-F8-4C-A1-83-38-C6-BE-01-3F-89-AC-C9-23-85-45-54-EB-2C-CC">
      <ModulePath>c:\program files\dotnet\shared\Microsoft.NETCore.App\1.1.0\System.Security.Cryptography.Algorithms.dll</ModulePath>
      <ModuleTime>2016-11-08T22:09:00Z</ModuleTime>
      <ModuleName>System.Security.Cryptography.Algorithms</ModuleName>
      <Classes />
    </Module>
    <Module skippedDueTo="Filter" hash="1E-D2-01-C4-41-BA-CF-C0-3C-B1-BE-B3-32-14-76-D6-46-6C-D4-EC">
      <ModulePath>c:\program files\dotnet\shared\Microsoft.NETCore.App\1.1.0\System.Security.Cryptography.Primitives.dll</ModulePath>
      <ModuleTime>2016-11-08T22:08:48Z</ModuleTime>
      <ModuleName>System.Security.Cryptography.Primitives</ModuleName>
      <Classes />
    </Module>
    <Module skippedDueTo="Filter" hash="BD-DE-A7-8F-1E-AF-9E-71-2A-B5-57-87-AF-16-D5-1A-9B-B4-D7-C8">
      <ModulePath>c:\program files\dotnet\shared\Microsoft.NETCore.App\1.1.0\System.Private.CoreLib.ni.dll</ModulePath>
      <ModuleTime>2016-11-08T22:08:52Z</ModuleTime>
      <ModuleName>System.Private.CoreLib</ModuleName>
      <Classes />
    </Module>
    <Module skippedDueTo="Filter" hash="3D-F3-9A-F0-42-BD-3D-64-B9-D6-6E-87-21-BE-92-80-43-74-92-C7">
      <ModulePath>c:\program files\dotnet\shared\Microsoft.NETCore.App\1.1.0\System.ObjectModel.dll</ModulePath>
      <ModuleTime>2016-11-08T22:08:32Z</ModuleTime>
      <ModuleName>System.ObjectModel</ModuleName>
      <Classes />
    </Module>
    <Module skippedDueTo="Filter" hash="DD-DD-46-F3-42-9D-27-10-56-F6-13-2E-49-FE-7C-30-3E-08-EF-07">
      <ModulePath>c:\program files\dotnet\shared\Microsoft.NETCore.App\1.1.0\System.Threading.Tasks.Dataflow.dll</ModulePath>
      <ModuleTime>2016-11-08T22:08:34Z</ModuleTime>
      <ModuleName>System.Threading.Tasks.Dataflow</ModuleName>
      <Classes />
    </Module>
    <Module skippedDueTo="Filter" hash="26-4B-73-C5-45-5F-07-BB-D2-50-32-B5-E6-73-AD-0C-13-2E-15-43">
      <ModulePath>c:\program files\dotnet\shared\Microsoft.NETCore.App\1.1.0\System.Diagnostics.Tracing.dll</ModulePath>
      <ModuleTime>2016-11-08T22:08:50Z</ModuleTime>
      <ModuleName>System.Diagnostics.Tracing</ModuleName>
      <Classes />
    </Module>
    <Module skippedDueTo="Filter" hash="A4-6E-55-83-2F-43-DE-A9-B5-EE-C3-02-DC-00-0B-5A-62-AA-C8-2F">
      <ModulePath>c:\program files\dotnet\shared\Microsoft.NETCore.App\1.1.0\System.Collections.Concurrent.dll</ModulePath>
      <ModuleTime>2016-11-08T22:08:50Z</ModuleTime>
      <ModuleName>System.Collections.Concurrent</ModuleName>
      <Classes />
    </Module>
    <Module skippedDueTo="Filter" hash="73-73-12-1A-DA-3C-71-0D-6A-DA-BA-63-32-03-79-94-AC-5E-4B-13">
      <ModulePath>c:\program files\dotnet\shared\Microsoft.NETCore.App\1.1.0\System.Reflection.Extensions.dll</ModulePath>
      <ModuleTime>2016-11-08T22:08:36Z</ModuleTime>
      <ModuleName>System.Reflection.Extensions</ModuleName>
      <Classes />
    </Module>
    <Module skippedDueTo="Filter" hash="6A-04-84-DA-6E-1A-C8-BA-0C-65-9B-25-41-13-BF-90-58-08-9D-4C">
      <ModulePath>c:\program files\dotnet\shared\Microsoft.NETCore.App\1.1.0\System.Resources.ResourceManager.dll</ModulePath>
      <ModuleTime>2016-11-08T22:09:00Z</ModuleTime>
      <ModuleName>System.Resources.ResourceManager</ModuleName>
      <Classes />
    </Module>
    <Module skippedDueTo="Filter" hash="9F-44-8F-C1-41-B5-BA-0F-9B-BE-55-D1-1E-C3-3E-EC-0D-0E-33-0E">
      <ModulePath>c:\program files\dotnet\sdk\1.0.0-rc4-004771\MSBuild.dll</ModulePath>
      <ModuleTime>2017-02-06T23:43:32Z</ModuleTime>
      <ModuleName>MSBuild</ModuleName>
      <Classes />
    </Module>
    <Module skippedDueTo="Filter" hash="97-E8-31-7C-5E-85-00-E7-60-EF-51-C0-C1-67-C5-FE-0E-1B-11-78">
      <ModulePath>c:\program files\dotnet\shared\Microsoft.NETCore.App\1.1.0\System.Runtime.dll</ModulePath>
      <ModuleTime>2016-11-08T22:08:36Z</ModuleTime>
      <ModuleName>System.Runtime</ModuleName>
      <Classes />
    </Module>
    <Module skippedDueTo="Filter" hash="AA-CF-C7-E0-87-32-EE-4D-E5-D5-60-8A-68-9B-E6-B9-D4-AE-41-8C">
      <ModulePath>c:\program files\dotnet\shared\Microsoft.NETCore.App\1.1.0\mscorlib.dll</ModulePath>
      <ModuleTime>2016-10-28T17:57:54Z</ModuleTime>
      <ModuleName>mscorlib</ModuleName>
      <Classes />
    </Module>
    <Module skippedDueTo="Filter" hash="E9-B5-2A-6A-91-3D-AF-96-DB-8F-16-86-F3-69-AF-75-B1-A8-8B-C4">
      <ModulePath>c:\program files\dotnet\shared\Microsoft.NETCore.App\1.1.0\System.Threading.dll</ModulePath>
      <ModuleTime>2016-11-08T22:08:28Z</ModuleTime>
      <ModuleName>System.Threading</ModuleName>
      <Classes />
    </Module>
    <Module skippedDueTo="Filter" hash="32-EA-E9-B0-86-D5-50-21-8F-6D-50-E1-E4-83-BB-B9-5C-BD-11-27">
      <ModulePath>c:\program files\dotnet\shared\Microsoft.NETCore.App\1.1.0\System.Reflection.dll</ModulePath>
      <ModuleTime>2016-11-08T22:08:38Z</ModuleTime>
      <ModuleName>System.Reflection</ModuleName>
      <Classes />
    </Module>
    <Module skippedDueTo="Filter" hash="16-7B-6D-E1-BE-1D-4A-B4-A4-AC-3F-12-3D-46-E9-02-07-78-0C-3A">
      <ModulePath>c:\program files\dotnet\shared\Microsoft.NETCore.App\1.1.0\System.Reflection.TypeExtensions.dll</ModulePath>
      <ModuleTime>2016-11-08T22:08:40Z</ModuleTime>
      <ModuleName>System.Reflection.TypeExtensions</ModuleName>
      <Classes />
    </Module>
    <Module skippedDueTo="Filter" hash="88-A2-06-4C-3C-23-45-6B-68-3D-0B-E7-6C-1C-42-BA-76-48-19-01">
      <ModulePath>c:\program files\dotnet\shared\Microsoft.NETCore.App\1.1.0\System.Runtime.Extensions.dll</ModulePath>
      <ModuleTime>2016-11-08T22:08:38Z</ModuleTime>
      <ModuleName>System.Runtime.Extensions</ModuleName>
      <Classes />
    </Module>
    <Module skippedDueTo="Filter" hash="43-4E-EE-E2-3D-F2-07-50-AD-EC-23-4A-47-A6-31-FF-CC-4B-F1-4D">
      <ModulePath>c:\program files\dotnet\shared\Microsoft.NETCore.App\1.1.0\System.Diagnostics.Process.dll</ModulePath>
      <ModuleTime>2016-11-08T22:08:30Z</ModuleTime>
      <ModuleName>System.Diagnostics.Process</ModuleName>
      <Classes />
    </Module>
    <Module skippedDueTo="Filter" hash="9C-A7-0D-C9-7B-1A-06-A4-6A-EC-EB-5B-A6-EF-D8-5D-C9-10-E5-66">
      <ModulePath>c:\program files\dotnet\shared\Microsoft.NETCore.App\1.1.0\System.Runtime.InteropServices.dll</ModulePath>
      <ModuleTime>2016-11-08T22:08:50Z</ModuleTime>
      <ModuleName>System.Runtime.InteropServices</ModuleName>
      <Classes />
    </Module>
    <Module skippedDueTo="Filter" hash="A0-B7-A6-47-D8-23-AA-21-BD-3F-39-BA-48-2E-72-DB-A7-F3-3E-6C">
      <ModulePath>c:\program files\dotnet\shared\Microsoft.NETCore.App\1.1.0\System.Runtime.Handles.dll</ModulePath>
      <ModuleTime>2016-11-08T22:08:34Z</ModuleTime>
      <ModuleName>System.Runtime.Handles</ModuleName>
      <Classes />
    </Module>
    <Module skippedDueTo="Filter" hash="34-34-76-CE-B5-21-B9-DC-ED-DB-4D-A7-7D-96-A1-7F-17-CC-6E-A8">
      <ModulePath>c:\program files\dotnet\shared\Microsoft.NETCore.App\1.1.0\System.Collections.dll</ModulePath>
      <ModuleTime>2016-11-08T22:08:28Z</ModuleTime>
      <ModuleName>System.Collections</ModuleName>
      <Classes />
    </Module>
    <Module skippedDueTo="Filter" hash="C3-A3-20-7E-3F-2B-7B-82-5F-1D-04-58-B8-A2-DC-6A-B3-EF-29-98">
      <ModulePath>c:\program files\dotnet\shared\Microsoft.NETCore.App\1.1.0\System.Linq.dll</ModulePath>
      <ModuleTime>2016-11-08T22:08:30Z</ModuleTime>
      <ModuleName>System.Linq</ModuleName>
      <Classes />
    </Module>
    <Module skippedDueTo="Filter" hash="33-BA-7C-45-5A-11-BA-6F-E0-BB-94-E5-37-EA-DE-50-27-E0-52-03">
      <ModulePath>c:\program files\dotnet\shared\Microsoft.NETCore.App\1.1.0\System.Runtime.InteropServices.RuntimeInformation.dll</ModulePath>
      <ModuleTime>2016-11-08T22:08:28Z</ModuleTime>
      <ModuleName>System.Runtime.InteropServices.RuntimeInformation</ModuleName>
      <Classes />
    </Module>
    <Module skippedDueTo="Filter" hash="E3-5F-98-1C-DA-35-C6-BA-F6-7F-C5-38-82-8F-DE-5A-FE-0F-A0-35">
      <ModulePath>c:\program files\dotnet\shared\Microsoft.NETCore.App\1.1.0\System.Text.RegularExpressions.dll</ModulePath>
      <ModuleTime>2016-11-08T22:08:26Z</ModuleTime>
      <ModuleName>System.Text.RegularExpressions</ModuleName>
      <Classes />
    </Module>
    <Module skippedDueTo="Filter" hash="73-AD-C2-0B-16-1C-79-BB-ED-EE-CD-23-43-2D-D9-A7-9E-D6-B8-2D">
      <ModulePath>c:\program files\dotnet\shared\Microsoft.NETCore.App\1.1.0\System.IO.FileSystem.dll</ModulePath>
      <ModuleTime>2016-11-08T22:08:38Z</ModuleTime>
      <ModuleName>System.IO.FileSystem</ModuleName>
      <Classes />
    </Module>
    <Module skippedDueTo="Filter" hash="88-31-EF-06-F9-64-5B-07-F2-E8-E6-93-76-B7-A3-F0-20-E0-9F-25">
      <ModulePath>c:\program files\dotnet\shared\Microsoft.NETCore.App\1.1.0\System.IO.FileSystem.Primitives.dll</ModulePath>
      <ModuleTime>2016-11-08T22:08:26Z</ModuleTime>
      <ModuleName>System.IO.FileSystem.Primitives</ModuleName>
      <Classes />
    </Module>
    <Module skippedDueTo="Filter" hash="2C-5B-2A-6A-84-1B-1F-4C-E8-7D-01-E8-82-8E-4C-D6-E6-1F-4C-C8">
      <ModulePath>c:\program files\dotnet\shared\Microsoft.NETCore.App\1.1.0\System.Globalization.dll</ModulePath>
      <ModuleTime>2016-11-08T22:09:00Z</ModuleTime>
      <ModuleName>System.Globalization</ModuleName>
      <Classes />
    </Module>
    <Module skippedDueTo="Filter" hash="B4-16-ED-B8-F4-CA-74-C3-57-CD-92-DD-8F-A7-38-9E-39-B8-67-89">
      <ModulePath>c:\program files\dotnet\sdk\1.0.0-rc4-004771\Microsoft.Build.Framework.dll</ModulePath>
      <ModuleTime>2017-02-06T23:43:00Z</ModuleTime>
      <ModuleName>Microsoft.Build.Framework</ModuleName>
      <Classes />
    </Module>
    <Module skippedDueTo="Filter" hash="43-BB-24-58-84-E8-38-62-FC-E6-B5-B2-51-43-65-71-D8-E9-CB-9E">
      <ModulePath>c:\program files\dotnet\shared\Microsoft.NETCore.App\1.1.0\System.Console.dll</ModulePath>
      <ModuleTime>2016-11-08T22:08:34Z</ModuleTime>
      <ModuleName>System.Console</ModuleName>
      <Classes />
    </Module>
    <Module skippedDueTo="Filter" hash="14-5B-BE-DC-E6-9E-B3-07-D0-4C-7B-E9-94-C5-2F-5B-BF-CB-CC-4D">
      <ModulePath>c:\program files\dotnet\sdk\1.0.0-rc4-004771\System.Collections.NonGeneric.dll</ModulePath>
      <ModuleTime>2017-02-06T23:43:32Z</ModuleTime>
      <ModuleName>System.Collections.NonGeneric</ModuleName>
      <Classes />
    </Module>
    <Module skippedDueTo="Filter" hash="6D-6E-B7-42-41-CF-49-B5-04-CC-B4-3E-B6-C1-5E-07-5D-9B-EA-37">
      <ModulePath>c:\program files\dotnet\sdk\1.0.0-rc4-004771\Microsoft.Build.dll</ModulePath>
      <ModuleTime>2017-02-06T23:43:32Z</ModuleTime>
      <ModuleName>Microsoft.Build</ModuleName>
      <Classes />
    </Module>
    <Module skippedDueTo="Filter" hash="FF-CB-37-AF-65-57-CC-CC-CE-0A-56-9F-2B-74-48-41-D7-76-1C-60">
      <ModulePath>c:\program files\dotnet\shared\Microsoft.NETCore.App\1.1.0\System.Threading.Tasks.dll</ModulePath>
      <ModuleTime>2016-11-08T22:08:44Z</ModuleTime>
      <ModuleName>System.Threading.Tasks</ModuleName>
      <Classes />
    </Module>
    <Module skippedDueTo="Filter" hash="D0-E8-8E-59-E8-33-55-3B-BB-BD-82-00-40-BD-7B-22-93-9A-71-2C">
      <ModulePath>c:\program files\dotnet\sdk\1.0.0-rc4-004771\runtimes\win\lib\netstandard1.3\System.IO.Pipes.dll</ModulePath>
      <ModuleTime>2017-02-06T23:43:30Z</ModuleTime>
      <ModuleName>System.IO.Pipes</ModuleName>
      <Classes />
    </Module>
    <Module skippedDueTo="Filter" hash="56-2E-6A-A4-AF-EA-86-EA-08-67-FF-56-D5-15-EC-4C-D4-B5-A1-1C">
      <ModulePath>c:\program files\dotnet\shared\Microsoft.NETCore.App\1.1.0\System.Text.Encoding.Extensions.dll</ModulePath>
      <ModuleTime>2016-11-08T22:08:30Z</ModuleTime>
      <ModuleName>System.Text.Encoding.Extensions</ModuleName>
      <Classes />
    </Module>
    <Module skippedDueTo="Filter" hash="5E-1E-C6-23-22-BF-B6-6B-53-2F-36-4C-4C-32-89-CA-ED-56-2A-DE">
      <ModulePath>c:\program files\dotnet\shared\Microsoft.NETCore.App\1.1.0\System.Text.Encoding.dll</ModulePath>
      <ModuleTime>2016-11-08T22:08:30Z</ModuleTime>
      <ModuleName>System.Text.Encoding</ModuleName>
      <Classes />
    </Module>
    <Module skippedDueTo="Filter" hash="CE-9B-C0-A8-02-09-2A-85-7B-10-F1-86-D0-15-CE-BD-6A-45-09-08">
      <ModulePath>c:\program files\dotnet\shared\Microsoft.NETCore.App\1.1.0\System.IO.dll</ModulePath>
      <ModuleTime>2016-11-08T22:08:28Z</ModuleTime>
      <ModuleName>System.IO</ModuleName>
      <Classes />
    </Module>
    <Module skippedDueTo="Filter" hash="CC-89-4F-B5-C8-64-88-99-8B-C2-B2-02-36-D0-2F-8C-A3-A4-60-B5">
      <ModulePath>c:\program files\dotnet\shared\Microsoft.NETCore.App\1.1.0\System.Threading.Thread.dll</ModulePath>
      <ModuleTime>2016-11-08T22:08:24Z</ModuleTime>
      <ModuleName>System.Threading.Thread</ModuleName>
      <Classes />
    </Module>
    <Module skippedDueTo="Filter" hash="BD-DE-A7-8F-1E-AF-9E-71-2A-B5-57-87-AF-16-D5-1A-9B-B4-D7-C8">
      <ModulePath>c:\program files\dotnet\shared\Microsoft.NETCore.App\1.1.0\System.Private.CoreLib.ni.dll</ModulePath>
      <ModuleTime>2016-11-08T22:08:52Z</ModuleTime>
      <ModuleName>System.Private.CoreLib</ModuleName>
      <Classes />
    </Module>
    <Module skippedDueTo="Filter" hash="3D-F3-9A-F0-42-BD-3D-64-B9-D6-6E-87-21-BE-92-80-43-74-92-C7">
      <ModulePath>c:\program files\dotnet\shared\Microsoft.NETCore.App\1.1.0\System.ObjectModel.dll</ModulePath>
      <ModuleTime>2016-11-08T22:08:32Z</ModuleTime>
      <ModuleName>System.ObjectModel</ModuleName>
      <Classes />
    </Module>
    <Module skippedDueTo="Filter" hash="DD-DD-46-F3-42-9D-27-10-56-F6-13-2E-49-FE-7C-30-3E-08-EF-07">
      <ModulePath>c:\program files\dotnet\shared\Microsoft.NETCore.App\1.1.0\System.Threading.Tasks.Dataflow.dll</ModulePath>
      <ModuleTime>2016-11-08T22:08:34Z</ModuleTime>
      <ModuleName>System.Threading.Tasks.Dataflow</ModuleName>
      <Classes />
    </Module>
    <Module skippedDueTo="Filter" hash="26-4B-73-C5-45-5F-07-BB-D2-50-32-B5-E6-73-AD-0C-13-2E-15-43">
      <ModulePath>c:\program files\dotnet\shared\Microsoft.NETCore.App\1.1.0\System.Diagnostics.Tracing.dll</ModulePath>
      <ModuleTime>2016-11-08T22:08:50Z</ModuleTime>
      <ModuleName>System.Diagnostics.Tracing</ModuleName>
      <Classes />
    </Module>
    <Module skippedDueTo="Filter" hash="A4-6E-55-83-2F-43-DE-A9-B5-EE-C3-02-DC-00-0B-5A-62-AA-C8-2F">
      <ModulePath>c:\program files\dotnet\shared\Microsoft.NETCore.App\1.1.0\System.Collections.Concurrent.dll</ModulePath>
      <ModuleTime>2016-11-08T22:08:50Z</ModuleTime>
      <ModuleName>System.Collections.Concurrent</ModuleName>
      <Classes />
    </Module>
    <Module skippedDueTo="Filter" hash="73-73-12-1A-DA-3C-71-0D-6A-DA-BA-63-32-03-79-94-AC-5E-4B-13">
      <ModulePath>c:\program files\dotnet\shared\Microsoft.NETCore.App\1.1.0\System.Reflection.Extensions.dll</ModulePath>
      <ModuleTime>2016-11-08T22:08:36Z</ModuleTime>
      <ModuleName>System.Reflection.Extensions</ModuleName>
      <Classes />
    </Module>
    <Module skippedDueTo="Filter" hash="9F-44-8F-C1-41-B5-BA-0F-9B-BE-55-D1-1E-C3-3E-EC-0D-0E-33-0E">
      <ModulePath>c:\program files\dotnet\sdk\1.0.0-rc4-004771\MSBuild.dll</ModulePath>
      <ModuleTime>2017-02-06T23:43:32Z</ModuleTime>
      <ModuleName>MSBuild</ModuleName>
      <Classes />
    </Module>
    <Module skippedDueTo="Filter" hash="97-E8-31-7C-5E-85-00-E7-60-EF-51-C0-C1-67-C5-FE-0E-1B-11-78">
      <ModulePath>c:\program files\dotnet\shared\Microsoft.NETCore.App\1.1.0\System.Runtime.dll</ModulePath>
      <ModuleTime>2016-11-08T22:08:36Z</ModuleTime>
      <ModuleName>System.Runtime</ModuleName>
      <Classes />
    </Module>
    <Module skippedDueTo="Filter" hash="AA-CF-C7-E0-87-32-EE-4D-E5-D5-60-8A-68-9B-E6-B9-D4-AE-41-8C">
      <ModulePath>c:\program files\dotnet\shared\Microsoft.NETCore.App\1.1.0\mscorlib.dll</ModulePath>
      <ModuleTime>2016-10-28T17:57:54Z</ModuleTime>
      <ModuleName>mscorlib</ModuleName>
      <Classes />
    </Module>
    <Module skippedDueTo="Filter" hash="E9-B5-2A-6A-91-3D-AF-96-DB-8F-16-86-F3-69-AF-75-B1-A8-8B-C4">
      <ModulePath>c:\program files\dotnet\shared\Microsoft.NETCore.App\1.1.0\System.Threading.dll</ModulePath>
      <ModuleTime>2016-11-08T22:08:28Z</ModuleTime>
      <ModuleName>System.Threading</ModuleName>
      <Classes />
    </Module>
    <Module skippedDueTo="Filter" hash="6A-04-84-DA-6E-1A-C8-BA-0C-65-9B-25-41-13-BF-90-58-08-9D-4C">
      <ModulePath>c:\program files\dotnet\shared\Microsoft.NETCore.App\1.1.0\System.Resources.ResourceManager.dll</ModulePath>
      <ModuleTime>2016-11-08T22:09:00Z</ModuleTime>
      <ModuleName>System.Resources.ResourceManager</ModuleName>
      <Classes />
    </Module>
    <Module skippedDueTo="Filter" hash="32-EA-E9-B0-86-D5-50-21-8F-6D-50-E1-E4-83-BB-B9-5C-BD-11-27">
      <ModulePath>c:\program files\dotnet\shared\Microsoft.NETCore.App\1.1.0\System.Reflection.dll</ModulePath>
      <ModuleTime>2016-11-08T22:08:38Z</ModuleTime>
      <ModuleName>System.Reflection</ModuleName>
      <Classes />
    </Module>
    <Module skippedDueTo="Filter" hash="16-7B-6D-E1-BE-1D-4A-B4-A4-AC-3F-12-3D-46-E9-02-07-78-0C-3A">
      <ModulePath>c:\program files\dotnet\shared\Microsoft.NETCore.App\1.1.0\System.Reflection.TypeExtensions.dll</ModulePath>
      <ModuleTime>2016-11-08T22:08:40Z</ModuleTime>
      <ModuleName>System.Reflection.TypeExtensions</ModuleName>
      <Classes />
    </Module>
    <Module skippedDueTo="Filter" hash="88-A2-06-4C-3C-23-45-6B-68-3D-0B-E7-6C-1C-42-BA-76-48-19-01">
      <ModulePath>c:\program files\dotnet\shared\Microsoft.NETCore.App\1.1.0\System.Runtime.Extensions.dll</ModulePath>
      <ModuleTime>2016-11-08T22:08:38Z</ModuleTime>
      <ModuleName>System.Runtime.Extensions</ModuleName>
      <Classes />
    </Module>
    <Module skippedDueTo="Filter" hash="43-4E-EE-E2-3D-F2-07-50-AD-EC-23-4A-47-A6-31-FF-CC-4B-F1-4D">
      <ModulePath>c:\program files\dotnet\shared\Microsoft.NETCore.App\1.1.0\System.Diagnostics.Process.dll</ModulePath>
      <ModuleTime>2016-11-08T22:08:30Z</ModuleTime>
      <ModuleName>System.Diagnostics.Process</ModuleName>
      <Classes />
    </Module>
    <Module skippedDueTo="Filter" hash="9C-A7-0D-C9-7B-1A-06-A4-6A-EC-EB-5B-A6-EF-D8-5D-C9-10-E5-66">
      <ModulePath>c:\program files\dotnet\shared\Microsoft.NETCore.App\1.1.0\System.Runtime.InteropServices.dll</ModulePath>
      <ModuleTime>2016-11-08T22:08:50Z</ModuleTime>
      <ModuleName>System.Runtime.InteropServices</ModuleName>
      <Classes />
    </Module>
    <Module skippedDueTo="Filter" hash="A0-B7-A6-47-D8-23-AA-21-BD-3F-39-BA-48-2E-72-DB-A7-F3-3E-6C">
      <ModulePath>c:\program files\dotnet\shared\Microsoft.NETCore.App\1.1.0\System.Runtime.Handles.dll</ModulePath>
      <ModuleTime>2016-11-08T22:08:34Z</ModuleTime>
      <ModuleName>System.Runtime.Handles</ModuleName>
      <Classes />
    </Module>
    <Module skippedDueTo="Filter" hash="34-34-76-CE-B5-21-B9-DC-ED-DB-4D-A7-7D-96-A1-7F-17-CC-6E-A8">
      <ModulePath>c:\program files\dotnet\shared\Microsoft.NETCore.App\1.1.0\System.Collections.dll</ModulePath>
      <ModuleTime>2016-11-08T22:08:28Z</ModuleTime>
      <ModuleName>System.Collections</ModuleName>
      <Classes />
    </Module>
    <Module skippedDueTo="Filter" hash="C3-A3-20-7E-3F-2B-7B-82-5F-1D-04-58-B8-A2-DC-6A-B3-EF-29-98">
      <ModulePath>c:\program files\dotnet\shared\Microsoft.NETCore.App\1.1.0\System.Linq.dll</ModulePath>
      <ModuleTime>2016-11-08T22:08:30Z</ModuleTime>
      <ModuleName>System.Linq</ModuleName>
      <Classes />
    </Module>
    <Module skippedDueTo="Filter" hash="33-BA-7C-45-5A-11-BA-6F-E0-BB-94-E5-37-EA-DE-50-27-E0-52-03">
      <ModulePath>c:\program files\dotnet\shared\Microsoft.NETCore.App\1.1.0\System.Runtime.InteropServices.RuntimeInformation.dll</ModulePath>
      <ModuleTime>2016-11-08T22:08:28Z</ModuleTime>
      <ModuleName>System.Runtime.InteropServices.RuntimeInformation</ModuleName>
      <Classes />
    </Module>
    <Module skippedDueTo="Filter" hash="E3-5F-98-1C-DA-35-C6-BA-F6-7F-C5-38-82-8F-DE-5A-FE-0F-A0-35">
      <ModulePath>c:\program files\dotnet\shared\Microsoft.NETCore.App\1.1.0\System.Text.RegularExpressions.dll</ModulePath>
      <ModuleTime>2016-11-08T22:08:26Z</ModuleTime>
      <ModuleName>System.Text.RegularExpressions</ModuleName>
      <Classes />
    </Module>
    <Module skippedDueTo="Filter" hash="73-AD-C2-0B-16-1C-79-BB-ED-EE-CD-23-43-2D-D9-A7-9E-D6-B8-2D">
      <ModulePath>c:\program files\dotnet\shared\Microsoft.NETCore.App\1.1.0\System.IO.FileSystem.dll</ModulePath>
      <ModuleTime>2016-11-08T22:08:38Z</ModuleTime>
      <ModuleName>System.IO.FileSystem</ModuleName>
      <Classes />
    </Module>
    <Module skippedDueTo="Filter" hash="88-31-EF-06-F9-64-5B-07-F2-E8-E6-93-76-B7-A3-F0-20-E0-9F-25">
      <ModulePath>c:\program files\dotnet\shared\Microsoft.NETCore.App\1.1.0\System.IO.FileSystem.Primitives.dll</ModulePath>
      <ModuleTime>2016-11-08T22:08:26Z</ModuleTime>
      <ModuleName>System.IO.FileSystem.Primitives</ModuleName>
      <Classes />
    </Module>
    <Module skippedDueTo="Filter" hash="2C-5B-2A-6A-84-1B-1F-4C-E8-7D-01-E8-82-8E-4C-D6-E6-1F-4C-C8">
      <ModulePath>c:\program files\dotnet\shared\Microsoft.NETCore.App\1.1.0\System.Globalization.dll</ModulePath>
      <ModuleTime>2016-11-08T22:09:00Z</ModuleTime>
      <ModuleName>System.Globalization</ModuleName>
      <Classes />
    </Module>
    <Module skippedDueTo="Filter" hash="B4-16-ED-B8-F4-CA-74-C3-57-CD-92-DD-8F-A7-38-9E-39-B8-67-89">
      <ModulePath>c:\program files\dotnet\sdk\1.0.0-rc4-004771\Microsoft.Build.Framework.dll</ModulePath>
      <ModuleTime>2017-02-06T23:43:00Z</ModuleTime>
      <ModuleName>Microsoft.Build.Framework</ModuleName>
      <Classes />
    </Module>
    <Module skippedDueTo="Filter" hash="43-BB-24-58-84-E8-38-62-FC-E6-B5-B2-51-43-65-71-D8-E9-CB-9E">
      <ModulePath>c:\program files\dotnet\shared\Microsoft.NETCore.App\1.1.0\System.Console.dll</ModulePath>
      <ModuleTime>2016-11-08T22:08:34Z</ModuleTime>
      <ModuleName>System.Console</ModuleName>
      <Classes />
    </Module>
    <Module skippedDueTo="Filter" hash="14-5B-BE-DC-E6-9E-B3-07-D0-4C-7B-E9-94-C5-2F-5B-BF-CB-CC-4D">
      <ModulePath>c:\program files\dotnet\sdk\1.0.0-rc4-004771\System.Collections.NonGeneric.dll</ModulePath>
      <ModuleTime>2017-02-06T23:43:32Z</ModuleTime>
      <ModuleName>System.Collections.NonGeneric</ModuleName>
      <Classes />
    </Module>
    <Module skippedDueTo="Filter" hash="6D-6E-B7-42-41-CF-49-B5-04-CC-B4-3E-B6-C1-5E-07-5D-9B-EA-37">
      <ModulePath>c:\program files\dotnet\sdk\1.0.0-rc4-004771\Microsoft.Build.dll</ModulePath>
      <ModuleTime>2017-02-06T23:43:32Z</ModuleTime>
      <ModuleName>Microsoft.Build</ModuleName>
      <Classes />
    </Module>
    <Module skippedDueTo="Filter" hash="FF-CB-37-AF-65-57-CC-CC-CE-0A-56-9F-2B-74-48-41-D7-76-1C-60">
      <ModulePath>c:\program files\dotnet\shared\Microsoft.NETCore.App\1.1.0\System.Threading.Tasks.dll</ModulePath>
      <ModuleTime>2016-11-08T22:08:44Z</ModuleTime>
      <ModuleName>System.Threading.Tasks</ModuleName>
      <Classes />
    </Module>
    <Module skippedDueTo="Filter" hash="D0-E8-8E-59-E8-33-55-3B-BB-BD-82-00-40-BD-7B-22-93-9A-71-2C">
      <ModulePath>c:\program files\dotnet\sdk\1.0.0-rc4-004771\runtimes\win\lib\netstandard1.3\System.IO.Pipes.dll</ModulePath>
      <ModuleTime>2017-02-06T23:43:30Z</ModuleTime>
      <ModuleName>System.IO.Pipes</ModuleName>
      <Classes />
    </Module>
    <Module skippedDueTo="Filter" hash="56-2E-6A-A4-AF-EA-86-EA-08-67-FF-56-D5-15-EC-4C-D4-B5-A1-1C">
      <ModulePath>c:\program files\dotnet\shared\Microsoft.NETCore.App\1.1.0\System.Text.Encoding.Extensions.dll</ModulePath>
      <ModuleTime>2016-11-08T22:08:30Z</ModuleTime>
      <ModuleName>System.Text.Encoding.Extensions</ModuleName>
      <Classes />
    </Module>
    <Module skippedDueTo="Filter" hash="5E-1E-C6-23-22-BF-B6-6B-53-2F-36-4C-4C-32-89-CA-ED-56-2A-DE">
      <ModulePath>c:\program files\dotnet\shared\Microsoft.NETCore.App\1.1.0\System.Text.Encoding.dll</ModulePath>
      <ModuleTime>2016-11-08T22:08:30Z</ModuleTime>
      <ModuleName>System.Text.Encoding</ModuleName>
      <Classes />
    </Module>
    <Module skippedDueTo="Filter" hash="CE-9B-C0-A8-02-09-2A-85-7B-10-F1-86-D0-15-CE-BD-6A-45-09-08">
      <ModulePath>c:\program files\dotnet\shared\Microsoft.NETCore.App\1.1.0\System.IO.dll</ModulePath>
      <ModuleTime>2016-11-08T22:08:28Z</ModuleTime>
      <ModuleName>System.IO</ModuleName>
      <Classes />
    </Module>
    <Module skippedDueTo="Filter" hash="CC-89-4F-B5-C8-64-88-99-8B-C2-B2-02-36-D0-2F-8C-A3-A4-60-B5">
      <ModulePath>c:\program files\dotnet\shared\Microsoft.NETCore.App\1.1.0\System.Threading.Thread.dll</ModulePath>
      <ModuleTime>2016-11-08T22:08:24Z</ModuleTime>
      <ModuleName>System.Threading.Thread</ModuleName>
      <Classes />
    </Module>
    <Module skippedDueTo="Filter" hash="3D-F3-9A-F0-42-BD-3D-64-B9-D6-6E-87-21-BE-92-80-43-74-92-C7">
      <ModulePath>c:\program files\dotnet\shared\Microsoft.NETCore.App\1.1.0\System.ObjectModel.dll</ModulePath>
      <ModuleTime>2016-11-08T22:08:32Z</ModuleTime>
      <ModuleName>System.ObjectModel</ModuleName>
      <Classes />
    </Module>
    <Module skippedDueTo="Filter" hash="DD-DD-46-F3-42-9D-27-10-56-F6-13-2E-49-FE-7C-30-3E-08-EF-07">
      <ModulePath>c:\program files\dotnet\shared\Microsoft.NETCore.App\1.1.0\System.Threading.Tasks.Dataflow.dll</ModulePath>
      <ModuleTime>2016-11-08T22:08:34Z</ModuleTime>
      <ModuleName>System.Threading.Tasks.Dataflow</ModuleName>
      <Classes />
    </Module>
    <Module skippedDueTo="Filter" hash="26-4B-73-C5-45-5F-07-BB-D2-50-32-B5-E6-73-AD-0C-13-2E-15-43">
      <ModulePath>c:\program files\dotnet\shared\Microsoft.NETCore.App\1.1.0\System.Diagnostics.Tracing.dll</ModulePath>
      <ModuleTime>2016-11-08T22:08:50Z</ModuleTime>
      <ModuleName>System.Diagnostics.Tracing</ModuleName>
      <Classes />
    </Module>
    <Module skippedDueTo="Filter" hash="A4-6E-55-83-2F-43-DE-A9-B5-EE-C3-02-DC-00-0B-5A-62-AA-C8-2F">
      <ModulePath>c:\program files\dotnet\shared\Microsoft.NETCore.App\1.1.0\System.Collections.Concurrent.dll</ModulePath>
      <ModuleTime>2016-11-08T22:08:50Z</ModuleTime>
      <ModuleName>System.Collections.Concurrent</ModuleName>
      <Classes />
    </Module>
    <Module skippedDueTo="Filter" hash="73-73-12-1A-DA-3C-71-0D-6A-DA-BA-63-32-03-79-94-AC-5E-4B-13">
      <ModulePath>c:\program files\dotnet\shared\Microsoft.NETCore.App\1.1.0\System.Reflection.Extensions.dll</ModulePath>
      <ModuleTime>2016-11-08T22:08:36Z</ModuleTime>
      <ModuleName>System.Reflection.Extensions</ModuleName>
      <Classes />
    </Module>
    <Module skippedDueTo="Filter" hash="6A-04-84-DA-6E-1A-C8-BA-0C-65-9B-25-41-13-BF-90-58-08-9D-4C">
      <ModulePath>c:\program files\dotnet\shared\Microsoft.NETCore.App\1.1.0\System.Resources.ResourceManager.dll</ModulePath>
      <ModuleTime>2016-11-08T22:09:00Z</ModuleTime>
      <ModuleName>System.Resources.ResourceManager</ModuleName>
      <Classes />
    </Module>
    <Module skippedDueTo="Filter" hash="BD-DE-A7-8F-1E-AF-9E-71-2A-B5-57-87-AF-16-D5-1A-9B-B4-D7-C8">
      <ModulePath>c:\program files\dotnet\shared\Microsoft.NETCore.App\1.1.0\System.Private.CoreLib.ni.dll</ModulePath>
      <ModuleTime>2016-11-08T22:08:52Z</ModuleTime>
      <ModuleName>System.Private.CoreLib</ModuleName>
      <Classes />
    </Module>
    <Module skippedDueTo="Filter" hash="9F-44-8F-C1-41-B5-BA-0F-9B-BE-55-D1-1E-C3-3E-EC-0D-0E-33-0E">
      <ModulePath>c:\program files\dotnet\sdk\1.0.0-rc4-004771\MSBuild.dll</ModulePath>
      <ModuleTime>2017-02-06T23:43:32Z</ModuleTime>
      <ModuleName>MSBuild</ModuleName>
      <Classes />
    </Module>
    <Module skippedDueTo="Filter" hash="97-E8-31-7C-5E-85-00-E7-60-EF-51-C0-C1-67-C5-FE-0E-1B-11-78">
      <ModulePath>c:\program files\dotnet\shared\Microsoft.NETCore.App\1.1.0\System.Runtime.dll</ModulePath>
      <ModuleTime>2016-11-08T22:08:36Z</ModuleTime>
      <ModuleName>System.Runtime</ModuleName>
      <Classes />
    </Module>
    <Module skippedDueTo="Filter" hash="AA-CF-C7-E0-87-32-EE-4D-E5-D5-60-8A-68-9B-E6-B9-D4-AE-41-8C">
      <ModulePath>c:\program files\dotnet\shared\Microsoft.NETCore.App\1.1.0\mscorlib.dll</ModulePath>
      <ModuleTime>2016-10-28T17:57:54Z</ModuleTime>
      <ModuleName>mscorlib</ModuleName>
      <Classes />
    </Module>
    <Module skippedDueTo="Filter" hash="E9-B5-2A-6A-91-3D-AF-96-DB-8F-16-86-F3-69-AF-75-B1-A8-8B-C4">
      <ModulePath>c:\program files\dotnet\shared\Microsoft.NETCore.App\1.1.0\System.Threading.dll</ModulePath>
      <ModuleTime>2016-11-08T22:08:28Z</ModuleTime>
      <ModuleName>System.Threading</ModuleName>
      <Classes />
    </Module>
    <Module skippedDueTo="Filter" hash="32-EA-E9-B0-86-D5-50-21-8F-6D-50-E1-E4-83-BB-B9-5C-BD-11-27">
      <ModulePath>c:\program files\dotnet\shared\Microsoft.NETCore.App\1.1.0\System.Reflection.dll</ModulePath>
      <ModuleTime>2016-11-08T22:08:38Z</ModuleTime>
      <ModuleName>System.Reflection</ModuleName>
      <Classes />
    </Module>
    <Module skippedDueTo="Filter" hash="16-7B-6D-E1-BE-1D-4A-B4-A4-AC-3F-12-3D-46-E9-02-07-78-0C-3A">
      <ModulePath>c:\program files\dotnet\shared\Microsoft.NETCore.App\1.1.0\System.Reflection.TypeExtensions.dll</ModulePath>
      <ModuleTime>2016-11-08T22:08:40Z</ModuleTime>
      <ModuleName>System.Reflection.TypeExtensions</ModuleName>
      <Classes />
    </Module>
    <Module skippedDueTo="Filter" hash="88-A2-06-4C-3C-23-45-6B-68-3D-0B-E7-6C-1C-42-BA-76-48-19-01">
      <ModulePath>c:\program files\dotnet\shared\Microsoft.NETCore.App\1.1.0\System.Runtime.Extensions.dll</ModulePath>
      <ModuleTime>2016-11-08T22:08:38Z</ModuleTime>
      <ModuleName>System.Runtime.Extensions</ModuleName>
      <Classes />
    </Module>
    <Module skippedDueTo="Filter" hash="43-4E-EE-E2-3D-F2-07-50-AD-EC-23-4A-47-A6-31-FF-CC-4B-F1-4D">
      <ModulePath>c:\program files\dotnet\shared\Microsoft.NETCore.App\1.1.0\System.Diagnostics.Process.dll</ModulePath>
      <ModuleTime>2016-11-08T22:08:30Z</ModuleTime>
      <ModuleName>System.Diagnostics.Process</ModuleName>
      <Classes />
    </Module>
    <Module skippedDueTo="Filter" hash="9C-A7-0D-C9-7B-1A-06-A4-6A-EC-EB-5B-A6-EF-D8-5D-C9-10-E5-66">
      <ModulePath>c:\program files\dotnet\shared\Microsoft.NETCore.App\1.1.0\System.Runtime.InteropServices.dll</ModulePath>
      <ModuleTime>2016-11-08T22:08:50Z</ModuleTime>
      <ModuleName>System.Runtime.InteropServices</ModuleName>
      <Classes />
    </Module>
    <Module skippedDueTo="Filter" hash="A0-B7-A6-47-D8-23-AA-21-BD-3F-39-BA-48-2E-72-DB-A7-F3-3E-6C">
      <ModulePath>c:\program files\dotnet\shared\Microsoft.NETCore.App\1.1.0\System.Runtime.Handles.dll</ModulePath>
      <ModuleTime>2016-11-08T22:08:34Z</ModuleTime>
      <ModuleName>System.Runtime.Handles</ModuleName>
      <Classes />
    </Module>
    <Module skippedDueTo="Filter" hash="34-34-76-CE-B5-21-B9-DC-ED-DB-4D-A7-7D-96-A1-7F-17-CC-6E-A8">
      <ModulePath>c:\program files\dotnet\shared\Microsoft.NETCore.App\1.1.0\System.Collections.dll</ModulePath>
      <ModuleTime>2016-11-08T22:08:28Z</ModuleTime>
      <ModuleName>System.Collections</ModuleName>
      <Classes />
    </Module>
    <Module skippedDueTo="Filter" hash="C3-A3-20-7E-3F-2B-7B-82-5F-1D-04-58-B8-A2-DC-6A-B3-EF-29-98">
      <ModulePath>c:\program files\dotnet\shared\Microsoft.NETCore.App\1.1.0\System.Linq.dll</ModulePath>
      <ModuleTime>2016-11-08T22:08:30Z</ModuleTime>
      <ModuleName>System.Linq</ModuleName>
      <Classes />
    </Module>
    <Module skippedDueTo="Filter" hash="33-BA-7C-45-5A-11-BA-6F-E0-BB-94-E5-37-EA-DE-50-27-E0-52-03">
      <ModulePath>c:\program files\dotnet\shared\Microsoft.NETCore.App\1.1.0\System.Runtime.InteropServices.RuntimeInformation.dll</ModulePath>
      <ModuleTime>2016-11-08T22:08:28Z</ModuleTime>
      <ModuleName>System.Runtime.InteropServices.RuntimeInformation</ModuleName>
      <Classes />
    </Module>
    <Module skippedDueTo="Filter" hash="E3-5F-98-1C-DA-35-C6-BA-F6-7F-C5-38-82-8F-DE-5A-FE-0F-A0-35">
      <ModulePath>c:\program files\dotnet\shared\Microsoft.NETCore.App\1.1.0\System.Text.RegularExpressions.dll</ModulePath>
      <ModuleTime>2016-11-08T22:08:26Z</ModuleTime>
      <ModuleName>System.Text.RegularExpressions</ModuleName>
      <Classes />
    </Module>
    <Module skippedDueTo="Filter" hash="73-AD-C2-0B-16-1C-79-BB-ED-EE-CD-23-43-2D-D9-A7-9E-D6-B8-2D">
      <ModulePath>c:\program files\dotnet\shared\Microsoft.NETCore.App\1.1.0\System.IO.FileSystem.dll</ModulePath>
      <ModuleTime>2016-11-08T22:08:38Z</ModuleTime>
      <ModuleName>System.IO.FileSystem</ModuleName>
      <Classes />
    </Module>
    <Module skippedDueTo="Filter" hash="88-31-EF-06-F9-64-5B-07-F2-E8-E6-93-76-B7-A3-F0-20-E0-9F-25">
      <ModulePath>c:\program files\dotnet\shared\Microsoft.NETCore.App\1.1.0\System.IO.FileSystem.Primitives.dll</ModulePath>
      <ModuleTime>2016-11-08T22:08:26Z</ModuleTime>
      <ModuleName>System.IO.FileSystem.Primitives</ModuleName>
      <Classes />
    </Module>
    <Module skippedDueTo="Filter" hash="2C-5B-2A-6A-84-1B-1F-4C-E8-7D-01-E8-82-8E-4C-D6-E6-1F-4C-C8">
      <ModulePath>c:\program files\dotnet\shared\Microsoft.NETCore.App\1.1.0\System.Globalization.dll</ModulePath>
      <ModuleTime>2016-11-08T22:09:00Z</ModuleTime>
      <ModuleName>System.Globalization</ModuleName>
      <Classes />
    </Module>
    <Module skippedDueTo="Filter" hash="B4-16-ED-B8-F4-CA-74-C3-57-CD-92-DD-8F-A7-38-9E-39-B8-67-89">
      <ModulePath>c:\program files\dotnet\sdk\1.0.0-rc4-004771\Microsoft.Build.Framework.dll</ModulePath>
      <ModuleTime>2017-02-06T23:43:00Z</ModuleTime>
      <ModuleName>Microsoft.Build.Framework</ModuleName>
      <Classes />
    </Module>
    <Module skippedDueTo="Filter" hash="43-BB-24-58-84-E8-38-62-FC-E6-B5-B2-51-43-65-71-D8-E9-CB-9E">
      <ModulePath>c:\program files\dotnet\shared\Microsoft.NETCore.App\1.1.0\System.Console.dll</ModulePath>
      <ModuleTime>2016-11-08T22:08:34Z</ModuleTime>
      <ModuleName>System.Console</ModuleName>
      <Classes />
    </Module>
    <Module skippedDueTo="Filter" hash="14-5B-BE-DC-E6-9E-B3-07-D0-4C-7B-E9-94-C5-2F-5B-BF-CB-CC-4D">
      <ModulePath>c:\program files\dotnet\sdk\1.0.0-rc4-004771\System.Collections.NonGeneric.dll</ModulePath>
      <ModuleTime>2017-02-06T23:43:32Z</ModuleTime>
      <ModuleName>System.Collections.NonGeneric</ModuleName>
      <Classes />
    </Module>
    <Module skippedDueTo="Filter" hash="6D-6E-B7-42-41-CF-49-B5-04-CC-B4-3E-B6-C1-5E-07-5D-9B-EA-37">
      <ModulePath>c:\program files\dotnet\sdk\1.0.0-rc4-004771\Microsoft.Build.dll</ModulePath>
      <ModuleTime>2017-02-06T23:43:32Z</ModuleTime>
      <ModuleName>Microsoft.Build</ModuleName>
      <Classes />
    </Module>
    <Module skippedDueTo="Filter" hash="FF-CB-37-AF-65-57-CC-CC-CE-0A-56-9F-2B-74-48-41-D7-76-1C-60">
      <ModulePath>c:\program files\dotnet\shared\Microsoft.NETCore.App\1.1.0\System.Threading.Tasks.dll</ModulePath>
      <ModuleTime>2016-11-08T22:08:44Z</ModuleTime>
      <ModuleName>System.Threading.Tasks</ModuleName>
      <Classes />
    </Module>
    <Module skippedDueTo="Filter" hash="D0-E8-8E-59-E8-33-55-3B-BB-BD-82-00-40-BD-7B-22-93-9A-71-2C">
      <ModulePath>c:\program files\dotnet\sdk\1.0.0-rc4-004771\runtimes\win\lib\netstandard1.3\System.IO.Pipes.dll</ModulePath>
      <ModuleTime>2017-02-06T23:43:30Z</ModuleTime>
      <ModuleName>System.IO.Pipes</ModuleName>
      <Classes />
    </Module>
    <Module skippedDueTo="Filter" hash="56-2E-6A-A4-AF-EA-86-EA-08-67-FF-56-D5-15-EC-4C-D4-B5-A1-1C">
      <ModulePath>c:\program files\dotnet\shared\Microsoft.NETCore.App\1.1.0\System.Text.Encoding.Extensions.dll</ModulePath>
      <ModuleTime>2016-11-08T22:08:30Z</ModuleTime>
      <ModuleName>System.Text.Encoding.Extensions</ModuleName>
      <Classes />
    </Module>
    <Module skippedDueTo="Filter" hash="5E-1E-C6-23-22-BF-B6-6B-53-2F-36-4C-4C-32-89-CA-ED-56-2A-DE">
      <ModulePath>c:\program files\dotnet\shared\Microsoft.NETCore.App\1.1.0\System.Text.Encoding.dll</ModulePath>
      <ModuleTime>2016-11-08T22:08:30Z</ModuleTime>
      <ModuleName>System.Text.Encoding</ModuleName>
      <Classes />
    </Module>
    <Module skippedDueTo="Filter" hash="CE-9B-C0-A8-02-09-2A-85-7B-10-F1-86-D0-15-CE-BD-6A-45-09-08">
      <ModulePath>c:\program files\dotnet\shared\Microsoft.NETCore.App\1.1.0\System.IO.dll</ModulePath>
      <ModuleTime>2016-11-08T22:08:28Z</ModuleTime>
      <ModuleName>System.IO</ModuleName>
      <Classes />
    </Module>
    <Module skippedDueTo="Filter" hash="CC-89-4F-B5-C8-64-88-99-8B-C2-B2-02-36-D0-2F-8C-A3-A4-60-B5">
      <ModulePath>c:\program files\dotnet\shared\Microsoft.NETCore.App\1.1.0\System.Threading.Thread.dll</ModulePath>
      <ModuleTime>2016-11-08T22:08:24Z</ModuleTime>
      <ModuleName>System.Threading.Thread</ModuleName>
      <Classes />
    </Module>
    <Module skippedDueTo="Filter" hash="3D-F3-9A-F0-42-BD-3D-64-B9-D6-6E-87-21-BE-92-80-43-74-92-C7">
      <ModulePath>c:\program files\dotnet\shared\Microsoft.NETCore.App\1.1.0\System.ObjectModel.dll</ModulePath>
      <ModuleTime>2016-11-08T22:08:32Z</ModuleTime>
      <ModuleName>System.ObjectModel</ModuleName>
      <Classes />
    </Module>
    <Module skippedDueTo="Filter" hash="DD-DD-46-F3-42-9D-27-10-56-F6-13-2E-49-FE-7C-30-3E-08-EF-07">
      <ModulePath>c:\program files\dotnet\shared\Microsoft.NETCore.App\1.1.0\System.Threading.Tasks.Dataflow.dll</ModulePath>
      <ModuleTime>2016-11-08T22:08:34Z</ModuleTime>
      <ModuleName>System.Threading.Tasks.Dataflow</ModuleName>
      <Classes />
    </Module>
    <Module skippedDueTo="Filter" hash="26-4B-73-C5-45-5F-07-BB-D2-50-32-B5-E6-73-AD-0C-13-2E-15-43">
      <ModulePath>c:\program files\dotnet\shared\Microsoft.NETCore.App\1.1.0\System.Diagnostics.Tracing.dll</ModulePath>
      <ModuleTime>2016-11-08T22:08:50Z</ModuleTime>
      <ModuleName>System.Diagnostics.Tracing</ModuleName>
      <Classes />
    </Module>
    <Module skippedDueTo="Filter" hash="A4-6E-55-83-2F-43-DE-A9-B5-EE-C3-02-DC-00-0B-5A-62-AA-C8-2F">
      <ModulePath>c:\program files\dotnet\shared\Microsoft.NETCore.App\1.1.0\System.Collections.Concurrent.dll</ModulePath>
      <ModuleTime>2016-11-08T22:08:50Z</ModuleTime>
      <ModuleName>System.Collections.Concurrent</ModuleName>
      <Classes />
    </Module>
    <Module skippedDueTo="Filter" hash="73-73-12-1A-DA-3C-71-0D-6A-DA-BA-63-32-03-79-94-AC-5E-4B-13">
      <ModulePath>c:\program files\dotnet\shared\Microsoft.NETCore.App\1.1.0\System.Reflection.Extensions.dll</ModulePath>
      <ModuleTime>2016-11-08T22:08:36Z</ModuleTime>
      <ModuleName>System.Reflection.Extensions</ModuleName>
      <Classes />
    </Module>
    <Module skippedDueTo="Filter" hash="6A-04-84-DA-6E-1A-C8-BA-0C-65-9B-25-41-13-BF-90-58-08-9D-4C">
      <ModulePath>c:\program files\dotnet\shared\Microsoft.NETCore.App\1.1.0\System.Resources.ResourceManager.dll</ModulePath>
      <ModuleTime>2016-11-08T22:09:00Z</ModuleTime>
      <ModuleName>System.Resources.ResourceManager</ModuleName>
      <Classes />
    </Module>
    <Module skippedDueTo="Filter" hash="BD-DE-A7-8F-1E-AF-9E-71-2A-B5-57-87-AF-16-D5-1A-9B-B4-D7-C8">
      <ModulePath>c:\program files\dotnet\shared\Microsoft.NETCore.App\1.1.0\System.Private.CoreLib.ni.dll</ModulePath>
      <ModuleTime>2016-11-08T22:08:52Z</ModuleTime>
      <ModuleName>System.Private.CoreLib</ModuleName>
      <Classes />
    </Module>
    <Module skippedDueTo="Filter" hash="9F-44-8F-C1-41-B5-BA-0F-9B-BE-55-D1-1E-C3-3E-EC-0D-0E-33-0E">
      <ModulePath>c:\program files\dotnet\sdk\1.0.0-rc4-004771\MSBuild.dll</ModulePath>
      <ModuleTime>2017-02-06T23:43:32Z</ModuleTime>
      <ModuleName>MSBuild</ModuleName>
      <Classes />
    </Module>
    <Module skippedDueTo="Filter" hash="97-E8-31-7C-5E-85-00-E7-60-EF-51-C0-C1-67-C5-FE-0E-1B-11-78">
      <ModulePath>c:\program files\dotnet\shared\Microsoft.NETCore.App\1.1.0\System.Runtime.dll</ModulePath>
      <ModuleTime>2016-11-08T22:08:36Z</ModuleTime>
      <ModuleName>System.Runtime</ModuleName>
      <Classes />
    </Module>
    <Module skippedDueTo="Filter" hash="AA-CF-C7-E0-87-32-EE-4D-E5-D5-60-8A-68-9B-E6-B9-D4-AE-41-8C">
      <ModulePath>c:\program files\dotnet\shared\Microsoft.NETCore.App\1.1.0\mscorlib.dll</ModulePath>
      <ModuleTime>2016-10-28T17:57:54Z</ModuleTime>
      <ModuleName>mscorlib</ModuleName>
      <Classes />
    </Module>
    <Module skippedDueTo="Filter" hash="E9-B5-2A-6A-91-3D-AF-96-DB-8F-16-86-F3-69-AF-75-B1-A8-8B-C4">
      <ModulePath>c:\program files\dotnet\shared\Microsoft.NETCore.App\1.1.0\System.Threading.dll</ModulePath>
      <ModuleTime>2016-11-08T22:08:28Z</ModuleTime>
      <ModuleName>System.Threading</ModuleName>
      <Classes />
    </Module>
    <Module skippedDueTo="Filter" hash="32-EA-E9-B0-86-D5-50-21-8F-6D-50-E1-E4-83-BB-B9-5C-BD-11-27">
      <ModulePath>c:\program files\dotnet\shared\Microsoft.NETCore.App\1.1.0\System.Reflection.dll</ModulePath>
      <ModuleTime>2016-11-08T22:08:38Z</ModuleTime>
      <ModuleName>System.Reflection</ModuleName>
      <Classes />
    </Module>
    <Module skippedDueTo="Filter" hash="16-7B-6D-E1-BE-1D-4A-B4-A4-AC-3F-12-3D-46-E9-02-07-78-0C-3A">
      <ModulePath>c:\program files\dotnet\shared\Microsoft.NETCore.App\1.1.0\System.Reflection.TypeExtensions.dll</ModulePath>
      <ModuleTime>2016-11-08T22:08:40Z</ModuleTime>
      <ModuleName>System.Reflection.TypeExtensions</ModuleName>
      <Classes />
    </Module>
    <Module skippedDueTo="Filter" hash="88-A2-06-4C-3C-23-45-6B-68-3D-0B-E7-6C-1C-42-BA-76-48-19-01">
      <ModulePath>c:\program files\dotnet\shared\Microsoft.NETCore.App\1.1.0\System.Runtime.Extensions.dll</ModulePath>
      <ModuleTime>2016-11-08T22:08:38Z</ModuleTime>
      <ModuleName>System.Runtime.Extensions</ModuleName>
      <Classes />
    </Module>
    <Module skippedDueTo="Filter" hash="43-4E-EE-E2-3D-F2-07-50-AD-EC-23-4A-47-A6-31-FF-CC-4B-F1-4D">
      <ModulePath>c:\program files\dotnet\shared\Microsoft.NETCore.App\1.1.0\System.Diagnostics.Process.dll</ModulePath>
      <ModuleTime>2016-11-08T22:08:30Z</ModuleTime>
      <ModuleName>System.Diagnostics.Process</ModuleName>
      <Classes />
    </Module>
    <Module skippedDueTo="Filter" hash="9C-A7-0D-C9-7B-1A-06-A4-6A-EC-EB-5B-A6-EF-D8-5D-C9-10-E5-66">
      <ModulePath>c:\program files\dotnet\shared\Microsoft.NETCore.App\1.1.0\System.Runtime.InteropServices.dll</ModulePath>
      <ModuleTime>2016-11-08T22:08:50Z</ModuleTime>
      <ModuleName>System.Runtime.InteropServices</ModuleName>
      <Classes />
    </Module>
    <Module skippedDueTo="Filter" hash="A0-B7-A6-47-D8-23-AA-21-BD-3F-39-BA-48-2E-72-DB-A7-F3-3E-6C">
      <ModulePath>c:\program files\dotnet\shared\Microsoft.NETCore.App\1.1.0\System.Runtime.Handles.dll</ModulePath>
      <ModuleTime>2016-11-08T22:08:34Z</ModuleTime>
      <ModuleName>System.Runtime.Handles</ModuleName>
      <Classes />
    </Module>
    <Module skippedDueTo="Filter" hash="34-34-76-CE-B5-21-B9-DC-ED-DB-4D-A7-7D-96-A1-7F-17-CC-6E-A8">
      <ModulePath>c:\program files\dotnet\shared\Microsoft.NETCore.App\1.1.0\System.Collections.dll</ModulePath>
      <ModuleTime>2016-11-08T22:08:28Z</ModuleTime>
      <ModuleName>System.Collections</ModuleName>
      <Classes />
    </Module>
    <Module skippedDueTo="Filter" hash="C3-A3-20-7E-3F-2B-7B-82-5F-1D-04-58-B8-A2-DC-6A-B3-EF-29-98">
      <ModulePath>c:\program files\dotnet\shared\Microsoft.NETCore.App\1.1.0\System.Linq.dll</ModulePath>
      <ModuleTime>2016-11-08T22:08:30Z</ModuleTime>
      <ModuleName>System.Linq</ModuleName>
      <Classes />
    </Module>
    <Module skippedDueTo="Filter" hash="33-BA-7C-45-5A-11-BA-6F-E0-BB-94-E5-37-EA-DE-50-27-E0-52-03">
      <ModulePath>c:\program files\dotnet\shared\Microsoft.NETCore.App\1.1.0\System.Runtime.InteropServices.RuntimeInformation.dll</ModulePath>
      <ModuleTime>2016-11-08T22:08:28Z</ModuleTime>
      <ModuleName>System.Runtime.InteropServices.RuntimeInformation</ModuleName>
      <Classes />
    </Module>
    <Module skippedDueTo="Filter" hash="E3-5F-98-1C-DA-35-C6-BA-F6-7F-C5-38-82-8F-DE-5A-FE-0F-A0-35">
      <ModulePath>c:\program files\dotnet\shared\Microsoft.NETCore.App\1.1.0\System.Text.RegularExpressions.dll</ModulePath>
      <ModuleTime>2016-11-08T22:08:26Z</ModuleTime>
      <ModuleName>System.Text.RegularExpressions</ModuleName>
      <Classes />
    </Module>
    <Module skippedDueTo="Filter" hash="73-AD-C2-0B-16-1C-79-BB-ED-EE-CD-23-43-2D-D9-A7-9E-D6-B8-2D">
      <ModulePath>c:\program files\dotnet\shared\Microsoft.NETCore.App\1.1.0\System.IO.FileSystem.dll</ModulePath>
      <ModuleTime>2016-11-08T22:08:38Z</ModuleTime>
      <ModuleName>System.IO.FileSystem</ModuleName>
      <Classes />
    </Module>
    <Module skippedDueTo="Filter" hash="88-31-EF-06-F9-64-5B-07-F2-E8-E6-93-76-B7-A3-F0-20-E0-9F-25">
      <ModulePath>c:\program files\dotnet\shared\Microsoft.NETCore.App\1.1.0\System.IO.FileSystem.Primitives.dll</ModulePath>
      <ModuleTime>2016-11-08T22:08:26Z</ModuleTime>
      <ModuleName>System.IO.FileSystem.Primitives</ModuleName>
      <Classes />
    </Module>
    <Module skippedDueTo="Filter" hash="2C-5B-2A-6A-84-1B-1F-4C-E8-7D-01-E8-82-8E-4C-D6-E6-1F-4C-C8">
      <ModulePath>c:\program files\dotnet\shared\Microsoft.NETCore.App\1.1.0\System.Globalization.dll</ModulePath>
      <ModuleTime>2016-11-08T22:09:00Z</ModuleTime>
      <ModuleName>System.Globalization</ModuleName>
      <Classes />
    </Module>
    <Module skippedDueTo="Filter" hash="B4-16-ED-B8-F4-CA-74-C3-57-CD-92-DD-8F-A7-38-9E-39-B8-67-89">
      <ModulePath>c:\program files\dotnet\sdk\1.0.0-rc4-004771\Microsoft.Build.Framework.dll</ModulePath>
      <ModuleTime>2017-02-06T23:43:00Z</ModuleTime>
      <ModuleName>Microsoft.Build.Framework</ModuleName>
      <Classes />
    </Module>
    <Module skippedDueTo="Filter" hash="43-BB-24-58-84-E8-38-62-FC-E6-B5-B2-51-43-65-71-D8-E9-CB-9E">
      <ModulePath>c:\program files\dotnet\shared\Microsoft.NETCore.App\1.1.0\System.Console.dll</ModulePath>
      <ModuleTime>2016-11-08T22:08:34Z</ModuleTime>
      <ModuleName>System.Console</ModuleName>
      <Classes />
    </Module>
    <Module skippedDueTo="Filter" hash="14-5B-BE-DC-E6-9E-B3-07-D0-4C-7B-E9-94-C5-2F-5B-BF-CB-CC-4D">
      <ModulePath>c:\program files\dotnet\sdk\1.0.0-rc4-004771\System.Collections.NonGeneric.dll</ModulePath>
      <ModuleTime>2017-02-06T23:43:32Z</ModuleTime>
      <ModuleName>System.Collections.NonGeneric</ModuleName>
      <Classes />
    </Module>
    <Module skippedDueTo="Filter" hash="6D-6E-B7-42-41-CF-49-B5-04-CC-B4-3E-B6-C1-5E-07-5D-9B-EA-37">
      <ModulePath>c:\program files\dotnet\sdk\1.0.0-rc4-004771\Microsoft.Build.dll</ModulePath>
      <ModuleTime>2017-02-06T23:43:32Z</ModuleTime>
      <ModuleName>Microsoft.Build</ModuleName>
      <Classes />
    </Module>
    <Module skippedDueTo="Filter" hash="FF-CB-37-AF-65-57-CC-CC-CE-0A-56-9F-2B-74-48-41-D7-76-1C-60">
      <ModulePath>c:\program files\dotnet\shared\Microsoft.NETCore.App\1.1.0\System.Threading.Tasks.dll</ModulePath>
      <ModuleTime>2016-11-08T22:08:44Z</ModuleTime>
      <ModuleName>System.Threading.Tasks</ModuleName>
      <Classes />
    </Module>
    <Module skippedDueTo="Filter" hash="D0-E8-8E-59-E8-33-55-3B-BB-BD-82-00-40-BD-7B-22-93-9A-71-2C">
      <ModulePath>c:\program files\dotnet\sdk\1.0.0-rc4-004771\runtimes\win\lib\netstandard1.3\System.IO.Pipes.dll</ModulePath>
      <ModuleTime>2017-02-06T23:43:30Z</ModuleTime>
      <ModuleName>System.IO.Pipes</ModuleName>
      <Classes />
    </Module>
    <Module skippedDueTo="Filter" hash="56-2E-6A-A4-AF-EA-86-EA-08-67-FF-56-D5-15-EC-4C-D4-B5-A1-1C">
      <ModulePath>c:\program files\dotnet\shared\Microsoft.NETCore.App\1.1.0\System.Text.Encoding.Extensions.dll</ModulePath>
      <ModuleTime>2016-11-08T22:08:30Z</ModuleTime>
      <ModuleName>System.Text.Encoding.Extensions</ModuleName>
      <Classes />
    </Module>
    <Module skippedDueTo="Filter" hash="5E-1E-C6-23-22-BF-B6-6B-53-2F-36-4C-4C-32-89-CA-ED-56-2A-DE">
      <ModulePath>c:\program files\dotnet\shared\Microsoft.NETCore.App\1.1.0\System.Text.Encoding.dll</ModulePath>
      <ModuleTime>2016-11-08T22:08:30Z</ModuleTime>
      <ModuleName>System.Text.Encoding</ModuleName>
      <Classes />
    </Module>
    <Module skippedDueTo="Filter" hash="CE-9B-C0-A8-02-09-2A-85-7B-10-F1-86-D0-15-CE-BD-6A-45-09-08">
      <ModulePath>c:\program files\dotnet\shared\Microsoft.NETCore.App\1.1.0\System.IO.dll</ModulePath>
      <ModuleTime>2016-11-08T22:08:28Z</ModuleTime>
      <ModuleName>System.IO</ModuleName>
      <Classes />
    </Module>
    <Module skippedDueTo="Filter" hash="CC-89-4F-B5-C8-64-88-99-8B-C2-B2-02-36-D0-2F-8C-A3-A4-60-B5">
      <ModulePath>c:\program files\dotnet\shared\Microsoft.NETCore.App\1.1.0\System.Threading.Thread.dll</ModulePath>
      <ModuleTime>2016-11-08T22:08:24Z</ModuleTime>
      <ModuleName>System.Threading.Thread</ModuleName>
      <Classes />
    </Module>
    <Module skippedDueTo="Filter" hash="3D-F3-9A-F0-42-BD-3D-64-B9-D6-6E-87-21-BE-92-80-43-74-92-C7">
      <ModulePath>c:\program files\dotnet\shared\Microsoft.NETCore.App\1.1.0\System.ObjectModel.dll</ModulePath>
      <ModuleTime>2016-11-08T22:08:32Z</ModuleTime>
      <ModuleName>System.ObjectModel</ModuleName>
      <Classes />
    </Module>
    <Module skippedDueTo="Filter" hash="DD-DD-46-F3-42-9D-27-10-56-F6-13-2E-49-FE-7C-30-3E-08-EF-07">
      <ModulePath>c:\program files\dotnet\shared\Microsoft.NETCore.App\1.1.0\System.Threading.Tasks.Dataflow.dll</ModulePath>
      <ModuleTime>2016-11-08T22:08:34Z</ModuleTime>
      <ModuleName>System.Threading.Tasks.Dataflow</ModuleName>
      <Classes />
    </Module>
    <Module skippedDueTo="Filter" hash="26-4B-73-C5-45-5F-07-BB-D2-50-32-B5-E6-73-AD-0C-13-2E-15-43">
      <ModulePath>c:\program files\dotnet\shared\Microsoft.NETCore.App\1.1.0\System.Diagnostics.Tracing.dll</ModulePath>
      <ModuleTime>2016-11-08T22:08:50Z</ModuleTime>
      <ModuleName>System.Diagnostics.Tracing</ModuleName>
      <Classes />
    </Module>
    <Module skippedDueTo="Filter" hash="A4-6E-55-83-2F-43-DE-A9-B5-EE-C3-02-DC-00-0B-5A-62-AA-C8-2F">
      <ModulePath>c:\program files\dotnet\shared\Microsoft.NETCore.App\1.1.0\System.Collections.Concurrent.dll</ModulePath>
      <ModuleTime>2016-11-08T22:08:50Z</ModuleTime>
      <ModuleName>System.Collections.Concurrent</ModuleName>
      <Classes />
    </Module>
    <Module skippedDueTo="Filter" hash="73-73-12-1A-DA-3C-71-0D-6A-DA-BA-63-32-03-79-94-AC-5E-4B-13">
      <ModulePath>c:\program files\dotnet\shared\Microsoft.NETCore.App\1.1.0\System.Reflection.Extensions.dll</ModulePath>
      <ModuleTime>2016-11-08T22:08:36Z</ModuleTime>
      <ModuleName>System.Reflection.Extensions</ModuleName>
      <Classes />
    </Module>
    <Module skippedDueTo="Filter" hash="6A-04-84-DA-6E-1A-C8-BA-0C-65-9B-25-41-13-BF-90-58-08-9D-4C">
      <ModulePath>c:\program files\dotnet\shared\Microsoft.NETCore.App\1.1.0\System.Resources.ResourceManager.dll</ModulePath>
      <ModuleTime>2016-11-08T22:09:00Z</ModuleTime>
      <ModuleName>System.Resources.ResourceManager</ModuleName>
      <Classes />
    </Module>
    <Module skippedDueTo="Filter" hash="BD-DE-A7-8F-1E-AF-9E-71-2A-B5-57-87-AF-16-D5-1A-9B-B4-D7-C8">
      <ModulePath>c:\program files\dotnet\shared\Microsoft.NETCore.App\1.1.0\System.Private.CoreLib.ni.dll</ModulePath>
      <ModuleTime>2016-11-08T22:08:52Z</ModuleTime>
      <ModuleName>System.Private.CoreLib</ModuleName>
      <Classes />
    </Module>
    <Module skippedDueTo="Filter" hash="9F-44-8F-C1-41-B5-BA-0F-9B-BE-55-D1-1E-C3-3E-EC-0D-0E-33-0E">
      <ModulePath>c:\program files\dotnet\sdk\1.0.0-rc4-004771\MSBuild.dll</ModulePath>
      <ModuleTime>2017-02-06T23:43:32Z</ModuleTime>
      <ModuleName>MSBuild</ModuleName>
      <Classes />
    </Module>
    <Module skippedDueTo="Filter" hash="97-E8-31-7C-5E-85-00-E7-60-EF-51-C0-C1-67-C5-FE-0E-1B-11-78">
      <ModulePath>c:\program files\dotnet\shared\Microsoft.NETCore.App\1.1.0\System.Runtime.dll</ModulePath>
      <ModuleTime>2016-11-08T22:08:36Z</ModuleTime>
      <ModuleName>System.Runtime</ModuleName>
      <Classes />
    </Module>
    <Module skippedDueTo="Filter" hash="AA-CF-C7-E0-87-32-EE-4D-E5-D5-60-8A-68-9B-E6-B9-D4-AE-41-8C">
      <ModulePath>c:\program files\dotnet\shared\Microsoft.NETCore.App\1.1.0\mscorlib.dll</ModulePath>
      <ModuleTime>2016-10-28T17:57:54Z</ModuleTime>
      <ModuleName>mscorlib</ModuleName>
      <Classes />
    </Module>
    <Module skippedDueTo="Filter" hash="E9-B5-2A-6A-91-3D-AF-96-DB-8F-16-86-F3-69-AF-75-B1-A8-8B-C4">
      <ModulePath>c:\program files\dotnet\shared\Microsoft.NETCore.App\1.1.0\System.Threading.dll</ModulePath>
      <ModuleTime>2016-11-08T22:08:28Z</ModuleTime>
      <ModuleName>System.Threading</ModuleName>
      <Classes />
    </Module>
    <Module skippedDueTo="Filter" hash="32-EA-E9-B0-86-D5-50-21-8F-6D-50-E1-E4-83-BB-B9-5C-BD-11-27">
      <ModulePath>c:\program files\dotnet\shared\Microsoft.NETCore.App\1.1.0\System.Reflection.dll</ModulePath>
      <ModuleTime>2016-11-08T22:08:38Z</ModuleTime>
      <ModuleName>System.Reflection</ModuleName>
      <Classes />
    </Module>
    <Module skippedDueTo="Filter" hash="16-7B-6D-E1-BE-1D-4A-B4-A4-AC-3F-12-3D-46-E9-02-07-78-0C-3A">
      <ModulePath>c:\program files\dotnet\shared\Microsoft.NETCore.App\1.1.0\System.Reflection.TypeExtensions.dll</ModulePath>
      <ModuleTime>2016-11-08T22:08:40Z</ModuleTime>
      <ModuleName>System.Reflection.TypeExtensions</ModuleName>
      <Classes />
    </Module>
    <Module skippedDueTo="Filter" hash="88-A2-06-4C-3C-23-45-6B-68-3D-0B-E7-6C-1C-42-BA-76-48-19-01">
      <ModulePath>c:\program files\dotnet\shared\Microsoft.NETCore.App\1.1.0\System.Runtime.Extensions.dll</ModulePath>
      <ModuleTime>2016-11-08T22:08:38Z</ModuleTime>
      <ModuleName>System.Runtime.Extensions</ModuleName>
      <Classes />
    </Module>
    <Module skippedDueTo="Filter" hash="43-4E-EE-E2-3D-F2-07-50-AD-EC-23-4A-47-A6-31-FF-CC-4B-F1-4D">
      <ModulePath>c:\program files\dotnet\shared\Microsoft.NETCore.App\1.1.0\System.Diagnostics.Process.dll</ModulePath>
      <ModuleTime>2016-11-08T22:08:30Z</ModuleTime>
      <ModuleName>System.Diagnostics.Process</ModuleName>
      <Classes />
    </Module>
    <Module skippedDueTo="Filter" hash="9C-A7-0D-C9-7B-1A-06-A4-6A-EC-EB-5B-A6-EF-D8-5D-C9-10-E5-66">
      <ModulePath>c:\program files\dotnet\shared\Microsoft.NETCore.App\1.1.0\System.Runtime.InteropServices.dll</ModulePath>
      <ModuleTime>2016-11-08T22:08:50Z</ModuleTime>
      <ModuleName>System.Runtime.InteropServices</ModuleName>
      <Classes />
    </Module>
    <Module skippedDueTo="Filter" hash="A0-B7-A6-47-D8-23-AA-21-BD-3F-39-BA-48-2E-72-DB-A7-F3-3E-6C">
      <ModulePath>c:\program files\dotnet\shared\Microsoft.NETCore.App\1.1.0\System.Runtime.Handles.dll</ModulePath>
      <ModuleTime>2016-11-08T22:08:34Z</ModuleTime>
      <ModuleName>System.Runtime.Handles</ModuleName>
      <Classes />
    </Module>
    <Module skippedDueTo="Filter" hash="34-34-76-CE-B5-21-B9-DC-ED-DB-4D-A7-7D-96-A1-7F-17-CC-6E-A8">
      <ModulePath>c:\program files\dotnet\shared\Microsoft.NETCore.App\1.1.0\System.Collections.dll</ModulePath>
      <ModuleTime>2016-11-08T22:08:28Z</ModuleTime>
      <ModuleName>System.Collections</ModuleName>
      <Classes />
    </Module>
    <Module skippedDueTo="Filter" hash="C3-A3-20-7E-3F-2B-7B-82-5F-1D-04-58-B8-A2-DC-6A-B3-EF-29-98">
      <ModulePath>c:\program files\dotnet\shared\Microsoft.NETCore.App\1.1.0\System.Linq.dll</ModulePath>
      <ModuleTime>2016-11-08T22:08:30Z</ModuleTime>
      <ModuleName>System.Linq</ModuleName>
      <Classes />
    </Module>
    <Module skippedDueTo="Filter" hash="33-BA-7C-45-5A-11-BA-6F-E0-BB-94-E5-37-EA-DE-50-27-E0-52-03">
      <ModulePath>c:\program files\dotnet\shared\Microsoft.NETCore.App\1.1.0\System.Runtime.InteropServices.RuntimeInformation.dll</ModulePath>
      <ModuleTime>2016-11-08T22:08:28Z</ModuleTime>
      <ModuleName>System.Runtime.InteropServices.RuntimeInformation</ModuleName>
      <Classes />
    </Module>
    <Module skippedDueTo="Filter" hash="E3-5F-98-1C-DA-35-C6-BA-F6-7F-C5-38-82-8F-DE-5A-FE-0F-A0-35">
      <ModulePath>c:\program files\dotnet\shared\Microsoft.NETCore.App\1.1.0\System.Text.RegularExpressions.dll</ModulePath>
      <ModuleTime>2016-11-08T22:08:26Z</ModuleTime>
      <ModuleName>System.Text.RegularExpressions</ModuleName>
      <Classes />
    </Module>
    <Module skippedDueTo="Filter" hash="73-AD-C2-0B-16-1C-79-BB-ED-EE-CD-23-43-2D-D9-A7-9E-D6-B8-2D">
      <ModulePath>c:\program files\dotnet\shared\Microsoft.NETCore.App\1.1.0\System.IO.FileSystem.dll</ModulePath>
      <ModuleTime>2016-11-08T22:08:38Z</ModuleTime>
      <ModuleName>System.IO.FileSystem</ModuleName>
      <Classes />
    </Module>
    <Module skippedDueTo="Filter" hash="88-31-EF-06-F9-64-5B-07-F2-E8-E6-93-76-B7-A3-F0-20-E0-9F-25">
      <ModulePath>c:\program files\dotnet\shared\Microsoft.NETCore.App\1.1.0\System.IO.FileSystem.Primitives.dll</ModulePath>
      <ModuleTime>2016-11-08T22:08:26Z</ModuleTime>
      <ModuleName>System.IO.FileSystem.Primitives</ModuleName>
      <Classes />
    </Module>
    <Module skippedDueTo="Filter" hash="2C-5B-2A-6A-84-1B-1F-4C-E8-7D-01-E8-82-8E-4C-D6-E6-1F-4C-C8">
      <ModulePath>c:\program files\dotnet\shared\Microsoft.NETCore.App\1.1.0\System.Globalization.dll</ModulePath>
      <ModuleTime>2016-11-08T22:09:00Z</ModuleTime>
      <ModuleName>System.Globalization</ModuleName>
      <Classes />
    </Module>
    <Module skippedDueTo="Filter" hash="B4-16-ED-B8-F4-CA-74-C3-57-CD-92-DD-8F-A7-38-9E-39-B8-67-89">
      <ModulePath>c:\program files\dotnet\sdk\1.0.0-rc4-004771\Microsoft.Build.Framework.dll</ModulePath>
      <ModuleTime>2017-02-06T23:43:00Z</ModuleTime>
      <ModuleName>Microsoft.Build.Framework</ModuleName>
      <Classes />
    </Module>
    <Module skippedDueTo="Filter" hash="43-BB-24-58-84-E8-38-62-FC-E6-B5-B2-51-43-65-71-D8-E9-CB-9E">
      <ModulePath>c:\program files\dotnet\shared\Microsoft.NETCore.App\1.1.0\System.Console.dll</ModulePath>
      <ModuleTime>2016-11-08T22:08:34Z</ModuleTime>
      <ModuleName>System.Console</ModuleName>
      <Classes />
    </Module>
    <Module skippedDueTo="Filter" hash="14-5B-BE-DC-E6-9E-B3-07-D0-4C-7B-E9-94-C5-2F-5B-BF-CB-CC-4D">
      <ModulePath>c:\program files\dotnet\sdk\1.0.0-rc4-004771\System.Collections.NonGeneric.dll</ModulePath>
      <ModuleTime>2017-02-06T23:43:32Z</ModuleTime>
      <ModuleName>System.Collections.NonGeneric</ModuleName>
      <Classes />
    </Module>
    <Module skippedDueTo="Filter" hash="6D-6E-B7-42-41-CF-49-B5-04-CC-B4-3E-B6-C1-5E-07-5D-9B-EA-37">
      <ModulePath>c:\program files\dotnet\sdk\1.0.0-rc4-004771\Microsoft.Build.dll</ModulePath>
      <ModuleTime>2017-02-06T23:43:32Z</ModuleTime>
      <ModuleName>Microsoft.Build</ModuleName>
      <Classes />
    </Module>
    <Module skippedDueTo="Filter" hash="FF-CB-37-AF-65-57-CC-CC-CE-0A-56-9F-2B-74-48-41-D7-76-1C-60">
      <ModulePath>c:\program files\dotnet\shared\Microsoft.NETCore.App\1.1.0\System.Threading.Tasks.dll</ModulePath>
      <ModuleTime>2016-11-08T22:08:44Z</ModuleTime>
      <ModuleName>System.Threading.Tasks</ModuleName>
      <Classes />
    </Module>
    <Module skippedDueTo="Filter" hash="D0-E8-8E-59-E8-33-55-3B-BB-BD-82-00-40-BD-7B-22-93-9A-71-2C">
      <ModulePath>c:\program files\dotnet\sdk\1.0.0-rc4-004771\runtimes\win\lib\netstandard1.3\System.IO.Pipes.dll</ModulePath>
      <ModuleTime>2017-02-06T23:43:30Z</ModuleTime>
      <ModuleName>System.IO.Pipes</ModuleName>
      <Classes />
    </Module>
    <Module skippedDueTo="Filter" hash="56-2E-6A-A4-AF-EA-86-EA-08-67-FF-56-D5-15-EC-4C-D4-B5-A1-1C">
      <ModulePath>c:\program files\dotnet\shared\Microsoft.NETCore.App\1.1.0\System.Text.Encoding.Extensions.dll</ModulePath>
      <ModuleTime>2016-11-08T22:08:30Z</ModuleTime>
      <ModuleName>System.Text.Encoding.Extensions</ModuleName>
      <Classes />
    </Module>
    <Module skippedDueTo="Filter" hash="5E-1E-C6-23-22-BF-B6-6B-53-2F-36-4C-4C-32-89-CA-ED-56-2A-DE">
      <ModulePath>c:\program files\dotnet\shared\Microsoft.NETCore.App\1.1.0\System.Text.Encoding.dll</ModulePath>
      <ModuleTime>2016-11-08T22:08:30Z</ModuleTime>
      <ModuleName>System.Text.Encoding</ModuleName>
      <Classes />
    </Module>
    <Module skippedDueTo="Filter" hash="CE-9B-C0-A8-02-09-2A-85-7B-10-F1-86-D0-15-CE-BD-6A-45-09-08">
      <ModulePath>c:\program files\dotnet\shared\Microsoft.NETCore.App\1.1.0\System.IO.dll</ModulePath>
      <ModuleTime>2016-11-08T22:08:28Z</ModuleTime>
      <ModuleName>System.IO</ModuleName>
      <Classes />
    </Module>
    <Module skippedDueTo="Filter" hash="CC-89-4F-B5-C8-64-88-99-8B-C2-B2-02-36-D0-2F-8C-A3-A4-60-B5">
      <ModulePath>c:\program files\dotnet\shared\Microsoft.NETCore.App\1.1.0\System.Threading.Thread.dll</ModulePath>
      <ModuleTime>2016-11-08T22:08:24Z</ModuleTime>
      <ModuleName>System.Threading.Thread</ModuleName>
      <Classes />
    </Module>
    <Module skippedDueTo="Filter" hash="3D-F3-9A-F0-42-BD-3D-64-B9-D6-6E-87-21-BE-92-80-43-74-92-C7">
      <ModulePath>c:\program files\dotnet\shared\Microsoft.NETCore.App\1.1.0\System.ObjectModel.dll</ModulePath>
      <ModuleTime>2016-11-08T22:08:32Z</ModuleTime>
      <ModuleName>System.ObjectModel</ModuleName>
      <Classes />
    </Module>
    <Module skippedDueTo="Filter" hash="DD-DD-46-F3-42-9D-27-10-56-F6-13-2E-49-FE-7C-30-3E-08-EF-07">
      <ModulePath>c:\program files\dotnet\shared\Microsoft.NETCore.App\1.1.0\System.Threading.Tasks.Dataflow.dll</ModulePath>
      <ModuleTime>2016-11-08T22:08:34Z</ModuleTime>
      <ModuleName>System.Threading.Tasks.Dataflow</ModuleName>
      <Classes />
    </Module>
    <Module skippedDueTo="Filter" hash="26-4B-73-C5-45-5F-07-BB-D2-50-32-B5-E6-73-AD-0C-13-2E-15-43">
      <ModulePath>c:\program files\dotnet\shared\Microsoft.NETCore.App\1.1.0\System.Diagnostics.Tracing.dll</ModulePath>
      <ModuleTime>2016-11-08T22:08:50Z</ModuleTime>
      <ModuleName>System.Diagnostics.Tracing</ModuleName>
      <Classes />
    </Module>
    <Module skippedDueTo="Filter" hash="A4-6E-55-83-2F-43-DE-A9-B5-EE-C3-02-DC-00-0B-5A-62-AA-C8-2F">
      <ModulePath>c:\program files\dotnet\shared\Microsoft.NETCore.App\1.1.0\System.Collections.Concurrent.dll</ModulePath>
      <ModuleTime>2016-11-08T22:08:50Z</ModuleTime>
      <ModuleName>System.Collections.Concurrent</ModuleName>
      <Classes />
    </Module>
    <Module skippedDueTo="Filter" hash="73-73-12-1A-DA-3C-71-0D-6A-DA-BA-63-32-03-79-94-AC-5E-4B-13">
      <ModulePath>c:\program files\dotnet\shared\Microsoft.NETCore.App\1.1.0\System.Reflection.Extensions.dll</ModulePath>
      <ModuleTime>2016-11-08T22:08:36Z</ModuleTime>
      <ModuleName>System.Reflection.Extensions</ModuleName>
      <Classes />
    </Module>
    <Module skippedDueTo="Filter" hash="6A-04-84-DA-6E-1A-C8-BA-0C-65-9B-25-41-13-BF-90-58-08-9D-4C">
      <ModulePath>c:\program files\dotnet\shared\Microsoft.NETCore.App\1.1.0\System.Resources.ResourceManager.dll</ModulePath>
      <ModuleTime>2016-11-08T22:09:00Z</ModuleTime>
      <ModuleName>System.Resources.ResourceManager</ModuleName>
      <Classes />
    </Module>
    <Module skippedDueTo="Filter" hash="BD-DE-A7-8F-1E-AF-9E-71-2A-B5-57-87-AF-16-D5-1A-9B-B4-D7-C8">
      <ModulePath>c:\program files\dotnet\shared\Microsoft.NETCore.App\1.1.0\System.Private.CoreLib.ni.dll</ModulePath>
      <ModuleTime>2016-11-08T22:08:52Z</ModuleTime>
      <ModuleName>System.Private.CoreLib</ModuleName>
      <Classes />
    </Module>
    <Module skippedDueTo="Filter" hash="9F-44-8F-C1-41-B5-BA-0F-9B-BE-55-D1-1E-C3-3E-EC-0D-0E-33-0E">
      <ModulePath>c:\program files\dotnet\sdk\1.0.0-rc4-004771\MSBuild.dll</ModulePath>
      <ModuleTime>2017-02-06T23:43:32Z</ModuleTime>
      <ModuleName>MSBuild</ModuleName>
      <Classes />
    </Module>
    <Module skippedDueTo="Filter" hash="97-E8-31-7C-5E-85-00-E7-60-EF-51-C0-C1-67-C5-FE-0E-1B-11-78">
      <ModulePath>c:\program files\dotnet\shared\Microsoft.NETCore.App\1.1.0\System.Runtime.dll</ModulePath>
      <ModuleTime>2016-11-08T22:08:36Z</ModuleTime>
      <ModuleName>System.Runtime</ModuleName>
      <Classes />
    </Module>
    <Module skippedDueTo="Filter" hash="AA-CF-C7-E0-87-32-EE-4D-E5-D5-60-8A-68-9B-E6-B9-D4-AE-41-8C">
      <ModulePath>c:\program files\dotnet\shared\Microsoft.NETCore.App\1.1.0\mscorlib.dll</ModulePath>
      <ModuleTime>2016-10-28T17:57:54Z</ModuleTime>
      <ModuleName>mscorlib</ModuleName>
      <Classes />
    </Module>
    <Module skippedDueTo="Filter" hash="E9-B5-2A-6A-91-3D-AF-96-DB-8F-16-86-F3-69-AF-75-B1-A8-8B-C4">
      <ModulePath>c:\program files\dotnet\shared\Microsoft.NETCore.App\1.1.0\System.Threading.dll</ModulePath>
      <ModuleTime>2016-11-08T22:08:28Z</ModuleTime>
      <ModuleName>System.Threading</ModuleName>
      <Classes />
    </Module>
    <Module skippedDueTo="Filter" hash="32-EA-E9-B0-86-D5-50-21-8F-6D-50-E1-E4-83-BB-B9-5C-BD-11-27">
      <ModulePath>c:\program files\dotnet\shared\Microsoft.NETCore.App\1.1.0\System.Reflection.dll</ModulePath>
      <ModuleTime>2016-11-08T22:08:38Z</ModuleTime>
      <ModuleName>System.Reflection</ModuleName>
      <Classes />
    </Module>
    <Module skippedDueTo="Filter" hash="16-7B-6D-E1-BE-1D-4A-B4-A4-AC-3F-12-3D-46-E9-02-07-78-0C-3A">
      <ModulePath>c:\program files\dotnet\shared\Microsoft.NETCore.App\1.1.0\System.Reflection.TypeExtensions.dll</ModulePath>
      <ModuleTime>2016-11-08T22:08:40Z</ModuleTime>
      <ModuleName>System.Reflection.TypeExtensions</ModuleName>
      <Classes />
    </Module>
    <Module skippedDueTo="Filter" hash="88-A2-06-4C-3C-23-45-6B-68-3D-0B-E7-6C-1C-42-BA-76-48-19-01">
      <ModulePath>c:\program files\dotnet\shared\Microsoft.NETCore.App\1.1.0\System.Runtime.Extensions.dll</ModulePath>
      <ModuleTime>2016-11-08T22:08:38Z</ModuleTime>
      <ModuleName>System.Runtime.Extensions</ModuleName>
      <Classes />
    </Module>
    <Module skippedDueTo="Filter" hash="43-4E-EE-E2-3D-F2-07-50-AD-EC-23-4A-47-A6-31-FF-CC-4B-F1-4D">
      <ModulePath>c:\program files\dotnet\shared\Microsoft.NETCore.App\1.1.0\System.Diagnostics.Process.dll</ModulePath>
      <ModuleTime>2016-11-08T22:08:30Z</ModuleTime>
      <ModuleName>System.Diagnostics.Process</ModuleName>
      <Classes />
    </Module>
    <Module skippedDueTo="Filter" hash="9C-A7-0D-C9-7B-1A-06-A4-6A-EC-EB-5B-A6-EF-D8-5D-C9-10-E5-66">
      <ModulePath>c:\program files\dotnet\shared\Microsoft.NETCore.App\1.1.0\System.Runtime.InteropServices.dll</ModulePath>
      <ModuleTime>2016-11-08T22:08:50Z</ModuleTime>
      <ModuleName>System.Runtime.InteropServices</ModuleName>
      <Classes />
    </Module>
    <Module skippedDueTo="Filter" hash="A0-B7-A6-47-D8-23-AA-21-BD-3F-39-BA-48-2E-72-DB-A7-F3-3E-6C">
      <ModulePath>c:\program files\dotnet\shared\Microsoft.NETCore.App\1.1.0\System.Runtime.Handles.dll</ModulePath>
      <ModuleTime>2016-11-08T22:08:34Z</ModuleTime>
      <ModuleName>System.Runtime.Handles</ModuleName>
      <Classes />
    </Module>
    <Module skippedDueTo="Filter" hash="34-34-76-CE-B5-21-B9-DC-ED-DB-4D-A7-7D-96-A1-7F-17-CC-6E-A8">
      <ModulePath>c:\program files\dotnet\shared\Microsoft.NETCore.App\1.1.0\System.Collections.dll</ModulePath>
      <ModuleTime>2016-11-08T22:08:28Z</ModuleTime>
      <ModuleName>System.Collections</ModuleName>
      <Classes />
    </Module>
    <Module skippedDueTo="Filter" hash="C3-A3-20-7E-3F-2B-7B-82-5F-1D-04-58-B8-A2-DC-6A-B3-EF-29-98">
      <ModulePath>c:\program files\dotnet\shared\Microsoft.NETCore.App\1.1.0\System.Linq.dll</ModulePath>
      <ModuleTime>2016-11-08T22:08:30Z</ModuleTime>
      <ModuleName>System.Linq</ModuleName>
      <Classes />
    </Module>
    <Module skippedDueTo="Filter" hash="33-BA-7C-45-5A-11-BA-6F-E0-BB-94-E5-37-EA-DE-50-27-E0-52-03">
      <ModulePath>c:\program files\dotnet\shared\Microsoft.NETCore.App\1.1.0\System.Runtime.InteropServices.RuntimeInformation.dll</ModulePath>
      <ModuleTime>2016-11-08T22:08:28Z</ModuleTime>
      <ModuleName>System.Runtime.InteropServices.RuntimeInformation</ModuleName>
      <Classes />
    </Module>
    <Module skippedDueTo="Filter" hash="E3-5F-98-1C-DA-35-C6-BA-F6-7F-C5-38-82-8F-DE-5A-FE-0F-A0-35">
      <ModulePath>c:\program files\dotnet\shared\Microsoft.NETCore.App\1.1.0\System.Text.RegularExpressions.dll</ModulePath>
      <ModuleTime>2016-11-08T22:08:26Z</ModuleTime>
      <ModuleName>System.Text.RegularExpressions</ModuleName>
      <Classes />
    </Module>
    <Module skippedDueTo="Filter" hash="73-AD-C2-0B-16-1C-79-BB-ED-EE-CD-23-43-2D-D9-A7-9E-D6-B8-2D">
      <ModulePath>c:\program files\dotnet\shared\Microsoft.NETCore.App\1.1.0\System.IO.FileSystem.dll</ModulePath>
      <ModuleTime>2016-11-08T22:08:38Z</ModuleTime>
      <ModuleName>System.IO.FileSystem</ModuleName>
      <Classes />
    </Module>
    <Module skippedDueTo="Filter" hash="88-31-EF-06-F9-64-5B-07-F2-E8-E6-93-76-B7-A3-F0-20-E0-9F-25">
      <ModulePath>c:\program files\dotnet\shared\Microsoft.NETCore.App\1.1.0\System.IO.FileSystem.Primitives.dll</ModulePath>
      <ModuleTime>2016-11-08T22:08:26Z</ModuleTime>
      <ModuleName>System.IO.FileSystem.Primitives</ModuleName>
      <Classes />
    </Module>
    <Module skippedDueTo="Filter" hash="2C-5B-2A-6A-84-1B-1F-4C-E8-7D-01-E8-82-8E-4C-D6-E6-1F-4C-C8">
      <ModulePath>c:\program files\dotnet\shared\Microsoft.NETCore.App\1.1.0\System.Globalization.dll</ModulePath>
      <ModuleTime>2016-11-08T22:09:00Z</ModuleTime>
      <ModuleName>System.Globalization</ModuleName>
      <Classes />
    </Module>
    <Module skippedDueTo="Filter" hash="B4-16-ED-B8-F4-CA-74-C3-57-CD-92-DD-8F-A7-38-9E-39-B8-67-89">
      <ModulePath>c:\program files\dotnet\sdk\1.0.0-rc4-004771\Microsoft.Build.Framework.dll</ModulePath>
      <ModuleTime>2017-02-06T23:43:00Z</ModuleTime>
      <ModuleName>Microsoft.Build.Framework</ModuleName>
      <Classes />
    </Module>
    <Module skippedDueTo="Filter" hash="43-BB-24-58-84-E8-38-62-FC-E6-B5-B2-51-43-65-71-D8-E9-CB-9E">
      <ModulePath>c:\program files\dotnet\shared\Microsoft.NETCore.App\1.1.0\System.Console.dll</ModulePath>
      <ModuleTime>2016-11-08T22:08:34Z</ModuleTime>
      <ModuleName>System.Console</ModuleName>
      <Classes />
    </Module>
    <Module skippedDueTo="Filter" hash="14-5B-BE-DC-E6-9E-B3-07-D0-4C-7B-E9-94-C5-2F-5B-BF-CB-CC-4D">
      <ModulePath>c:\program files\dotnet\sdk\1.0.0-rc4-004771\System.Collections.NonGeneric.dll</ModulePath>
      <ModuleTime>2017-02-06T23:43:32Z</ModuleTime>
      <ModuleName>System.Collections.NonGeneric</ModuleName>
      <Classes />
    </Module>
    <Module skippedDueTo="Filter" hash="6D-6E-B7-42-41-CF-49-B5-04-CC-B4-3E-B6-C1-5E-07-5D-9B-EA-37">
      <ModulePath>c:\program files\dotnet\sdk\1.0.0-rc4-004771\Microsoft.Build.dll</ModulePath>
      <ModuleTime>2017-02-06T23:43:32Z</ModuleTime>
      <ModuleName>Microsoft.Build</ModuleName>
      <Classes />
    </Module>
    <Module skippedDueTo="Filter" hash="FF-CB-37-AF-65-57-CC-CC-CE-0A-56-9F-2B-74-48-41-D7-76-1C-60">
      <ModulePath>c:\program files\dotnet\shared\Microsoft.NETCore.App\1.1.0\System.Threading.Tasks.dll</ModulePath>
      <ModuleTime>2016-11-08T22:08:44Z</ModuleTime>
      <ModuleName>System.Threading.Tasks</ModuleName>
      <Classes />
    </Module>
    <Module skippedDueTo="Filter" hash="D0-E8-8E-59-E8-33-55-3B-BB-BD-82-00-40-BD-7B-22-93-9A-71-2C">
      <ModulePath>c:\program files\dotnet\sdk\1.0.0-rc4-004771\runtimes\win\lib\netstandard1.3\System.IO.Pipes.dll</ModulePath>
      <ModuleTime>2017-02-06T23:43:30Z</ModuleTime>
      <ModuleName>System.IO.Pipes</ModuleName>
      <Classes />
    </Module>
    <Module skippedDueTo="Filter" hash="56-2E-6A-A4-AF-EA-86-EA-08-67-FF-56-D5-15-EC-4C-D4-B5-A1-1C">
      <ModulePath>c:\program files\dotnet\shared\Microsoft.NETCore.App\1.1.0\System.Text.Encoding.Extensions.dll</ModulePath>
      <ModuleTime>2016-11-08T22:08:30Z</ModuleTime>
      <ModuleName>System.Text.Encoding.Extensions</ModuleName>
      <Classes />
    </Module>
    <Module skippedDueTo="Filter" hash="5E-1E-C6-23-22-BF-B6-6B-53-2F-36-4C-4C-32-89-CA-ED-56-2A-DE">
      <ModulePath>c:\program files\dotnet\shared\Microsoft.NETCore.App\1.1.0\System.Text.Encoding.dll</ModulePath>
      <ModuleTime>2016-11-08T22:08:30Z</ModuleTime>
      <ModuleName>System.Text.Encoding</ModuleName>
      <Classes />
    </Module>
    <Module skippedDueTo="Filter" hash="CE-9B-C0-A8-02-09-2A-85-7B-10-F1-86-D0-15-CE-BD-6A-45-09-08">
      <ModulePath>c:\program files\dotnet\shared\Microsoft.NETCore.App\1.1.0\System.IO.dll</ModulePath>
      <ModuleTime>2016-11-08T22:08:28Z</ModuleTime>
      <ModuleName>System.IO</ModuleName>
      <Classes />
    </Module>
    <Module skippedDueTo="Filter" hash="CC-89-4F-B5-C8-64-88-99-8B-C2-B2-02-36-D0-2F-8C-A3-A4-60-B5">
      <ModulePath>c:\program files\dotnet\shared\Microsoft.NETCore.App\1.1.0\System.Threading.Thread.dll</ModulePath>
      <ModuleTime>2016-11-08T22:08:24Z</ModuleTime>
      <ModuleName>System.Threading.Thread</ModuleName>
      <Classes />
    </Module>
    <Module skippedDueTo="Filter" hash="91-CE-71-4E-85-93-92-D5-CC-F2-BF-CA-6C-EA-1D-88-12-C4-98-C1">
      <ModulePath>c:\program files\dotnet\sdk\1.0.0-rc4-004771\System.Xml.XmlDocument.dll</ModulePath>
      <ModuleTime>2017-02-06T23:43:00Z</ModuleTime>
      <ModuleName>System.Xml.XmlDocument</ModuleName>
      <Classes />
    </Module>
    <Module skippedDueTo="Filter" hash="91-CE-71-4E-85-93-92-D5-CC-F2-BF-CA-6C-EA-1D-88-12-C4-98-C1">
      <ModulePath>c:\program files\dotnet\sdk\1.0.0-rc4-004771\System.Xml.XmlDocument.dll</ModulePath>
      <ModuleTime>2017-02-06T23:43:00Z</ModuleTime>
      <ModuleName>System.Xml.XmlDocument</ModuleName>
      <Classes />
    </Module>
    <Module skippedDueTo="Filter" hash="91-CE-71-4E-85-93-92-D5-CC-F2-BF-CA-6C-EA-1D-88-12-C4-98-C1">
      <ModulePath>c:\program files\dotnet\sdk\1.0.0-rc4-004771\System.Xml.XmlDocument.dll</ModulePath>
      <ModuleTime>2017-02-06T23:43:00Z</ModuleTime>
      <ModuleName>System.Xml.XmlDocument</ModuleName>
      <Classes />
    </Module>
    <Module skippedDueTo="Filter" hash="91-CE-71-4E-85-93-92-D5-CC-F2-BF-CA-6C-EA-1D-88-12-C4-98-C1">
      <ModulePath>c:\program files\dotnet\sdk\1.0.0-rc4-004771\System.Xml.XmlDocument.dll</ModulePath>
      <ModuleTime>2017-02-06T23:43:00Z</ModuleTime>
      <ModuleName>System.Xml.XmlDocument</ModuleName>
      <Classes />
    </Module>
    <Module skippedDueTo="Filter" hash="B8-D4-0D-64-AF-00-BD-6C-46-22-6C-63-FB-6B-9D-54-E9-6B-DC-57">
      <ModulePath>c:\program files\dotnet\shared\Microsoft.NETCore.App\1.1.0\System.Xml.ReaderWriter.dll</ModulePath>
      <ModuleTime>2016-11-08T22:08:42Z</ModuleTime>
      <ModuleName>System.Xml.ReaderWriter</ModuleName>
      <Classes />
    </Module>
    <Module skippedDueTo="Filter" hash="91-CE-71-4E-85-93-92-D5-CC-F2-BF-CA-6C-EA-1D-88-12-C4-98-C1">
      <ModulePath>c:\program files\dotnet\sdk\1.0.0-rc4-004771\System.Xml.XmlDocument.dll</ModulePath>
      <ModuleTime>2017-02-06T23:43:00Z</ModuleTime>
      <ModuleName>System.Xml.XmlDocument</ModuleName>
      <Classes />
    </Module>
    <Module skippedDueTo="Filter" hash="91-CE-71-4E-85-93-92-D5-CC-F2-BF-CA-6C-EA-1D-88-12-C4-98-C1">
      <ModulePath>c:\program files\dotnet\sdk\1.0.0-rc4-004771\System.Xml.XmlDocument.dll</ModulePath>
      <ModuleTime>2017-02-06T23:43:00Z</ModuleTime>
      <ModuleName>System.Xml.XmlDocument</ModuleName>
      <Classes />
    </Module>
    <Module skippedDueTo="Filter" hash="B8-D4-0D-64-AF-00-BD-6C-46-22-6C-63-FB-6B-9D-54-E9-6B-DC-57">
      <ModulePath>c:\program files\dotnet\shared\Microsoft.NETCore.App\1.1.0\System.Xml.ReaderWriter.dll</ModulePath>
      <ModuleTime>2016-11-08T22:08:42Z</ModuleTime>
      <ModuleName>System.Xml.ReaderWriter</ModuleName>
      <Classes />
    </Module>
    <Module skippedDueTo="Filter" hash="65-6C-47-42-E6-40-10-56-15-99-1F-9D-20-AF-9F-88-A9-00-D2-6D">
      <ModulePath>c:\program files\dotnet\shared\Microsoft.NETCore.App\1.1.0\System.Private.Uri.dll</ModulePath>
      <ModuleTime>2016-11-08T22:08:36Z</ModuleTime>
      <ModuleName>System.Private.Uri</ModuleName>
      <Classes />
    </Module>
    <Module skippedDueTo="Filter" hash="B8-D4-0D-64-AF-00-BD-6C-46-22-6C-63-FB-6B-9D-54-E9-6B-DC-57">
      <ModulePath>c:\program files\dotnet\shared\Microsoft.NETCore.App\1.1.0\System.Xml.ReaderWriter.dll</ModulePath>
      <ModuleTime>2016-11-08T22:08:42Z</ModuleTime>
      <ModuleName>System.Xml.ReaderWriter</ModuleName>
      <Classes />
    </Module>
    <Module skippedDueTo="Filter" hash="B8-D4-0D-64-AF-00-BD-6C-46-22-6C-63-FB-6B-9D-54-E9-6B-DC-57">
      <ModulePath>c:\program files\dotnet\shared\Microsoft.NETCore.App\1.1.0\System.Xml.ReaderWriter.dll</ModulePath>
      <ModuleTime>2016-11-08T22:08:42Z</ModuleTime>
      <ModuleName>System.Xml.ReaderWriter</ModuleName>
      <Classes />
    </Module>
    <Module skippedDueTo="Filter" hash="B8-D4-0D-64-AF-00-BD-6C-46-22-6C-63-FB-6B-9D-54-E9-6B-DC-57">
      <ModulePath>c:\program files\dotnet\shared\Microsoft.NETCore.App\1.1.0\System.Xml.ReaderWriter.dll</ModulePath>
      <ModuleTime>2016-11-08T22:08:42Z</ModuleTime>
      <ModuleName>System.Xml.ReaderWriter</ModuleName>
      <Classes />
    </Module>
    <Module skippedDueTo="Filter" hash="B8-D4-0D-64-AF-00-BD-6C-46-22-6C-63-FB-6B-9D-54-E9-6B-DC-57">
      <ModulePath>c:\program files\dotnet\shared\Microsoft.NETCore.App\1.1.0\System.Xml.ReaderWriter.dll</ModulePath>
      <ModuleTime>2016-11-08T22:08:42Z</ModuleTime>
      <ModuleName>System.Xml.ReaderWriter</ModuleName>
      <Classes />
    </Module>
    <Module skippedDueTo="Filter" hash="65-6C-47-42-E6-40-10-56-15-99-1F-9D-20-AF-9F-88-A9-00-D2-6D">
      <ModulePath>c:\program files\dotnet\shared\Microsoft.NETCore.App\1.1.0\System.Private.Uri.dll</ModulePath>
      <ModuleTime>2016-11-08T22:08:36Z</ModuleTime>
      <ModuleName>System.Private.Uri</ModuleName>
      <Classes />
    </Module>
    <Module skippedDueTo="Filter" hash="65-6C-47-42-E6-40-10-56-15-99-1F-9D-20-AF-9F-88-A9-00-D2-6D">
      <ModulePath>c:\program files\dotnet\shared\Microsoft.NETCore.App\1.1.0\System.Private.Uri.dll</ModulePath>
      <ModuleTime>2016-11-08T22:08:36Z</ModuleTime>
      <ModuleName>System.Private.Uri</ModuleName>
      <Classes />
    </Module>
    <Module skippedDueTo="Filter" hash="65-6C-47-42-E6-40-10-56-15-99-1F-9D-20-AF-9F-88-A9-00-D2-6D">
      <ModulePath>c:\program files\dotnet\shared\Microsoft.NETCore.App\1.1.0\System.Private.Uri.dll</ModulePath>
      <ModuleTime>2016-11-08T22:08:36Z</ModuleTime>
      <ModuleName>System.Private.Uri</ModuleName>
      <Classes />
    </Module>
    <Module skippedDueTo="Filter" hash="65-6C-47-42-E6-40-10-56-15-99-1F-9D-20-AF-9F-88-A9-00-D2-6D">
      <ModulePath>c:\program files\dotnet\shared\Microsoft.NETCore.App\1.1.0\System.Private.Uri.dll</ModulePath>
      <ModuleTime>2016-11-08T22:08:36Z</ModuleTime>
      <ModuleName>System.Private.Uri</ModuleName>
      <Classes />
    </Module>
    <Module skippedDueTo="Filter" hash="65-6C-47-42-E6-40-10-56-15-99-1F-9D-20-AF-9F-88-A9-00-D2-6D">
      <ModulePath>c:\program files\dotnet\shared\Microsoft.NETCore.App\1.1.0\System.Private.Uri.dll</ModulePath>
      <ModuleTime>2016-11-08T22:08:36Z</ModuleTime>
      <ModuleName>System.Private.Uri</ModuleName>
      <Classes />
    </Module>
    <Module skippedDueTo="Filter" hash="22-BE-B9-72-7F-AD-73-EC-69-ED-0D-7A-56-95-89-7A-C4-35-A9-BC">
      <ModulePath>c:\program files\dotnet\shared\Microsoft.NETCore.App\1.1.0\System.Reflection.Primitives.dll</ModulePath>
      <ModuleTime>2016-11-08T22:08:36Z</ModuleTime>
      <ModuleName>System.Reflection.Primitives</ModuleName>
      <Classes />
    </Module>
    <Module skippedDueTo="Filter" hash="22-BE-B9-72-7F-AD-73-EC-69-ED-0D-7A-56-95-89-7A-C4-35-A9-BC">
      <ModulePath>c:\program files\dotnet\shared\Microsoft.NETCore.App\1.1.0\System.Reflection.Primitives.dll</ModulePath>
      <ModuleTime>2016-11-08T22:08:36Z</ModuleTime>
      <ModuleName>System.Reflection.Primitives</ModuleName>
      <Classes />
    </Module>
    <Module skippedDueTo="Filter" hash="22-BE-B9-72-7F-AD-73-EC-69-ED-0D-7A-56-95-89-7A-C4-35-A9-BC">
      <ModulePath>c:\program files\dotnet\shared\Microsoft.NETCore.App\1.1.0\System.Reflection.Primitives.dll</ModulePath>
      <ModuleTime>2016-11-08T22:08:36Z</ModuleTime>
      <ModuleName>System.Reflection.Primitives</ModuleName>
      <Classes />
    </Module>
    <Module skippedDueTo="Filter" hash="22-BE-B9-72-7F-AD-73-EC-69-ED-0D-7A-56-95-89-7A-C4-35-A9-BC">
      <ModulePath>c:\program files\dotnet\shared\Microsoft.NETCore.App\1.1.0\System.Reflection.Primitives.dll</ModulePath>
      <ModuleTime>2016-11-08T22:08:36Z</ModuleTime>
      <ModuleName>System.Reflection.Primitives</ModuleName>
      <Classes />
    </Module>
    <Module skippedDueTo="Filter" hash="22-BE-B9-72-7F-AD-73-EC-69-ED-0D-7A-56-95-89-7A-C4-35-A9-BC">
      <ModulePath>c:\program files\dotnet\shared\Microsoft.NETCore.App\1.1.0\System.Reflection.Primitives.dll</ModulePath>
      <ModuleTime>2016-11-08T22:08:36Z</ModuleTime>
      <ModuleName>System.Reflection.Primitives</ModuleName>
      <Classes />
    </Module>
    <Module skippedDueTo="Filter" hash="22-BE-B9-72-7F-AD-73-EC-69-ED-0D-7A-56-95-89-7A-C4-35-A9-BC">
      <ModulePath>c:\program files\dotnet\shared\Microsoft.NETCore.App\1.1.0\System.Reflection.Primitives.dll</ModulePath>
      <ModuleTime>2016-11-08T22:08:36Z</ModuleTime>
      <ModuleName>System.Reflection.Primitives</ModuleName>
      <Classes />
    </Module>
    <Module skippedDueTo="Filter" hash="3D-F3-9A-F0-42-BD-3D-64-B9-D6-6E-87-21-BE-92-80-43-74-92-C7">
      <ModulePath>c:\program files\dotnet\shared\Microsoft.NETCore.App\1.1.0\System.ObjectModel.dll</ModulePath>
      <ModuleTime>2016-11-08T22:08:32Z</ModuleTime>
      <ModuleName>System.ObjectModel</ModuleName>
      <Classes />
    </Module>
    <Module skippedDueTo="Filter" hash="DD-DD-46-F3-42-9D-27-10-56-F6-13-2E-49-FE-7C-30-3E-08-EF-07">
      <ModulePath>c:\program files\dotnet\shared\Microsoft.NETCore.App\1.1.0\System.Threading.Tasks.Dataflow.dll</ModulePath>
      <ModuleTime>2016-11-08T22:08:34Z</ModuleTime>
      <ModuleName>System.Threading.Tasks.Dataflow</ModuleName>
      <Classes />
    </Module>
    <Module skippedDueTo="Filter" hash="26-4B-73-C5-45-5F-07-BB-D2-50-32-B5-E6-73-AD-0C-13-2E-15-43">
      <ModulePath>c:\program files\dotnet\shared\Microsoft.NETCore.App\1.1.0\System.Diagnostics.Tracing.dll</ModulePath>
      <ModuleTime>2016-11-08T22:08:50Z</ModuleTime>
      <ModuleName>System.Diagnostics.Tracing</ModuleName>
      <Classes />
    </Module>
    <Module skippedDueTo="Filter" hash="A4-6E-55-83-2F-43-DE-A9-B5-EE-C3-02-DC-00-0B-5A-62-AA-C8-2F">
      <ModulePath>c:\program files\dotnet\shared\Microsoft.NETCore.App\1.1.0\System.Collections.Concurrent.dll</ModulePath>
      <ModuleTime>2016-11-08T22:08:50Z</ModuleTime>
      <ModuleName>System.Collections.Concurrent</ModuleName>
      <Classes />
    </Module>
    <Module skippedDueTo="Filter" hash="73-73-12-1A-DA-3C-71-0D-6A-DA-BA-63-32-03-79-94-AC-5E-4B-13">
      <ModulePath>c:\program files\dotnet\shared\Microsoft.NETCore.App\1.1.0\System.Reflection.Extensions.dll</ModulePath>
      <ModuleTime>2016-11-08T22:08:36Z</ModuleTime>
      <ModuleName>System.Reflection.Extensions</ModuleName>
      <Classes />
    </Module>
    <Module skippedDueTo="Filter" hash="6A-04-84-DA-6E-1A-C8-BA-0C-65-9B-25-41-13-BF-90-58-08-9D-4C">
      <ModulePath>c:\program files\dotnet\shared\Microsoft.NETCore.App\1.1.0\System.Resources.ResourceManager.dll</ModulePath>
      <ModuleTime>2016-11-08T22:09:00Z</ModuleTime>
      <ModuleName>System.Resources.ResourceManager</ModuleName>
      <Classes />
    </Module>
    <Module skippedDueTo="Filter" hash="07-42-E7-93-3D-80-04-81-1A-76-66-DE-C1-79-CD-94-88-4E-78-D9">
      <ModulePath>c:\program files\dotnet\sdk\1.0.0-rc4-004771\Microsoft.Build.Utilities.Core.dll</ModulePath>
      <ModuleTime>2017-02-06T23:43:32Z</ModuleTime>
      <ModuleName>Microsoft.Build.Utilities.Core</ModuleName>
      <Classes />
    </Module>
    <Module skippedDueTo="Filter" hash="07-42-E7-93-3D-80-04-81-1A-76-66-DE-C1-79-CD-94-88-4E-78-D9">
      <ModulePath>c:\program files\dotnet\sdk\1.0.0-rc4-004771\Microsoft.Build.Utilities.Core.dll</ModulePath>
      <ModuleTime>2017-02-06T23:43:32Z</ModuleTime>
      <ModuleName>Microsoft.Build.Utilities.Core</ModuleName>
      <Classes />
    </Module>
    <Module skippedDueTo="Filter" hash="07-42-E7-93-3D-80-04-81-1A-76-66-DE-C1-79-CD-94-88-4E-78-D9">
      <ModulePath>c:\program files\dotnet\sdk\1.0.0-rc4-004771\Microsoft.Build.Utilities.Core.dll</ModulePath>
      <ModuleTime>2017-02-06T23:43:32Z</ModuleTime>
      <ModuleName>Microsoft.Build.Utilities.Core</ModuleName>
      <Classes />
    </Module>
    <Module skippedDueTo="Filter" hash="07-42-E7-93-3D-80-04-81-1A-76-66-DE-C1-79-CD-94-88-4E-78-D9">
      <ModulePath>c:\program files\dotnet\sdk\1.0.0-rc4-004771\Microsoft.Build.Utilities.Core.dll</ModulePath>
      <ModuleTime>2017-02-06T23:43:32Z</ModuleTime>
      <ModuleName>Microsoft.Build.Utilities.Core</ModuleName>
      <Classes />
    </Module>
    <Module skippedDueTo="Filter" hash="07-42-E7-93-3D-80-04-81-1A-76-66-DE-C1-79-CD-94-88-4E-78-D9">
      <ModulePath>c:\program files\dotnet\sdk\1.0.0-rc4-004771\Microsoft.Build.Utilities.Core.dll</ModulePath>
      <ModuleTime>2017-02-06T23:43:32Z</ModuleTime>
      <ModuleName>Microsoft.Build.Utilities.Core</ModuleName>
      <Classes />
    </Module>
    <Module skippedDueTo="Filter" hash="07-42-E7-93-3D-80-04-81-1A-76-66-DE-C1-79-CD-94-88-4E-78-D9">
      <ModulePath>c:\program files\dotnet\sdk\1.0.0-rc4-004771\Microsoft.Build.Utilities.Core.dll</ModulePath>
      <ModuleTime>2017-02-06T23:43:32Z</ModuleTime>
      <ModuleName>Microsoft.Build.Utilities.Core</ModuleName>
      <Classes />
    </Module>
    <Module skippedDueTo="Filter" hash="91-CE-71-4E-85-93-92-D5-CC-F2-BF-CA-6C-EA-1D-88-12-C4-98-C1">
      <ModulePath>c:\program files\dotnet\sdk\1.0.0-rc4-004771\System.Xml.XmlDocument.dll</ModulePath>
      <ModuleTime>2017-02-06T23:43:00Z</ModuleTime>
      <ModuleName>System.Xml.XmlDocument</ModuleName>
      <Classes />
    </Module>
    <Module skippedDueTo="Filter" hash="79-54-95-D7-E4-89-3A-B2-73-8A-8A-8E-66-C5-CE-F0-75-57-B2-31">
      <ModulePath>c:\program files\dotnet\sdk\1.0.0-rc4-004771\System.Collections.Immutable.dll</ModulePath>
      <ModuleTime>2017-02-06T23:43:30Z</ModuleTime>
      <ModuleName>System.Collections.Immutable</ModuleName>
      <Classes />
    </Module>
    <Module skippedDueTo="Filter" hash="79-54-95-D7-E4-89-3A-B2-73-8A-8A-8E-66-C5-CE-F0-75-57-B2-31">
      <ModulePath>c:\program files\dotnet\sdk\1.0.0-rc4-004771\System.Collections.Immutable.dll</ModulePath>
      <ModuleTime>2017-02-06T23:43:30Z</ModuleTime>
      <ModuleName>System.Collections.Immutable</ModuleName>
      <Classes />
    </Module>
    <Module skippedDueTo="Filter" hash="79-54-95-D7-E4-89-3A-B2-73-8A-8A-8E-66-C5-CE-F0-75-57-B2-31">
      <ModulePath>c:\program files\dotnet\sdk\1.0.0-rc4-004771\System.Collections.Immutable.dll</ModulePath>
      <ModuleTime>2017-02-06T23:43:30Z</ModuleTime>
      <ModuleName>System.Collections.Immutable</ModuleName>
      <Classes />
    </Module>
    <Module skippedDueTo="Filter" hash="B8-D4-0D-64-AF-00-BD-6C-46-22-6C-63-FB-6B-9D-54-E9-6B-DC-57">
      <ModulePath>c:\program files\dotnet\shared\Microsoft.NETCore.App\1.1.0\System.Xml.ReaderWriter.dll</ModulePath>
      <ModuleTime>2016-11-08T22:08:42Z</ModuleTime>
      <ModuleName>System.Xml.ReaderWriter</ModuleName>
      <Classes />
    </Module>
    <Module skippedDueTo="Filter" hash="79-54-95-D7-E4-89-3A-B2-73-8A-8A-8E-66-C5-CE-F0-75-57-B2-31">
      <ModulePath>c:\program files\dotnet\sdk\1.0.0-rc4-004771\System.Collections.Immutable.dll</ModulePath>
      <ModuleTime>2017-02-06T23:43:30Z</ModuleTime>
      <ModuleName>System.Collections.Immutable</ModuleName>
      <Classes />
    </Module>
    <Module skippedDueTo="Filter" hash="65-6C-47-42-E6-40-10-56-15-99-1F-9D-20-AF-9F-88-A9-00-D2-6D">
      <ModulePath>c:\program files\dotnet\shared\Microsoft.NETCore.App\1.1.0\System.Private.Uri.dll</ModulePath>
      <ModuleTime>2016-11-08T22:08:36Z</ModuleTime>
      <ModuleName>System.Private.Uri</ModuleName>
      <Classes />
    </Module>
    <Module skippedDueTo="Filter" hash="79-54-95-D7-E4-89-3A-B2-73-8A-8A-8E-66-C5-CE-F0-75-57-B2-31">
      <ModulePath>c:\program files\dotnet\sdk\1.0.0-rc4-004771\System.Collections.Immutable.dll</ModulePath>
      <ModuleTime>2017-02-06T23:43:30Z</ModuleTime>
      <ModuleName>System.Collections.Immutable</ModuleName>
      <Classes />
    </Module>
    <Module skippedDueTo="Filter" hash="79-54-95-D7-E4-89-3A-B2-73-8A-8A-8E-66-C5-CE-F0-75-57-B2-31">
      <ModulePath>c:\program files\dotnet\sdk\1.0.0-rc4-004771\System.Collections.Immutable.dll</ModulePath>
      <ModuleTime>2017-02-06T23:43:30Z</ModuleTime>
      <ModuleName>System.Collections.Immutable</ModuleName>
      <Classes />
    </Module>
    <Module skippedDueTo="Filter" hash="22-BE-B9-72-7F-AD-73-EC-69-ED-0D-7A-56-95-89-7A-C4-35-A9-BC">
      <ModulePath>c:\program files\dotnet\shared\Microsoft.NETCore.App\1.1.0\System.Reflection.Primitives.dll</ModulePath>
      <ModuleTime>2016-11-08T22:08:36Z</ModuleTime>
      <ModuleName>System.Reflection.Primitives</ModuleName>
      <Classes />
    </Module>
    <Module skippedDueTo="Filter" hash="07-42-E7-93-3D-80-04-81-1A-76-66-DE-C1-79-CD-94-88-4E-78-D9">
      <ModulePath>c:\program files\dotnet\sdk\1.0.0-rc4-004771\Microsoft.Build.Utilities.Core.dll</ModulePath>
      <ModuleTime>2017-02-06T23:43:32Z</ModuleTime>
      <ModuleName>Microsoft.Build.Utilities.Core</ModuleName>
      <Classes />
    </Module>
    <Module skippedDueTo="Filter" hash="B8-AA-6F-8C-81-35-EC-FF-1E-2F-18-3C-66-37-55-F0-CB-54-3A-2B">
      <ModulePath>c:\program files\dotnet\shared\Microsoft.NETCore.App\1.1.0\System.Runtime.Loader.dll</ModulePath>
      <ModuleTime>2016-11-08T22:08:40Z</ModuleTime>
      <ModuleName>System.Runtime.Loader</ModuleName>
      <Classes />
    </Module>
    <Module skippedDueTo="Filter" hash="B8-AA-6F-8C-81-35-EC-FF-1E-2F-18-3C-66-37-55-F0-CB-54-3A-2B">
      <ModulePath>c:\program files\dotnet\shared\Microsoft.NETCore.App\1.1.0\System.Runtime.Loader.dll</ModulePath>
      <ModuleTime>2016-11-08T22:08:40Z</ModuleTime>
      <ModuleName>System.Runtime.Loader</ModuleName>
      <Classes />
    </Module>
    <Module skippedDueTo="Filter" hash="A3-39-D7-A0-0D-1E-1E-FA-7F-32-C2-03-35-E2-7F-45-53-74-5F-EC">
      <ModulePath>c:\program files\dotnet\sdk\1.0.0-rc4-004771\Sdks\Microsoft.NET.Sdk\build\..\tools\netcoreapp1.0/Microsoft.NET.Build.Tasks.dll</ModulePath>
      <ModuleTime>2017-02-06T23:43:00Z</ModuleTime>
      <ModuleName>Microsoft.NET.Build.Tasks</ModuleName>
      <Classes />
    </Module>
    <Module skippedDueTo="Filter" hash="B8-AA-6F-8C-81-35-EC-FF-1E-2F-18-3C-66-37-55-F0-CB-54-3A-2B">
      <ModulePath>c:\program files\dotnet\shared\Microsoft.NETCore.App\1.1.0\System.Runtime.Loader.dll</ModulePath>
      <ModuleTime>2016-11-08T22:08:40Z</ModuleTime>
      <ModuleName>System.Runtime.Loader</ModuleName>
      <Classes />
    </Module>
    <Module skippedDueTo="Filter" hash="A3-39-D7-A0-0D-1E-1E-FA-7F-32-C2-03-35-E2-7F-45-53-74-5F-EC">
      <ModulePath>c:\program files\dotnet\sdk\1.0.0-rc4-004771\Sdks\Microsoft.NET.Sdk\build\..\tools\netcoreapp1.0/Microsoft.NET.Build.Tasks.dll</ModulePath>
      <ModuleTime>2017-02-06T23:43:00Z</ModuleTime>
      <ModuleName>Microsoft.NET.Build.Tasks</ModuleName>
      <Classes />
    </Module>
    <Module skippedDueTo="Filter" hash="65-2F-37-A5-C7-6A-97-D7-2F-59-3C-D3-12-C3-7A-0D-5F-9E-82-EC">
      <ModulePath>c:\program files\dotnet\sdk\1.0.0-rc4-004771\NuGet.ProjectModel.dll</ModulePath>
      <ModuleTime>2017-02-06T23:43:32Z</ModuleTime>
      <ModuleName>NuGet.ProjectModel</ModuleName>
      <Classes />
    </Module>
    <Module skippedDueTo="Filter" hash="65-2F-37-A5-C7-6A-97-D7-2F-59-3C-D3-12-C3-7A-0D-5F-9E-82-EC">
      <ModulePath>c:\program files\dotnet\sdk\1.0.0-rc4-004771\NuGet.ProjectModel.dll</ModulePath>
      <ModuleTime>2017-02-06T23:43:32Z</ModuleTime>
      <ModuleName>NuGet.ProjectModel</ModuleName>
      <Classes />
    </Module>
    <Module skippedDueTo="Filter" hash="A3-39-D7-A0-0D-1E-1E-FA-7F-32-C2-03-35-E2-7F-45-53-74-5F-EC">
      <ModulePath>c:\program files\dotnet\sdk\1.0.0-rc4-004771\Sdks\Microsoft.NET.Sdk\build\..\tools\netcoreapp1.0/Microsoft.NET.Build.Tasks.dll</ModulePath>
      <ModuleTime>2017-02-06T23:43:00Z</ModuleTime>
      <ModuleName>Microsoft.NET.Build.Tasks</ModuleName>
      <Classes />
    </Module>
    <Module skippedDueTo="Filter" hash="B8-AA-6F-8C-81-35-EC-FF-1E-2F-18-3C-66-37-55-F0-CB-54-3A-2B">
      <ModulePath>c:\program files\dotnet\shared\Microsoft.NETCore.App\1.1.0\System.Runtime.Loader.dll</ModulePath>
      <ModuleTime>2016-11-08T22:08:40Z</ModuleTime>
      <ModuleName>System.Runtime.Loader</ModuleName>
      <Classes />
    </Module>
    <Module skippedDueTo="Filter" hash="65-2F-37-A5-C7-6A-97-D7-2F-59-3C-D3-12-C3-7A-0D-5F-9E-82-EC">
      <ModulePath>c:\program files\dotnet\sdk\1.0.0-rc4-004771\NuGet.ProjectModel.dll</ModulePath>
      <ModuleTime>2017-02-06T23:43:32Z</ModuleTime>
      <ModuleName>NuGet.ProjectModel</ModuleName>
      <Classes />
    </Module>
    <Module skippedDueTo="Filter" hash="A3-39-D7-A0-0D-1E-1E-FA-7F-32-C2-03-35-E2-7F-45-53-74-5F-EC">
      <ModulePath>c:\program files\dotnet\sdk\1.0.0-rc4-004771\Sdks\Microsoft.NET.Sdk\build\..\tools\netcoreapp1.0/Microsoft.NET.Build.Tasks.dll</ModulePath>
      <ModuleTime>2017-02-06T23:43:00Z</ModuleTime>
      <ModuleName>Microsoft.NET.Build.Tasks</ModuleName>
      <Classes />
    </Module>
    <Module skippedDueTo="Filter" hash="B8-AA-6F-8C-81-35-EC-FF-1E-2F-18-3C-66-37-55-F0-CB-54-3A-2B">
      <ModulePath>c:\program files\dotnet\shared\Microsoft.NETCore.App\1.1.0\System.Runtime.Loader.dll</ModulePath>
      <ModuleTime>2016-11-08T22:08:40Z</ModuleTime>
      <ModuleName>System.Runtime.Loader</ModuleName>
      <Classes />
    </Module>
    <Module skippedDueTo="Filter" hash="A3-39-D7-A0-0D-1E-1E-FA-7F-32-C2-03-35-E2-7F-45-53-74-5F-EC">
      <ModulePath>c:\program files\dotnet\sdk\1.0.0-rc4-004771\Sdks\Microsoft.NET.Sdk\build\..\tools\netcoreapp1.0/Microsoft.NET.Build.Tasks.dll</ModulePath>
      <ModuleTime>2017-02-06T23:43:00Z</ModuleTime>
      <ModuleName>Microsoft.NET.Build.Tasks</ModuleName>
      <Classes />
    </Module>
    <Module skippedDueTo="Filter" hash="B8-AA-6F-8C-81-35-EC-FF-1E-2F-18-3C-66-37-55-F0-CB-54-3A-2B">
      <ModulePath>c:\program files\dotnet\shared\Microsoft.NETCore.App\1.1.0\System.Runtime.Loader.dll</ModulePath>
      <ModuleTime>2016-11-08T22:08:40Z</ModuleTime>
      <ModuleName>System.Runtime.Loader</ModuleName>
      <Classes />
    </Module>
    <Module skippedDueTo="Filter" hash="65-2F-37-A5-C7-6A-97-D7-2F-59-3C-D3-12-C3-7A-0D-5F-9E-82-EC">
      <ModulePath>c:\program files\dotnet\sdk\1.0.0-rc4-004771\NuGet.ProjectModel.dll</ModulePath>
      <ModuleTime>2017-02-06T23:43:32Z</ModuleTime>
      <ModuleName>NuGet.ProjectModel</ModuleName>
      <Classes />
    </Module>
    <Module skippedDueTo="Filter" hash="79-54-95-D7-E4-89-3A-B2-73-8A-8A-8E-66-C5-CE-F0-75-57-B2-31">
      <ModulePath>c:\program files\dotnet\sdk\1.0.0-rc4-004771\System.Collections.Immutable.dll</ModulePath>
      <ModuleTime>2017-02-06T23:43:30Z</ModuleTime>
      <ModuleName>System.Collections.Immutable</ModuleName>
      <Classes />
    </Module>
    <Module skippedDueTo="Filter" hash="65-2F-37-A5-C7-6A-97-D7-2F-59-3C-D3-12-C3-7A-0D-5F-9E-82-EC">
      <ModulePath>c:\program files\dotnet\sdk\1.0.0-rc4-004771\NuGet.ProjectModel.dll</ModulePath>
      <ModuleTime>2017-02-06T23:43:32Z</ModuleTime>
      <ModuleName>NuGet.ProjectModel</ModuleName>
      <Classes />
    </Module>
    <Module skippedDueTo="Filter" hash="A3-39-D7-A0-0D-1E-1E-FA-7F-32-C2-03-35-E2-7F-45-53-74-5F-EC">
      <ModulePath>c:\program files\dotnet\sdk\1.0.0-rc4-004771\Sdks\Microsoft.NET.Sdk\build\..\tools\netcoreapp1.0/Microsoft.NET.Build.Tasks.dll</ModulePath>
      <ModuleTime>2017-02-06T23:43:00Z</ModuleTime>
      <ModuleName>Microsoft.NET.Build.Tasks</ModuleName>
      <Classes />
    </Module>
    <Module skippedDueTo="Filter" hash="65-2F-37-A5-C7-6A-97-D7-2F-59-3C-D3-12-C3-7A-0D-5F-9E-82-EC">
      <ModulePath>c:\program files\dotnet\sdk\1.0.0-rc4-004771\NuGet.ProjectModel.dll</ModulePath>
      <ModuleTime>2017-02-06T23:43:32Z</ModuleTime>
      <ModuleName>NuGet.ProjectModel</ModuleName>
      <Classes />
    </Module>
    <Module skippedDueTo="Filter" hash="57-98-94-E8-01-49-1B-42-C1-9E-75-92-0B-86-2D-E3-CD-DC-27-87">
      <ModulePath>c:\program files\dotnet\sdk\1.0.0-rc4-004771\Microsoft.Build.Tasks.Core.dll</ModulePath>
      <ModuleTime>2017-02-06T23:43:02Z</ModuleTime>
      <ModuleName>Microsoft.Build.Tasks.Core</ModuleName>
      <Classes />
    </Module>
    <Module skippedDueTo="Filter" hash="57-98-94-E8-01-49-1B-42-C1-9E-75-92-0B-86-2D-E3-CD-DC-27-87">
      <ModulePath>c:\program files\dotnet\sdk\1.0.0-rc4-004771\Microsoft.Build.Tasks.Core.dll</ModulePath>
      <ModuleTime>2017-02-06T23:43:02Z</ModuleTime>
      <ModuleName>Microsoft.Build.Tasks.Core</ModuleName>
      <Classes />
    </Module>
    <Module skippedDueTo="Filter" hash="57-98-94-E8-01-49-1B-42-C1-9E-75-92-0B-86-2D-E3-CD-DC-27-87">
      <ModulePath>c:\program files\dotnet\sdk\1.0.0-rc4-004771\Microsoft.Build.Tasks.Core.dll</ModulePath>
      <ModuleTime>2017-02-06T23:43:02Z</ModuleTime>
      <ModuleName>Microsoft.Build.Tasks.Core</ModuleName>
      <Classes />
    </Module>
    <Module skippedDueTo="Filter" hash="57-98-94-E8-01-49-1B-42-C1-9E-75-92-0B-86-2D-E3-CD-DC-27-87">
      <ModulePath>c:\program files\dotnet\sdk\1.0.0-rc4-004771\Microsoft.Build.Tasks.Core.dll</ModulePath>
      <ModuleTime>2017-02-06T23:43:02Z</ModuleTime>
      <ModuleName>Microsoft.Build.Tasks.Core</ModuleName>
      <Classes />
    </Module>
    <Module skippedDueTo="Filter" hash="2D-01-60-D0-B1-C2-36-EA-D5-E6-7D-4D-8E-12-79-5E-46-D2-EB-89">
      <ModulePath>c:\program files\dotnet\sdk\1.0.0-rc4-004771\NuGet.Common.dll</ModulePath>
      <ModuleTime>2017-02-06T23:43:30Z</ModuleTime>
      <ModuleName>NuGet.Common</ModuleName>
      <Classes />
    </Module>
    <Module skippedDueTo="Filter" hash="2D-01-60-D0-B1-C2-36-EA-D5-E6-7D-4D-8E-12-79-5E-46-D2-EB-89">
      <ModulePath>c:\program files\dotnet\sdk\1.0.0-rc4-004771\NuGet.Common.dll</ModulePath>
      <ModuleTime>2017-02-06T23:43:30Z</ModuleTime>
      <ModuleName>NuGet.Common</ModuleName>
      <Classes />
    </Module>
    <Module skippedDueTo="Filter" hash="2D-01-60-D0-B1-C2-36-EA-D5-E6-7D-4D-8E-12-79-5E-46-D2-EB-89">
      <ModulePath>c:\program files\dotnet\sdk\1.0.0-rc4-004771\NuGet.Common.dll</ModulePath>
      <ModuleTime>2017-02-06T23:43:30Z</ModuleTime>
      <ModuleName>NuGet.Common</ModuleName>
      <Classes />
    </Module>
    <Module skippedDueTo="Filter" hash="CB-F8-FF-AA-4E-4C-E0-7F-9A-8C-E4-62-9D-B2-E7-11-D5-6D-41-66">
      <ModulePath>c:\program files\dotnet\sdk\1.0.0-rc4-004771\Newtonsoft.Json.dll</ModulePath>
      <ModuleTime>2017-02-06T23:39:44Z</ModuleTime>
      <ModuleName>Newtonsoft.Json</ModuleName>
      <Classes />
    </Module>
    <Module skippedDueTo="Filter" hash="CB-F8-FF-AA-4E-4C-E0-7F-9A-8C-E4-62-9D-B2-E7-11-D5-6D-41-66">
      <ModulePath>c:\program files\dotnet\sdk\1.0.0-rc4-004771\Newtonsoft.Json.dll</ModulePath>
      <ModuleTime>2017-02-06T23:39:44Z</ModuleTime>
      <ModuleName>Newtonsoft.Json</ModuleName>
      <Classes />
    </Module>
    <Module skippedDueTo="Filter" hash="57-98-94-E8-01-49-1B-42-C1-9E-75-92-0B-86-2D-E3-CD-DC-27-87">
      <ModulePath>c:\program files\dotnet\sdk\1.0.0-rc4-004771\Microsoft.Build.Tasks.Core.dll</ModulePath>
      <ModuleTime>2017-02-06T23:43:02Z</ModuleTime>
      <ModuleName>Microsoft.Build.Tasks.Core</ModuleName>
      <Classes />
    </Module>
    <Module skippedDueTo="Filter" hash="D1-3C-87-81-E6-C4-91-B8-F8-4A-09-4A-99-35-88-D3-89-44-E2-C1">
      <ModulePath>c:\program files\dotnet\shared\Microsoft.NETCore.App\1.1.0\System.Dynamic.Runtime.dll</ModulePath>
      <ModuleTime>2016-11-08T22:08:26Z</ModuleTime>
      <ModuleName>System.Dynamic.Runtime</ModuleName>
      <Classes />
    </Module>
    <Module skippedDueTo="Filter" hash="79-69-F3-56-F4-8B-D4-9C-28-DF-4C-38-ED-18-92-7E-9B-4C-6A-73">
      <ModulePath>c:\program files\dotnet\shared\Microsoft.NETCore.App\1.1.0\System.Linq.Expressions.dll</ModulePath>
      <ModuleTime>2016-11-08T22:08:42Z</ModuleTime>
      <ModuleName>System.Linq.Expressions</ModuleName>
      <Classes />
    </Module>
    <Module skippedDueTo="Filter" hash="2D-01-60-D0-B1-C2-36-EA-D5-E6-7D-4D-8E-12-79-5E-46-D2-EB-89">
      <ModulePath>c:\program files\dotnet\sdk\1.0.0-rc4-004771\NuGet.Common.dll</ModulePath>
      <ModuleTime>2017-02-06T23:43:30Z</ModuleTime>
      <ModuleName>NuGet.Common</ModuleName>
      <Classes />
    </Module>
    <Module skippedDueTo="Filter" hash="D1-3C-87-81-E6-C4-91-B8-F8-4A-09-4A-99-35-88-D3-89-44-E2-C1">
      <ModulePath>c:\program files\dotnet\shared\Microsoft.NETCore.App\1.1.0\System.Dynamic.Runtime.dll</ModulePath>
      <ModuleTime>2016-11-08T22:08:26Z</ModuleTime>
      <ModuleName>System.Dynamic.Runtime</ModuleName>
      <Classes />
    </Module>
    <Module skippedDueTo="Filter" hash="2D-01-60-D0-B1-C2-36-EA-D5-E6-7D-4D-8E-12-79-5E-46-D2-EB-89">
      <ModulePath>c:\program files\dotnet\sdk\1.0.0-rc4-004771\NuGet.Common.dll</ModulePath>
      <ModuleTime>2017-02-06T23:43:30Z</ModuleTime>
      <ModuleName>NuGet.Common</ModuleName>
      <Classes />
    </Module>
    <Module skippedDueTo="Filter" hash="CB-F8-FF-AA-4E-4C-E0-7F-9A-8C-E4-62-9D-B2-E7-11-D5-6D-41-66">
      <ModulePath>c:\program files\dotnet\sdk\1.0.0-rc4-004771\Newtonsoft.Json.dll</ModulePath>
      <ModuleTime>2017-02-06T23:39:44Z</ModuleTime>
      <ModuleName>Newtonsoft.Json</ModuleName>
      <Classes />
    </Module>
    <Module skippedDueTo="Filter" hash="79-69-F3-56-F4-8B-D4-9C-28-DF-4C-38-ED-18-92-7E-9B-4C-6A-73">
      <ModulePath>c:\program files\dotnet\shared\Microsoft.NETCore.App\1.1.0\System.Linq.Expressions.dll</ModulePath>
      <ModuleTime>2016-11-08T22:08:42Z</ModuleTime>
      <ModuleName>System.Linq.Expressions</ModuleName>
      <Classes />
    </Module>
    <Module skippedDueTo="Filter" hash="D1-3C-87-81-E6-C4-91-B8-F8-4A-09-4A-99-35-88-D3-89-44-E2-C1">
      <ModulePath>c:\program files\dotnet\shared\Microsoft.NETCore.App\1.1.0\System.Dynamic.Runtime.dll</ModulePath>
      <ModuleTime>2016-11-08T22:08:26Z</ModuleTime>
      <ModuleName>System.Dynamic.Runtime</ModuleName>
      <Classes />
    </Module>
    <Module skippedDueTo="Filter" hash="CB-F8-FF-AA-4E-4C-E0-7F-9A-8C-E4-62-9D-B2-E7-11-D5-6D-41-66">
      <ModulePath>c:\program files\dotnet\sdk\1.0.0-rc4-004771\Newtonsoft.Json.dll</ModulePath>
      <ModuleTime>2017-02-06T23:39:44Z</ModuleTime>
      <ModuleName>Newtonsoft.Json</ModuleName>
      <Classes />
    </Module>
    <Module skippedDueTo="Filter" hash="6C-C2-CC-3F-4F-23-53-FD-15-89-12-CA-DE-6E-EF-A2-71-91-C4-32">
      <ModulePath>c:\program files\dotnet\sdk\1.0.0-rc4-004771\NuGet.Frameworks.dll</ModulePath>
      <ModuleTime>2017-02-06T23:43:38Z</ModuleTime>
      <ModuleName>NuGet.Frameworks</ModuleName>
      <Classes />
    </Module>
    <Module skippedDueTo="Filter" hash="CB-F8-FF-AA-4E-4C-E0-7F-9A-8C-E4-62-9D-B2-E7-11-D5-6D-41-66">
      <ModulePath>c:\program files\dotnet\sdk\1.0.0-rc4-004771\Newtonsoft.Json.dll</ModulePath>
      <ModuleTime>2017-02-06T23:39:44Z</ModuleTime>
      <ModuleName>Newtonsoft.Json</ModuleName>
      <Classes />
    </Module>
    <Module skippedDueTo="Filter" hash="57-98-94-E8-01-49-1B-42-C1-9E-75-92-0B-86-2D-E3-CD-DC-27-87">
      <ModulePath>c:\program files\dotnet\sdk\1.0.0-rc4-004771\Microsoft.Build.Tasks.Core.dll</ModulePath>
      <ModuleTime>2017-02-06T23:43:02Z</ModuleTime>
      <ModuleName>Microsoft.Build.Tasks.Core</ModuleName>
      <Classes />
    </Module>
    <Module skippedDueTo="Filter" hash="D1-3C-87-81-E6-C4-91-B8-F8-4A-09-4A-99-35-88-D3-89-44-E2-C1">
      <ModulePath>c:\program files\dotnet\shared\Microsoft.NETCore.App\1.1.0\System.Dynamic.Runtime.dll</ModulePath>
      <ModuleTime>2016-11-08T22:08:26Z</ModuleTime>
      <ModuleName>System.Dynamic.Runtime</ModuleName>
      <Classes />
    </Module>
    <Module skippedDueTo="Filter" hash="D1-3C-87-81-E6-C4-91-B8-F8-4A-09-4A-99-35-88-D3-89-44-E2-C1">
      <ModulePath>c:\program files\dotnet\shared\Microsoft.NETCore.App\1.1.0\System.Dynamic.Runtime.dll</ModulePath>
      <ModuleTime>2016-11-08T22:08:26Z</ModuleTime>
      <ModuleName>System.Dynamic.Runtime</ModuleName>
      <Classes />
    </Module>
    <Module skippedDueTo="Filter" hash="79-69-F3-56-F4-8B-D4-9C-28-DF-4C-38-ED-18-92-7E-9B-4C-6A-73">
      <ModulePath>c:\program files\dotnet\shared\Microsoft.NETCore.App\1.1.0\System.Linq.Expressions.dll</ModulePath>
      <ModuleTime>2016-11-08T22:08:42Z</ModuleTime>
      <ModuleName>System.Linq.Expressions</ModuleName>
      <Classes />
    </Module>
    <Module skippedDueTo="Filter" hash="DC-5A-DA-9D-58-58-AA-48-7C-1B-67-41-F4-E5-28-CC-93-FF-FE-16">
      <ModulePath>c:\program files\dotnet\sdk\1.0.0-rc4-004771\NuGet.Versioning.dll</ModulePath>
      <ModuleTime>2017-02-06T23:42:18Z</ModuleTime>
      <ModuleName>NuGet.Versioning</ModuleName>
      <Classes />
    </Module>
    <Module skippedDueTo="Filter" hash="79-69-F3-56-F4-8B-D4-9C-28-DF-4C-38-ED-18-92-7E-9B-4C-6A-73">
      <ModulePath>c:\program files\dotnet\shared\Microsoft.NETCore.App\1.1.0\System.Linq.Expressions.dll</ModulePath>
      <ModuleTime>2016-11-08T22:08:42Z</ModuleTime>
      <ModuleName>System.Linq.Expressions</ModuleName>
      <Classes />
    </Module>
    <Module skippedDueTo="Filter" hash="79-69-F3-56-F4-8B-D4-9C-28-DF-4C-38-ED-18-92-7E-9B-4C-6A-73">
      <ModulePath>c:\program files\dotnet\shared\Microsoft.NETCore.App\1.1.0\System.Linq.Expressions.dll</ModulePath>
      <ModuleTime>2016-11-08T22:08:42Z</ModuleTime>
      <ModuleName>System.Linq.Expressions</ModuleName>
      <Classes />
    </Module>
    <Module skippedDueTo="Filter" hash="2D-01-60-D0-B1-C2-36-EA-D5-E6-7D-4D-8E-12-79-5E-46-D2-EB-89">
      <ModulePath>c:\program files\dotnet\sdk\1.0.0-rc4-004771\NuGet.Common.dll</ModulePath>
      <ModuleTime>2017-02-06T23:43:30Z</ModuleTime>
      <ModuleName>NuGet.Common</ModuleName>
      <Classes />
    </Module>
    <Module skippedDueTo="Filter" hash="6C-C2-CC-3F-4F-23-53-FD-15-89-12-CA-DE-6E-EF-A2-71-91-C4-32">
      <ModulePath>c:\program files\dotnet\sdk\1.0.0-rc4-004771\NuGet.Frameworks.dll</ModulePath>
      <ModuleTime>2017-02-06T23:43:38Z</ModuleTime>
      <ModuleName>NuGet.Frameworks</ModuleName>
      <Classes />
    </Module>
    <Module skippedDueTo="Filter" hash="DC-5A-DA-9D-58-58-AA-48-7C-1B-67-41-F4-E5-28-CC-93-FF-FE-16">
      <ModulePath>c:\program files\dotnet\sdk\1.0.0-rc4-004771\NuGet.Versioning.dll</ModulePath>
      <ModuleTime>2017-02-06T23:42:18Z</ModuleTime>
      <ModuleName>NuGet.Versioning</ModuleName>
      <Classes />
    </Module>
    <Module skippedDueTo="Filter" hash="6C-C2-CC-3F-4F-23-53-FD-15-89-12-CA-DE-6E-EF-A2-71-91-C4-32">
      <ModulePath>c:\program files\dotnet\sdk\1.0.0-rc4-004771\NuGet.Frameworks.dll</ModulePath>
      <ModuleTime>2017-02-06T23:43:38Z</ModuleTime>
      <ModuleName>NuGet.Frameworks</ModuleName>
      <Classes />
    </Module>
    <Module skippedDueTo="Filter" hash="CB-F8-FF-AA-4E-4C-E0-7F-9A-8C-E4-62-9D-B2-E7-11-D5-6D-41-66">
      <ModulePath>c:\program files\dotnet\sdk\1.0.0-rc4-004771\Newtonsoft.Json.dll</ModulePath>
      <ModuleTime>2017-02-06T23:39:44Z</ModuleTime>
      <ModuleName>Newtonsoft.Json</ModuleName>
      <Classes />
    </Module>
    <Module skippedDueTo="Filter" hash="6C-C2-CC-3F-4F-23-53-FD-15-89-12-CA-DE-6E-EF-A2-71-91-C4-32">
      <ModulePath>c:\program files\dotnet\sdk\1.0.0-rc4-004771\NuGet.Frameworks.dll</ModulePath>
      <ModuleTime>2017-02-06T23:43:38Z</ModuleTime>
      <ModuleName>NuGet.Frameworks</ModuleName>
      <Classes />
    </Module>
    <Module skippedDueTo="Filter" hash="D1-3C-87-81-E6-C4-91-B8-F8-4A-09-4A-99-35-88-D3-89-44-E2-C1">
      <ModulePath>c:\program files\dotnet\shared\Microsoft.NETCore.App\1.1.0\System.Dynamic.Runtime.dll</ModulePath>
      <ModuleTime>2016-11-08T22:08:26Z</ModuleTime>
      <ModuleName>System.Dynamic.Runtime</ModuleName>
      <Classes />
    </Module>
    <Module skippedDueTo="Filter" hash="DC-5A-DA-9D-58-58-AA-48-7C-1B-67-41-F4-E5-28-CC-93-FF-FE-16">
      <ModulePath>c:\program files\dotnet\sdk\1.0.0-rc4-004771\NuGet.Versioning.dll</ModulePath>
      <ModuleTime>2017-02-06T23:42:18Z</ModuleTime>
      <ModuleName>NuGet.Versioning</ModuleName>
      <Classes />
    </Module>
    <Module skippedDueTo="Filter" hash="6C-C2-CC-3F-4F-23-53-FD-15-89-12-CA-DE-6E-EF-A2-71-91-C4-32">
      <ModulePath>c:\program files\dotnet\sdk\1.0.0-rc4-004771\NuGet.Frameworks.dll</ModulePath>
      <ModuleTime>2017-02-06T23:43:38Z</ModuleTime>
      <ModuleName>NuGet.Frameworks</ModuleName>
      <Classes />
    </Module>
    <Module skippedDueTo="Filter" hash="AB-DA-75-BA-76-83-E2-D6-01-B6-18-C5-53-9F-56-69-34-B3-4D-2F">
      <ModulePath>c:\program files\dotnet\sdk\1.0.0-rc4-004771\NuGet.Packaging.Core.Types.dll</ModulePath>
      <ModuleTime>2017-02-06T23:43:30Z</ModuleTime>
      <ModuleName>NuGet.Packaging.Core.Types</ModuleName>
      <Classes />
    </Module>
    <Module skippedDueTo="Filter" hash="DC-5A-DA-9D-58-58-AA-48-7C-1B-67-41-F4-E5-28-CC-93-FF-FE-16">
      <ModulePath>c:\program files\dotnet\sdk\1.0.0-rc4-004771\NuGet.Versioning.dll</ModulePath>
      <ModuleTime>2017-02-06T23:42:18Z</ModuleTime>
      <ModuleName>NuGet.Versioning</ModuleName>
      <Classes />
    </Module>
    <Module skippedDueTo="Filter" hash="DC-5A-DA-9D-58-58-AA-48-7C-1B-67-41-F4-E5-28-CC-93-FF-FE-16">
      <ModulePath>c:\program files\dotnet\sdk\1.0.0-rc4-004771\NuGet.Versioning.dll</ModulePath>
      <ModuleTime>2017-02-06T23:42:18Z</ModuleTime>
      <ModuleName>NuGet.Versioning</ModuleName>
      <Classes />
    </Module>
    <Module skippedDueTo="Filter" hash="79-69-F3-56-F4-8B-D4-9C-28-DF-4C-38-ED-18-92-7E-9B-4C-6A-73">
      <ModulePath>c:\program files\dotnet\shared\Microsoft.NETCore.App\1.1.0\System.Linq.Expressions.dll</ModulePath>
      <ModuleTime>2016-11-08T22:08:42Z</ModuleTime>
      <ModuleName>System.Linq.Expressions</ModuleName>
      <Classes />
    </Module>
    <Module skippedDueTo="Filter" hash="AB-DA-75-BA-76-83-E2-D6-01-B6-18-C5-53-9F-56-69-34-B3-4D-2F">
      <ModulePath>c:\program files\dotnet\sdk\1.0.0-rc4-004771\NuGet.Packaging.Core.Types.dll</ModulePath>
      <ModuleTime>2017-02-06T23:43:30Z</ModuleTime>
      <ModuleName>NuGet.Packaging.Core.Types</ModuleName>
      <Classes />
    </Module>
    <Module skippedDueTo="Filter" hash="A7-70-40-E1-75-85-9C-F0-F8-83-B4-FD-29-0F-0E-C4-DE-B1-3B-A5">
      <ModulePath>c:\program files\dotnet\sdk\1.0.0-rc4-004771\NuGet.LibraryModel.dll</ModulePath>
      <ModuleTime>2017-02-06T23:43:30Z</ModuleTime>
      <ModuleName>NuGet.LibraryModel</ModuleName>
      <Classes />
    </Module>
    <Module skippedDueTo="Filter" hash="6C-C2-CC-3F-4F-23-53-FD-15-89-12-CA-DE-6E-EF-A2-71-91-C4-32">
      <ModulePath>c:\program files\dotnet\sdk\1.0.0-rc4-004771\NuGet.Frameworks.dll</ModulePath>
      <ModuleTime>2017-02-06T23:43:38Z</ModuleTime>
      <ModuleName>NuGet.Frameworks</ModuleName>
      <Classes />
    </Module>
    <Module skippedDueTo="Filter" hash="E4-52-2C-5A-2E-DB-B3-12-59-75-4D-E9-3F-D5-D2-FC-1D-AA-E0-EE">
      <ModulePath>c:\program files\dotnet\sdk\1.0.0-rc4-004771\NuGet.Packaging.Core.dll</ModulePath>
      <ModuleTime>2017-02-06T23:43:32Z</ModuleTime>
      <ModuleName>NuGet.Packaging.Core</ModuleName>
      <Classes />
    </Module>
    <Module skippedDueTo="Filter" hash="AD-72-C3-25-71-C7-90-58-9C-5F-8A-85-1E-9E-E9-F4-BB-6E-6A-96">
      <ModulePath>c:\program files\dotnet\sdk\1.0.0-rc4-004771\NuGet.RuntimeModel.dll</ModulePath>
      <ModuleTime>2017-02-06T23:44:00Z</ModuleTime>
      <ModuleName>NuGet.RuntimeModel</ModuleName>
      <Classes />
    </Module>
    <Module skippedDueTo="Filter" hash="AB-DA-75-BA-76-83-E2-D6-01-B6-18-C5-53-9F-56-69-34-B3-4D-2F">
      <ModulePath>c:\program files\dotnet\sdk\1.0.0-rc4-004771\NuGet.Packaging.Core.Types.dll</ModulePath>
      <ModuleTime>2017-02-06T23:43:30Z</ModuleTime>
      <ModuleName>NuGet.Packaging.Core.Types</ModuleName>
      <Classes />
    </Module>
    <Module skippedDueTo="Filter" hash="AB-DA-75-BA-76-83-E2-D6-01-B6-18-C5-53-9F-56-69-34-B3-4D-2F">
      <ModulePath>c:\program files\dotnet\sdk\1.0.0-rc4-004771\NuGet.Packaging.Core.Types.dll</ModulePath>
      <ModuleTime>2017-02-06T23:43:30Z</ModuleTime>
      <ModuleName>NuGet.Packaging.Core.Types</ModuleName>
      <Classes />
    </Module>
    <Module skippedDueTo="Filter" hash="DC-5A-DA-9D-58-58-AA-48-7C-1B-67-41-F4-E5-28-CC-93-FF-FE-16">
      <ModulePath>c:\program files\dotnet\sdk\1.0.0-rc4-004771\NuGet.Versioning.dll</ModulePath>
      <ModuleTime>2017-02-06T23:42:18Z</ModuleTime>
      <ModuleName>NuGet.Versioning</ModuleName>
      <Classes />
    </Module>
    <Module skippedDueTo="Filter" hash="AB-DA-75-BA-76-83-E2-D6-01-B6-18-C5-53-9F-56-69-34-B3-4D-2F">
      <ModulePath>c:\program files\dotnet\sdk\1.0.0-rc4-004771\NuGet.Packaging.Core.Types.dll</ModulePath>
      <ModuleTime>2017-02-06T23:43:30Z</ModuleTime>
      <ModuleName>NuGet.Packaging.Core.Types</ModuleName>
      <Classes />
    </Module>
    <Module skippedDueTo="Filter" hash="A7-70-40-E1-75-85-9C-F0-F8-83-B4-FD-29-0F-0E-C4-DE-B1-3B-A5">
      <ModulePath>c:\program files\dotnet\sdk\1.0.0-rc4-004771\NuGet.LibraryModel.dll</ModulePath>
      <ModuleTime>2017-02-06T23:43:30Z</ModuleTime>
      <ModuleName>NuGet.LibraryModel</ModuleName>
      <Classes />
    </Module>
    <Module skippedDueTo="Filter" hash="9E-CA-64-98-C0-D2-82-C0-90-6C-CD-45-49-CB-67-00-41-50-2C-D3">
      <ModulePath>c:\program files\dotnet\sdk\1.0.0-rc4-004771\NuGet.Configuration.dll</ModulePath>
      <ModuleTime>2017-02-06T23:42:14Z</ModuleTime>
      <ModuleName>NuGet.Configuration</ModuleName>
      <Classes />
    </Module>
    <Module skippedDueTo="Filter" hash="A7-70-40-E1-75-85-9C-F0-F8-83-B4-FD-29-0F-0E-C4-DE-B1-3B-A5">
      <ModulePath>c:\program files\dotnet\sdk\1.0.0-rc4-004771\NuGet.LibraryModel.dll</ModulePath>
      <ModuleTime>2017-02-06T23:43:30Z</ModuleTime>
      <ModuleName>NuGet.LibraryModel</ModuleName>
      <Classes />
    </Module>
    <Module skippedDueTo="Filter" hash="A7-70-40-E1-75-85-9C-F0-F8-83-B4-FD-29-0F-0E-C4-DE-B1-3B-A5">
      <ModulePath>c:\program files\dotnet\sdk\1.0.0-rc4-004771\NuGet.LibraryModel.dll</ModulePath>
      <ModuleTime>2017-02-06T23:43:30Z</ModuleTime>
      <ModuleName>NuGet.LibraryModel</ModuleName>
      <Classes />
    </Module>
    <Module skippedDueTo="Filter" hash="E4-52-2C-5A-2E-DB-B3-12-59-75-4D-E9-3F-D5-D2-FC-1D-AA-E0-EE">
      <ModulePath>c:\program files\dotnet\sdk\1.0.0-rc4-004771\NuGet.Packaging.Core.dll</ModulePath>
      <ModuleTime>2017-02-06T23:43:32Z</ModuleTime>
      <ModuleName>NuGet.Packaging.Core</ModuleName>
      <Classes />
    </Module>
    <Module skippedDueTo="Filter" hash="E4-52-2C-5A-2E-DB-B3-12-59-75-4D-E9-3F-D5-D2-FC-1D-AA-E0-EE">
      <ModulePath>c:\program files\dotnet\sdk\1.0.0-rc4-004771\NuGet.Packaging.Core.dll</ModulePath>
      <ModuleTime>2017-02-06T23:43:32Z</ModuleTime>
      <ModuleName>NuGet.Packaging.Core</ModuleName>
      <Classes />
    </Module>
    <Module skippedDueTo="Filter" hash="A7-70-40-E1-75-85-9C-F0-F8-83-B4-FD-29-0F-0E-C4-DE-B1-3B-A5">
      <ModulePath>c:\program files\dotnet\sdk\1.0.0-rc4-004771\NuGet.LibraryModel.dll</ModulePath>
      <ModuleTime>2017-02-06T23:43:30Z</ModuleTime>
      <ModuleName>NuGet.LibraryModel</ModuleName>
      <Classes />
    </Module>
    <Module skippedDueTo="Filter" hash="E4-52-2C-5A-2E-DB-B3-12-59-75-4D-E9-3F-D5-D2-FC-1D-AA-E0-EE">
      <ModulePath>c:\program files\dotnet\sdk\1.0.0-rc4-004771\NuGet.Packaging.Core.dll</ModulePath>
      <ModuleTime>2017-02-06T23:43:32Z</ModuleTime>
      <ModuleName>NuGet.Packaging.Core</ModuleName>
      <Classes />
    </Module>
    <Module skippedDueTo="Filter" hash="AD-72-C3-25-71-C7-90-58-9C-5F-8A-85-1E-9E-E9-F4-BB-6E-6A-96">
      <ModulePath>c:\program files\dotnet\sdk\1.0.0-rc4-004771\NuGet.RuntimeModel.dll</ModulePath>
      <ModuleTime>2017-02-06T23:44:00Z</ModuleTime>
      <ModuleName>NuGet.RuntimeModel</ModuleName>
      <Classes />
    </Module>
    <Module skippedDueTo="Filter" hash="AD-72-C3-25-71-C7-90-58-9C-5F-8A-85-1E-9E-E9-F4-BB-6E-6A-96">
      <ModulePath>c:\program files\dotnet\sdk\1.0.0-rc4-004771\NuGet.RuntimeModel.dll</ModulePath>
      <ModuleTime>2017-02-06T23:44:00Z</ModuleTime>
      <ModuleName>NuGet.RuntimeModel</ModuleName>
      <Classes />
    </Module>
    <Module skippedDueTo="Filter" hash="AD-72-C3-25-71-C7-90-58-9C-5F-8A-85-1E-9E-E9-F4-BB-6E-6A-96">
      <ModulePath>c:\program files\dotnet\sdk\1.0.0-rc4-004771\NuGet.RuntimeModel.dll</ModulePath>
      <ModuleTime>2017-02-06T23:44:00Z</ModuleTime>
      <ModuleName>NuGet.RuntimeModel</ModuleName>
      <Classes />
    </Module>
    <Module skippedDueTo="Filter" hash="E4-52-2C-5A-2E-DB-B3-12-59-75-4D-E9-3F-D5-D2-FC-1D-AA-E0-EE">
      <ModulePath>c:\program files\dotnet\sdk\1.0.0-rc4-004771\NuGet.Packaging.Core.dll</ModulePath>
      <ModuleTime>2017-02-06T23:43:32Z</ModuleTime>
      <ModuleName>NuGet.Packaging.Core</ModuleName>
      <Classes />
    </Module>
    <Module skippedDueTo="Filter" hash="AD-72-C3-25-71-C7-90-58-9C-5F-8A-85-1E-9E-E9-F4-BB-6E-6A-96">
      <ModulePath>c:\program files\dotnet\sdk\1.0.0-rc4-004771\NuGet.RuntimeModel.dll</ModulePath>
      <ModuleTime>2017-02-06T23:44:00Z</ModuleTime>
      <ModuleName>NuGet.RuntimeModel</ModuleName>
      <Classes />
    </Module>
    <Module skippedDueTo="Filter" hash="9E-CA-64-98-C0-D2-82-C0-90-6C-CD-45-49-CB-67-00-41-50-2C-D3">
      <ModulePath>c:\program files\dotnet\sdk\1.0.0-rc4-004771\NuGet.Configuration.dll</ModulePath>
      <ModuleTime>2017-02-06T23:42:14Z</ModuleTime>
      <ModuleName>NuGet.Configuration</ModuleName>
      <Classes />
    </Module>
    <Module skippedDueTo="Filter" hash="9E-CA-64-98-C0-D2-82-C0-90-6C-CD-45-49-CB-67-00-41-50-2C-D3">
      <ModulePath>c:\program files\dotnet\sdk\1.0.0-rc4-004771\NuGet.Configuration.dll</ModulePath>
      <ModuleTime>2017-02-06T23:42:14Z</ModuleTime>
      <ModuleName>NuGet.Configuration</ModuleName>
      <Classes />
    </Module>
    <Module skippedDueTo="Filter" hash="9E-CA-64-98-C0-D2-82-C0-90-6C-CD-45-49-CB-67-00-41-50-2C-D3">
      <ModulePath>c:\program files\dotnet\sdk\1.0.0-rc4-004771\NuGet.Configuration.dll</ModulePath>
      <ModuleTime>2017-02-06T23:42:14Z</ModuleTime>
      <ModuleName>NuGet.Configuration</ModuleName>
      <Classes />
    </Module>
    <Module skippedDueTo="Filter" hash="AB-DA-75-BA-76-83-E2-D6-01-B6-18-C5-53-9F-56-69-34-B3-4D-2F">
      <ModulePath>c:\program files\dotnet\sdk\1.0.0-rc4-004771\NuGet.Packaging.Core.Types.dll</ModulePath>
      <ModuleTime>2017-02-06T23:43:30Z</ModuleTime>
      <ModuleName>NuGet.Packaging.Core.Types</ModuleName>
      <Classes />
    </Module>
    <Module skippedDueTo="Filter" hash="9E-CA-64-98-C0-D2-82-C0-90-6C-CD-45-49-CB-67-00-41-50-2C-D3">
      <ModulePath>c:\program files\dotnet\sdk\1.0.0-rc4-004771\NuGet.Configuration.dll</ModulePath>
      <ModuleTime>2017-02-06T23:42:14Z</ModuleTime>
      <ModuleName>NuGet.Configuration</ModuleName>
      <Classes />
    </Module>
    <Module skippedDueTo="Filter" hash="A7-70-40-E1-75-85-9C-F0-F8-83-B4-FD-29-0F-0E-C4-DE-B1-3B-A5">
      <ModulePath>c:\program files\dotnet\sdk\1.0.0-rc4-004771\NuGet.LibraryModel.dll</ModulePath>
      <ModuleTime>2017-02-06T23:43:30Z</ModuleTime>
      <ModuleName>NuGet.LibraryModel</ModuleName>
      <Classes />
    </Module>
    <Module skippedDueTo="Filter" hash="E4-52-2C-5A-2E-DB-B3-12-59-75-4D-E9-3F-D5-D2-FC-1D-AA-E0-EE">
      <ModulePath>c:\program files\dotnet\sdk\1.0.0-rc4-004771\NuGet.Packaging.Core.dll</ModulePath>
      <ModuleTime>2017-02-06T23:43:32Z</ModuleTime>
      <ModuleName>NuGet.Packaging.Core</ModuleName>
      <Classes />
    </Module>
    <Module skippedDueTo="Filter" hash="AD-72-C3-25-71-C7-90-58-9C-5F-8A-85-1E-9E-E9-F4-BB-6E-6A-96">
      <ModulePath>c:\program files\dotnet\sdk\1.0.0-rc4-004771\NuGet.RuntimeModel.dll</ModulePath>
      <ModuleTime>2017-02-06T23:44:00Z</ModuleTime>
      <ModuleName>NuGet.RuntimeModel</ModuleName>
      <Classes />
    </Module>
    <Module skippedDueTo="Filter" hash="9E-CA-64-98-C0-D2-82-C0-90-6C-CD-45-49-CB-67-00-41-50-2C-D3">
      <ModulePath>c:\program files\dotnet\sdk\1.0.0-rc4-004771\NuGet.Configuration.dll</ModulePath>
      <ModuleTime>2017-02-06T23:42:14Z</ModuleTime>
      <ModuleName>NuGet.Configuration</ModuleName>
      <Classes />
    </Module>
    <Module skippedDueTo="Filter" hash="B8-AA-6F-8C-81-35-EC-FF-1E-2F-18-3C-66-37-55-F0-CB-54-3A-2B">
      <ModulePath>c:\program files\dotnet\shared\Microsoft.NETCore.App\1.1.0\System.Runtime.Loader.dll</ModulePath>
      <ModuleTime>2016-11-08T22:08:40Z</ModuleTime>
      <ModuleName>System.Runtime.Loader</ModuleName>
      <Classes />
    </Module>
    <Module skippedDueTo="Filter" hash="DC-3D-90-5C-22-F7-DA-9C-80-5A-17-57-14-10-F9-2B-47-0D-AB-70">
      <ModulePath>c:\program files\dotnet\sdk\1.0.0-rc4-004771\NuGet.Packaging.dll</ModulePath>
      <ModuleTime>2017-02-06T23:42:18Z</ModuleTime>
      <ModuleName>NuGet.Packaging</ModuleName>
      <Classes />
    </Module>
    <Module skippedDueTo="Filter" hash="A3-39-D7-A0-0D-1E-1E-FA-7F-32-C2-03-35-E2-7F-45-53-74-5F-EC">
      <ModulePath>c:\program files\dotnet\sdk\1.0.0-rc4-004771\Sdks\Microsoft.NET.Sdk\build\..\tools\netcoreapp1.0/Microsoft.NET.Build.Tasks.dll</ModulePath>
      <ModuleTime>2017-02-06T23:43:00Z</ModuleTime>
      <ModuleName>Microsoft.NET.Build.Tasks</ModuleName>
      <Classes />
    </Module>
    <Module skippedDueTo="Filter" hash="DC-3D-90-5C-22-F7-DA-9C-80-5A-17-57-14-10-F9-2B-47-0D-AB-70">
      <ModulePath>c:\program files\dotnet\sdk\1.0.0-rc4-004771\NuGet.Packaging.dll</ModulePath>
      <ModuleTime>2017-02-06T23:42:18Z</ModuleTime>
      <ModuleName>NuGet.Packaging</ModuleName>
      <Classes />
    </Module>
    <Module skippedDueTo="Filter" hash="65-2F-37-A5-C7-6A-97-D7-2F-59-3C-D3-12-C3-7A-0D-5F-9E-82-EC">
      <ModulePath>c:\program files\dotnet\sdk\1.0.0-rc4-004771\NuGet.ProjectModel.dll</ModulePath>
      <ModuleTime>2017-02-06T23:43:32Z</ModuleTime>
      <ModuleName>NuGet.ProjectModel</ModuleName>
      <Classes />
    </Module>
    <Module skippedDueTo="Filter" hash="DC-3D-90-5C-22-F7-DA-9C-80-5A-17-57-14-10-F9-2B-47-0D-AB-70">
      <ModulePath>c:\program files\dotnet\sdk\1.0.0-rc4-004771\NuGet.Packaging.dll</ModulePath>
      <ModuleTime>2017-02-06T23:42:18Z</ModuleTime>
      <ModuleName>NuGet.Packaging</ModuleName>
      <Classes />
    </Module>
    <Module skippedDueTo="Filter" hash="DC-3D-90-5C-22-F7-DA-9C-80-5A-17-57-14-10-F9-2B-47-0D-AB-70">
      <ModulePath>c:\program files\dotnet\sdk\1.0.0-rc4-004771\NuGet.Packaging.dll</ModulePath>
      <ModuleTime>2017-02-06T23:42:18Z</ModuleTime>
      <ModuleName>NuGet.Packaging</ModuleName>
      <Classes />
    </Module>
    <Module skippedDueTo="Filter" hash="DC-3D-90-5C-22-F7-DA-9C-80-5A-17-57-14-10-F9-2B-47-0D-AB-70">
      <ModulePath>c:\program files\dotnet\sdk\1.0.0-rc4-004771\NuGet.Packaging.dll</ModulePath>
      <ModuleTime>2017-02-06T23:42:18Z</ModuleTime>
      <ModuleName>NuGet.Packaging</ModuleName>
      <Classes />
    </Module>
    <Module skippedDueTo="Filter" hash="DC-3D-90-5C-22-F7-DA-9C-80-5A-17-57-14-10-F9-2B-47-0D-AB-70">
      <ModulePath>c:\program files\dotnet\sdk\1.0.0-rc4-004771\NuGet.Packaging.dll</ModulePath>
      <ModuleTime>2017-02-06T23:42:18Z</ModuleTime>
      <ModuleName>NuGet.Packaging</ModuleName>
      <Classes />
    </Module>
    <Module skippedDueTo="Filter" hash="57-98-94-E8-01-49-1B-42-C1-9E-75-92-0B-86-2D-E3-CD-DC-27-87">
      <ModulePath>c:\program files\dotnet\sdk\1.0.0-rc4-004771\Microsoft.Build.Tasks.Core.dll</ModulePath>
      <ModuleTime>2017-02-06T23:43:02Z</ModuleTime>
      <ModuleName>Microsoft.Build.Tasks.Core</ModuleName>
      <Classes />
    </Module>
    <Module skippedDueTo="Filter" hash="2D-01-60-D0-B1-C2-36-EA-D5-E6-7D-4D-8E-12-79-5E-46-D2-EB-89">
      <ModulePath>c:\program files\dotnet\sdk\1.0.0-rc4-004771\NuGet.Common.dll</ModulePath>
      <ModuleTime>2017-02-06T23:43:30Z</ModuleTime>
      <ModuleName>NuGet.Common</ModuleName>
      <Classes />
    </Module>
    <Module skippedDueTo="Filter" hash="CB-F8-FF-AA-4E-4C-E0-7F-9A-8C-E4-62-9D-B2-E7-11-D5-6D-41-66">
      <ModulePath>c:\program files\dotnet\sdk\1.0.0-rc4-004771\Newtonsoft.Json.dll</ModulePath>
      <ModuleTime>2017-02-06T23:39:44Z</ModuleTime>
      <ModuleName>Newtonsoft.Json</ModuleName>
      <Classes />
    </Module>
    <Module skippedDueTo="Filter" hash="D1-3C-87-81-E6-C4-91-B8-F8-4A-09-4A-99-35-88-D3-89-44-E2-C1">
      <ModulePath>c:\program files\dotnet\shared\Microsoft.NETCore.App\1.1.0\System.Dynamic.Runtime.dll</ModulePath>
      <ModuleTime>2016-11-08T22:08:26Z</ModuleTime>
      <ModuleName>System.Dynamic.Runtime</ModuleName>
      <Classes />
    </Module>
    <Module skippedDueTo="Filter" hash="79-69-F3-56-F4-8B-D4-9C-28-DF-4C-38-ED-18-92-7E-9B-4C-6A-73">
      <ModulePath>c:\program files\dotnet\shared\Microsoft.NETCore.App\1.1.0\System.Linq.Expressions.dll</ModulePath>
      <ModuleTime>2016-11-08T22:08:42Z</ModuleTime>
      <ModuleName>System.Linq.Expressions</ModuleName>
      <Classes />
    </Module>
    <Module skippedDueTo="Filter" hash="BE-E6-0B-6F-86-9A-78-B8-33-02-8A-75-A0-20-B9-BB-C6-EF-09-2D">
      <ModulePath>c:\program files\dotnet\shared\Microsoft.NETCore.App\1.1.0\System.Threading.ThreadPool.dll</ModulePath>
      <ModuleTime>2016-11-08T22:08:42Z</ModuleTime>
      <ModuleName>System.Threading.ThreadPool</ModuleName>
      <Classes />
    </Module>
    <Module skippedDueTo="Filter" hash="6C-C2-CC-3F-4F-23-53-FD-15-89-12-CA-DE-6E-EF-A2-71-91-C4-32">
      <ModulePath>c:\program files\dotnet\sdk\1.0.0-rc4-004771\NuGet.Frameworks.dll</ModulePath>
      <ModuleTime>2017-02-06T23:43:38Z</ModuleTime>
      <ModuleName>NuGet.Frameworks</ModuleName>
      <Classes />
    </Module>
    <Module skippedDueTo="Filter" hash="BE-E6-0B-6F-86-9A-78-B8-33-02-8A-75-A0-20-B9-BB-C6-EF-09-2D">
      <ModulePath>c:\program files\dotnet\shared\Microsoft.NETCore.App\1.1.0\System.Threading.ThreadPool.dll</ModulePath>
      <ModuleTime>2016-11-08T22:08:42Z</ModuleTime>
      <ModuleName>System.Threading.ThreadPool</ModuleName>
      <Classes />
    </Module>
    <Module skippedDueTo="Filter" hash="BE-E6-0B-6F-86-9A-78-B8-33-02-8A-75-A0-20-B9-BB-C6-EF-09-2D">
      <ModulePath>c:\program files\dotnet\shared\Microsoft.NETCore.App\1.1.0\System.Threading.ThreadPool.dll</ModulePath>
      <ModuleTime>2016-11-08T22:08:42Z</ModuleTime>
      <ModuleName>System.Threading.ThreadPool</ModuleName>
      <Classes />
    </Module>
    <Module skippedDueTo="Filter" hash="DC-5A-DA-9D-58-58-AA-48-7C-1B-67-41-F4-E5-28-CC-93-FF-FE-16">
      <ModulePath>c:\program files\dotnet\sdk\1.0.0-rc4-004771\NuGet.Versioning.dll</ModulePath>
      <ModuleTime>2017-02-06T23:42:18Z</ModuleTime>
      <ModuleName>NuGet.Versioning</ModuleName>
      <Classes />
    </Module>
    <Module skippedDueTo="Filter" hash="BE-E6-0B-6F-86-9A-78-B8-33-02-8A-75-A0-20-B9-BB-C6-EF-09-2D">
      <ModulePath>c:\program files\dotnet\shared\Microsoft.NETCore.App\1.1.0\System.Threading.ThreadPool.dll</ModulePath>
      <ModuleTime>2016-11-08T22:08:42Z</ModuleTime>
      <ModuleName>System.Threading.ThreadPool</ModuleName>
      <Classes />
    </Module>
    <Module skippedDueTo="Filter" hash="BE-E6-0B-6F-86-9A-78-B8-33-02-8A-75-A0-20-B9-BB-C6-EF-09-2D">
      <ModulePath>c:\program files\dotnet\shared\Microsoft.NETCore.App\1.1.0\System.Threading.ThreadPool.dll</ModulePath>
      <ModuleTime>2016-11-08T22:08:42Z</ModuleTime>
      <ModuleName>System.Threading.ThreadPool</ModuleName>
      <Classes />
    </Module>
    <Module skippedDueTo="Filter" hash="F3-54-F8-BC-F0-C3-F6-5F-4D-F5-BD-19-C1-1C-67-7A-CF-7A-83-CE">
      <ModulePath>c:\program files\dotnet\sdk\1.0.0-rc4-004771\System.Reflection.Metadata.dll</ModulePath>
      <ModuleTime>2017-02-06T23:43:32Z</ModuleTime>
      <ModuleName>System.Reflection.Metadata</ModuleName>
      <Classes />
    </Module>
    <Module skippedDueTo="Filter" hash="AB-DA-75-BA-76-83-E2-D6-01-B6-18-C5-53-9F-56-69-34-B3-4D-2F">
      <ModulePath>c:\program files\dotnet\sdk\1.0.0-rc4-004771\NuGet.Packaging.Core.Types.dll</ModulePath>
      <ModuleTime>2017-02-06T23:43:30Z</ModuleTime>
      <ModuleName>NuGet.Packaging.Core.Types</ModuleName>
      <Classes />
    </Module>
    <Module skippedDueTo="Filter" hash="A7-70-40-E1-75-85-9C-F0-F8-83-B4-FD-29-0F-0E-C4-DE-B1-3B-A5">
      <ModulePath>c:\program files\dotnet\sdk\1.0.0-rc4-004771\NuGet.LibraryModel.dll</ModulePath>
      <ModuleTime>2017-02-06T23:43:30Z</ModuleTime>
      <ModuleName>NuGet.LibraryModel</ModuleName>
      <Classes />
    </Module>
    <Module skippedDueTo="Filter" hash="E4-52-2C-5A-2E-DB-B3-12-59-75-4D-E9-3F-D5-D2-FC-1D-AA-E0-EE">
      <ModulePath>c:\program files\dotnet\sdk\1.0.0-rc4-004771\NuGet.Packaging.Core.dll</ModulePath>
      <ModuleTime>2017-02-06T23:43:32Z</ModuleTime>
      <ModuleName>NuGet.Packaging.Core</ModuleName>
      <Classes />
    </Module>
    <Module skippedDueTo="Filter" hash="AD-72-C3-25-71-C7-90-58-9C-5F-8A-85-1E-9E-E9-F4-BB-6E-6A-96">
      <ModulePath>c:\program files\dotnet\sdk\1.0.0-rc4-004771\NuGet.RuntimeModel.dll</ModulePath>
      <ModuleTime>2017-02-06T23:44:00Z</ModuleTime>
      <ModuleName>NuGet.RuntimeModel</ModuleName>
      <Classes />
    </Module>
    <Module skippedDueTo="Filter" hash="9E-CA-64-98-C0-D2-82-C0-90-6C-CD-45-49-CB-67-00-41-50-2C-D3">
      <ModulePath>c:\program files\dotnet\sdk\1.0.0-rc4-004771\NuGet.Configuration.dll</ModulePath>
      <ModuleTime>2017-02-06T23:42:14Z</ModuleTime>
      <ModuleName>NuGet.Configuration</ModuleName>
      <Classes />
    </Module>
    <Module skippedDueTo="Filter" hash="01-6C-19-93-56-62-F3-51-BB-35-48-75-E9-2D-ED-FA-39-A5-CF-17">
      <ModulePath>c:\program files\dotnet\shared\Microsoft.NETCore.App\1.1.0\System.IO.MemoryMappedFiles.dll</ModulePath>
      <ModuleTime>2016-11-08T22:08:32Z</ModuleTime>
      <ModuleName>System.IO.MemoryMappedFiles</ModuleName>
      <Classes />
    </Module>
    <Module skippedDueTo="Filter" hash="46-C2-B6-BA-12-1C-3E-FD-08-1D-B2-0A-A0-5B-7F-A8-D1-80-F0-84">
      <ModulePath>c:\program files\dotnet\shared\Microsoft.NETCore.App\1.1.0\System.IO.UnmanagedMemoryStream.dll</ModulePath>
      <ModuleTime>2016-11-08T22:08:26Z</ModuleTime>
      <ModuleName>System.IO.UnmanagedMemoryStream</ModuleName>
      <Classes />
    </Module>
    <Module skippedDueTo="Filter" hash="DC-3D-90-5C-22-F7-DA-9C-80-5A-17-57-14-10-F9-2B-47-0D-AB-70">
      <ModulePath>c:\program files\dotnet\sdk\1.0.0-rc4-004771\NuGet.Packaging.dll</ModulePath>
      <ModuleTime>2017-02-06T23:42:18Z</ModuleTime>
      <ModuleName>NuGet.Packaging</ModuleName>
      <Classes />
    </Module>
    <Module skippedDueTo="Filter" hash="F3-54-F8-BC-F0-C3-F6-5F-4D-F5-BD-19-C1-1C-67-7A-CF-7A-83-CE">
      <ModulePath>c:\program files\dotnet\sdk\1.0.0-rc4-004771\System.Reflection.Metadata.dll</ModulePath>
      <ModuleTime>2017-02-06T23:43:32Z</ModuleTime>
      <ModuleName>System.Reflection.Metadata</ModuleName>
      <Classes />
    </Module>
    <Module skippedDueTo="Filter" hash="01-6C-19-93-56-62-F3-51-BB-35-48-75-E9-2D-ED-FA-39-A5-CF-17">
      <ModulePath>c:\program files\dotnet\shared\Microsoft.NETCore.App\1.1.0\System.IO.MemoryMappedFiles.dll</ModulePath>
      <ModuleTime>2016-11-08T22:08:32Z</ModuleTime>
      <ModuleName>System.IO.MemoryMappedFiles</ModuleName>
      <Classes />
    </Module>
    <Module skippedDueTo="Filter" hash="46-C2-B6-BA-12-1C-3E-FD-08-1D-B2-0A-A0-5B-7F-A8-D1-80-F0-84">
      <ModulePath>c:\program files\dotnet\shared\Microsoft.NETCore.App\1.1.0\System.IO.UnmanagedMemoryStream.dll</ModulePath>
      <ModuleTime>2016-11-08T22:08:26Z</ModuleTime>
      <ModuleName>System.IO.UnmanagedMemoryStream</ModuleName>
      <Classes />
    </Module>
    <Module skippedDueTo="Filter" hash="9C-BF-18-FD-F9-CD-72-9B-38-59-BD-01-7A-34-71-11-41-7F-2D-1B">
      <ModulePath>c:\program files\dotnet\shared\Microsoft.NETCore.App\1.1.0\System.Xml.XDocument.dll</ModulePath>
      <ModuleTime>2016-11-08T22:08:36Z</ModuleTime>
      <ModuleName>System.Xml.XDocument</ModuleName>
      <Classes />
    </Module>
    <Module skippedDueTo="Filter" hash="FE-F8-4C-A1-83-38-C6-BE-01-3F-89-AC-C9-23-85-45-54-EB-2C-CC">
      <ModulePath>c:\program files\dotnet\shared\Microsoft.NETCore.App\1.1.0\System.Security.Cryptography.Algorithms.dll</ModulePath>
      <ModuleTime>2016-11-08T22:09:00Z</ModuleTime>
      <ModuleName>System.Security.Cryptography.Algorithms</ModuleName>
      <Classes />
    </Module>
    <Module skippedDueTo="Filter" hash="1E-D2-01-C4-41-BA-CF-C0-3C-B1-BE-B3-32-14-76-D6-46-6C-D4-EC">
      <ModulePath>c:\program files\dotnet\shared\Microsoft.NETCore.App\1.1.0\System.Security.Cryptography.Primitives.dll</ModulePath>
      <ModuleTime>2016-11-08T22:08:48Z</ModuleTime>
      <ModuleName>System.Security.Cryptography.Primitives</ModuleName>
      <Classes />
    </Module>
    <Module skippedDueTo="Filter" hash="9C-BF-18-FD-F9-CD-72-9B-38-59-BD-01-7A-34-71-11-41-7F-2D-1B">
      <ModulePath>c:\program files\dotnet\shared\Microsoft.NETCore.App\1.1.0\System.Xml.XDocument.dll</ModulePath>
      <ModuleTime>2016-11-08T22:08:36Z</ModuleTime>
      <ModuleName>System.Xml.XDocument</ModuleName>
      <Classes />
    </Module>
    <Module skippedDueTo="Filter" hash="FE-F8-4C-A1-83-38-C6-BE-01-3F-89-AC-C9-23-85-45-54-EB-2C-CC">
      <ModulePath>c:\program files\dotnet\shared\Microsoft.NETCore.App\1.1.0\System.Security.Cryptography.Algorithms.dll</ModulePath>
      <ModuleTime>2016-11-08T22:09:00Z</ModuleTime>
      <ModuleName>System.Security.Cryptography.Algorithms</ModuleName>
      <Classes />
    </Module>
    <Module skippedDueTo="Filter" hash="1E-D2-01-C4-41-BA-CF-C0-3C-B1-BE-B3-32-14-76-D6-46-6C-D4-EC">
      <ModulePath>c:\program files\dotnet\shared\Microsoft.NETCore.App\1.1.0\System.Security.Cryptography.Primitives.dll</ModulePath>
      <ModuleTime>2016-11-08T22:08:48Z</ModuleTime>
      <ModuleName>System.Security.Cryptography.Primitives</ModuleName>
      <Classes />
    </Module>
    <Module skippedDueTo="Filter" hash="F3-54-F8-BC-F0-C3-F6-5F-4D-F5-BD-19-C1-1C-67-7A-CF-7A-83-CE">
      <ModulePath>c:\program files\dotnet\sdk\1.0.0-rc4-004771\System.Reflection.Metadata.dll</ModulePath>
      <ModuleTime>2017-02-06T23:43:32Z</ModuleTime>
      <ModuleName>System.Reflection.Metadata</ModuleName>
      <Classes />
    </Module>
    <Module skippedDueTo="Filter" hash="01-6C-19-93-56-62-F3-51-BB-35-48-75-E9-2D-ED-FA-39-A5-CF-17">
      <ModulePath>c:\program files\dotnet\shared\Microsoft.NETCore.App\1.1.0\System.IO.MemoryMappedFiles.dll</ModulePath>
      <ModuleTime>2016-11-08T22:08:32Z</ModuleTime>
      <ModuleName>System.IO.MemoryMappedFiles</ModuleName>
      <Classes />
    </Module>
    <Module skippedDueTo="Filter" hash="46-C2-B6-BA-12-1C-3E-FD-08-1D-B2-0A-A0-5B-7F-A8-D1-80-F0-84">
      <ModulePath>c:\program files\dotnet\shared\Microsoft.NETCore.App\1.1.0\System.IO.UnmanagedMemoryStream.dll</ModulePath>
      <ModuleTime>2016-11-08T22:08:26Z</ModuleTime>
      <ModuleName>System.IO.UnmanagedMemoryStream</ModuleName>
      <Classes />
    </Module>
    <Module skippedDueTo="Filter" hash="F3-54-F8-BC-F0-C3-F6-5F-4D-F5-BD-19-C1-1C-67-7A-CF-7A-83-CE">
      <ModulePath>c:\program files\dotnet\sdk\1.0.0-rc4-004771\System.Reflection.Metadata.dll</ModulePath>
      <ModuleTime>2017-02-06T23:43:32Z</ModuleTime>
      <ModuleName>System.Reflection.Metadata</ModuleName>
      <Classes />
    </Module>
    <Module skippedDueTo="Filter" hash="01-6C-19-93-56-62-F3-51-BB-35-48-75-E9-2D-ED-FA-39-A5-CF-17">
      <ModulePath>c:\program files\dotnet\shared\Microsoft.NETCore.App\1.1.0\System.IO.MemoryMappedFiles.dll</ModulePath>
      <ModuleTime>2016-11-08T22:08:32Z</ModuleTime>
      <ModuleName>System.IO.MemoryMappedFiles</ModuleName>
      <Classes />
    </Module>
    <Module skippedDueTo="Filter" hash="46-C2-B6-BA-12-1C-3E-FD-08-1D-B2-0A-A0-5B-7F-A8-D1-80-F0-84">
      <ModulePath>c:\program files\dotnet\shared\Microsoft.NETCore.App\1.1.0\System.IO.UnmanagedMemoryStream.dll</ModulePath>
      <ModuleTime>2016-11-08T22:08:26Z</ModuleTime>
      <ModuleName>System.IO.UnmanagedMemoryStream</ModuleName>
      <Classes />
    </Module>
    <Module skippedDueTo="Filter" hash="9C-BF-18-FD-F9-CD-72-9B-38-59-BD-01-7A-34-71-11-41-7F-2D-1B">
      <ModulePath>c:\program files\dotnet\shared\Microsoft.NETCore.App\1.1.0\System.Xml.XDocument.dll</ModulePath>
      <ModuleTime>2016-11-08T22:08:36Z</ModuleTime>
      <ModuleName>System.Xml.XDocument</ModuleName>
      <Classes />
    </Module>
    <Module skippedDueTo="Filter" hash="FE-F8-4C-A1-83-38-C6-BE-01-3F-89-AC-C9-23-85-45-54-EB-2C-CC">
      <ModulePath>c:\program files\dotnet\shared\Microsoft.NETCore.App\1.1.0\System.Security.Cryptography.Algorithms.dll</ModulePath>
      <ModuleTime>2016-11-08T22:09:00Z</ModuleTime>
      <ModuleName>System.Security.Cryptography.Algorithms</ModuleName>
      <Classes />
    </Module>
    <Module skippedDueTo="Filter" hash="1E-D2-01-C4-41-BA-CF-C0-3C-B1-BE-B3-32-14-76-D6-46-6C-D4-EC">
      <ModulePath>c:\program files\dotnet\shared\Microsoft.NETCore.App\1.1.0\System.Security.Cryptography.Primitives.dll</ModulePath>
      <ModuleTime>2016-11-08T22:08:48Z</ModuleTime>
      <ModuleName>System.Security.Cryptography.Primitives</ModuleName>
      <Classes />
    </Module>
    <Module skippedDueTo="Filter" hash="9C-BF-18-FD-F9-CD-72-9B-38-59-BD-01-7A-34-71-11-41-7F-2D-1B">
      <ModulePath>c:\program files\dotnet\shared\Microsoft.NETCore.App\1.1.0\System.Xml.XDocument.dll</ModulePath>
      <ModuleTime>2016-11-08T22:08:36Z</ModuleTime>
      <ModuleName>System.Xml.XDocument</ModuleName>
      <Classes />
    </Module>
    <Module skippedDueTo="Filter" hash="FE-F8-4C-A1-83-38-C6-BE-01-3F-89-AC-C9-23-85-45-54-EB-2C-CC">
      <ModulePath>c:\program files\dotnet\shared\Microsoft.NETCore.App\1.1.0\System.Security.Cryptography.Algorithms.dll</ModulePath>
      <ModuleTime>2016-11-08T22:09:00Z</ModuleTime>
      <ModuleName>System.Security.Cryptography.Algorithms</ModuleName>
      <Classes />
    </Module>
    <Module skippedDueTo="Filter" hash="1E-D2-01-C4-41-BA-CF-C0-3C-B1-BE-B3-32-14-76-D6-46-6C-D4-EC">
      <ModulePath>c:\program files\dotnet\shared\Microsoft.NETCore.App\1.1.0\System.Security.Cryptography.Primitives.dll</ModulePath>
      <ModuleTime>2016-11-08T22:08:48Z</ModuleTime>
      <ModuleName>System.Security.Cryptography.Primitives</ModuleName>
      <Classes />
    </Module>
    <Module skippedDueTo="Filter" hash="F3-54-F8-BC-F0-C3-F6-5F-4D-F5-BD-19-C1-1C-67-7A-CF-7A-83-CE">
      <ModulePath>c:\program files\dotnet\sdk\1.0.0-rc4-004771\System.Reflection.Metadata.dll</ModulePath>
      <ModuleTime>2017-02-06T23:43:32Z</ModuleTime>
      <ModuleName>System.Reflection.Metadata</ModuleName>
      <Classes />
    </Module>
    <Module skippedDueTo="Filter" hash="01-6C-19-93-56-62-F3-51-BB-35-48-75-E9-2D-ED-FA-39-A5-CF-17">
      <ModulePath>c:\program files\dotnet\shared\Microsoft.NETCore.App\1.1.0\System.IO.MemoryMappedFiles.dll</ModulePath>
      <ModuleTime>2016-11-08T22:08:32Z</ModuleTime>
      <ModuleName>System.IO.MemoryMappedFiles</ModuleName>
      <Classes />
    </Module>
    <Module skippedDueTo="Filter" hash="46-C2-B6-BA-12-1C-3E-FD-08-1D-B2-0A-A0-5B-7F-A8-D1-80-F0-84">
      <ModulePath>c:\program files\dotnet\shared\Microsoft.NETCore.App\1.1.0\System.IO.UnmanagedMemoryStream.dll</ModulePath>
      <ModuleTime>2016-11-08T22:08:26Z</ModuleTime>
      <ModuleName>System.IO.UnmanagedMemoryStream</ModuleName>
      <Classes />
    </Module>
    <Module skippedDueTo="Filter" hash="9C-BF-18-FD-F9-CD-72-9B-38-59-BD-01-7A-34-71-11-41-7F-2D-1B">
      <ModulePath>c:\program files\dotnet\shared\Microsoft.NETCore.App\1.1.0\System.Xml.XDocument.dll</ModulePath>
      <ModuleTime>2016-11-08T22:08:36Z</ModuleTime>
      <ModuleName>System.Xml.XDocument</ModuleName>
      <Classes />
    </Module>
    <Module skippedDueTo="Filter" hash="FE-F8-4C-A1-83-38-C6-BE-01-3F-89-AC-C9-23-85-45-54-EB-2C-CC">
      <ModulePath>c:\program files\dotnet\shared\Microsoft.NETCore.App\1.1.0\System.Security.Cryptography.Algorithms.dll</ModulePath>
      <ModuleTime>2016-11-08T22:09:00Z</ModuleTime>
      <ModuleName>System.Security.Cryptography.Algorithms</ModuleName>
      <Classes />
    </Module>
    <Module skippedDueTo="Filter" hash="1E-D2-01-C4-41-BA-CF-C0-3C-B1-BE-B3-32-14-76-D6-46-6C-D4-EC">
      <ModulePath>c:\program files\dotnet\shared\Microsoft.NETCore.App\1.1.0\System.Security.Cryptography.Primitives.dll</ModulePath>
      <ModuleTime>2016-11-08T22:08:48Z</ModuleTime>
      <ModuleName>System.Security.Cryptography.Primitives</ModuleName>
      <Classes />
    </Module>
    <Module skippedDueTo="Filter" hash="F3-54-F8-BC-F0-C3-F6-5F-4D-F5-BD-19-C1-1C-67-7A-CF-7A-83-CE">
      <ModulePath>c:\program files\dotnet\sdk\1.0.0-rc4-004771\System.Reflection.Metadata.dll</ModulePath>
      <ModuleTime>2017-02-06T23:43:32Z</ModuleTime>
      <ModuleName>System.Reflection.Metadata</ModuleName>
      <Classes />
    </Module>
    <Module skippedDueTo="Filter" hash="01-6C-19-93-56-62-F3-51-BB-35-48-75-E9-2D-ED-FA-39-A5-CF-17">
      <ModulePath>c:\program files\dotnet\shared\Microsoft.NETCore.App\1.1.0\System.IO.MemoryMappedFiles.dll</ModulePath>
      <ModuleTime>2016-11-08T22:08:32Z</ModuleTime>
      <ModuleName>System.IO.MemoryMappedFiles</ModuleName>
      <Classes />
    </Module>
    <Module skippedDueTo="Filter" hash="46-C2-B6-BA-12-1C-3E-FD-08-1D-B2-0A-A0-5B-7F-A8-D1-80-F0-84">
      <ModulePath>c:\program files\dotnet\shared\Microsoft.NETCore.App\1.1.0\System.IO.UnmanagedMemoryStream.dll</ModulePath>
      <ModuleTime>2016-11-08T22:08:26Z</ModuleTime>
      <ModuleName>System.IO.UnmanagedMemoryStream</ModuleName>
      <Classes />
    </Module>
    <Module skippedDueTo="Filter" hash="9C-BF-18-FD-F9-CD-72-9B-38-59-BD-01-7A-34-71-11-41-7F-2D-1B">
      <ModulePath>c:\program files\dotnet\shared\Microsoft.NETCore.App\1.1.0\System.Xml.XDocument.dll</ModulePath>
      <ModuleTime>2016-11-08T22:08:36Z</ModuleTime>
      <ModuleName>System.Xml.XDocument</ModuleName>
      <Classes />
    </Module>
    <Module skippedDueTo="Filter" hash="F3-54-F8-BC-F0-C3-F6-5F-4D-F5-BD-19-C1-1C-67-7A-CF-7A-83-CE">
      <ModulePath>c:\program files\dotnet\sdk\1.0.0-rc4-004771\System.Reflection.Metadata.dll</ModulePath>
      <ModuleTime>2017-02-06T23:43:32Z</ModuleTime>
      <ModuleName>System.Reflection.Metadata</ModuleName>
      <Classes />
    </Module>
    <Module skippedDueTo="Filter" hash="01-6C-19-93-56-62-F3-51-BB-35-48-75-E9-2D-ED-FA-39-A5-CF-17">
      <ModulePath>c:\program files\dotnet\shared\Microsoft.NETCore.App\1.1.0\System.IO.MemoryMappedFiles.dll</ModulePath>
      <ModuleTime>2016-11-08T22:08:32Z</ModuleTime>
      <ModuleName>System.IO.MemoryMappedFiles</ModuleName>
      <Classes />
    </Module>
    <Module skippedDueTo="Filter" hash="46-C2-B6-BA-12-1C-3E-FD-08-1D-B2-0A-A0-5B-7F-A8-D1-80-F0-84">
      <ModulePath>c:\program files\dotnet\shared\Microsoft.NETCore.App\1.1.0\System.IO.UnmanagedMemoryStream.dll</ModulePath>
      <ModuleTime>2016-11-08T22:08:26Z</ModuleTime>
      <ModuleName>System.IO.UnmanagedMemoryStream</ModuleName>
      <Classes />
    </Module>
    <Module skippedDueTo="Filter" hash="FE-F8-4C-A1-83-38-C6-BE-01-3F-89-AC-C9-23-85-45-54-EB-2C-CC">
      <ModulePath>c:\program files\dotnet\shared\Microsoft.NETCore.App\1.1.0\System.Security.Cryptography.Algorithms.dll</ModulePath>
      <ModuleTime>2016-11-08T22:09:00Z</ModuleTime>
      <ModuleName>System.Security.Cryptography.Algorithms</ModuleName>
      <Classes />
    </Module>
    <Module skippedDueTo="Filter" hash="1E-D2-01-C4-41-BA-CF-C0-3C-B1-BE-B3-32-14-76-D6-46-6C-D4-EC">
      <ModulePath>c:\program files\dotnet\shared\Microsoft.NETCore.App\1.1.0\System.Security.Cryptography.Primitives.dll</ModulePath>
      <ModuleTime>2016-11-08T22:08:48Z</ModuleTime>
      <ModuleName>System.Security.Cryptography.Primitives</ModuleName>
      <Classes />
    </Module>
    <Module skippedDueTo="Filter" hash="9C-BF-18-FD-F9-CD-72-9B-38-59-BD-01-7A-34-71-11-41-7F-2D-1B">
      <ModulePath>c:\program files\dotnet\shared\Microsoft.NETCore.App\1.1.0\System.Xml.XDocument.dll</ModulePath>
      <ModuleTime>2016-11-08T22:08:36Z</ModuleTime>
      <ModuleName>System.Xml.XDocument</ModuleName>
      <Classes />
    </Module>
    <Module skippedDueTo="Filter" hash="FE-F8-4C-A1-83-38-C6-BE-01-3F-89-AC-C9-23-85-45-54-EB-2C-CC">
      <ModulePath>c:\program files\dotnet\shared\Microsoft.NETCore.App\1.1.0\System.Security.Cryptography.Algorithms.dll</ModulePath>
      <ModuleTime>2016-11-08T22:09:00Z</ModuleTime>
      <ModuleName>System.Security.Cryptography.Algorithms</ModuleName>
      <Classes />
    </Module>
    <Module skippedDueTo="Filter" hash="1E-D2-01-C4-41-BA-CF-C0-3C-B1-BE-B3-32-14-76-D6-46-6C-D4-EC">
      <ModulePath>c:\program files\dotnet\shared\Microsoft.NETCore.App\1.1.0\System.Security.Cryptography.Primitives.dll</ModulePath>
      <ModuleTime>2016-11-08T22:08:48Z</ModuleTime>
      <ModuleName>System.Security.Cryptography.Primitives</ModuleName>
      <Classes />
    </Module>
    <Module skippedDueTo="Filter" hash="4E-27-03-FE-D8-04-CF-B9-DF-B4-E3-5F-A9-B3-41-E0-8A-49-EF-DF">
      <ModulePath>c:\program files\dotnet\sdk\1.0.0-rc4-004771\Roslyn\Microsoft.Build.Tasks.CodeAnalysis.dll</ModulePath>
      <ModuleTime>2017-02-06T23:43:32Z</ModuleTime>
      <ModuleName>Microsoft.Build.Tasks.CodeAnalysis</ModuleName>
      <Classes />
    </Module>
    <Module skippedDueTo="Filter" hash="5C-1D-14-94-CB-25-38-BD-24-65-4A-CB-3E-2C-F4-67-E5-46-62-B3">
      <ModulePath>c:\program files\dotnet\shared\Microsoft.NETCore.App\1.1.0\System.Security.Principal.Windows.dll</ModulePath>
      <ModuleTime>2016-11-08T22:09:02Z</ModuleTime>
      <ModuleName>System.Security.Principal.Windows</ModuleName>
      <Classes />
    </Module>
    <Module skippedDueTo="Filter" hash="53-1B-73-11-B8-DC-79-4B-25-A7-93-44-23-4D-6B-FC-FC-FE-13-4E">
      <ModulePath>c:\program files\dotnet\shared\Microsoft.NETCore.App\1.1.0\System.Security.Claims.dll</ModulePath>
      <ModuleTime>2016-11-08T22:08:30Z</ModuleTime>
      <ModuleName>System.Security.Claims</ModuleName>
      <Classes />
    </Module>
    <Module skippedDueTo="Filter" hash="02-33-3F-A4-B4-09-8C-53-4D-E6-9E-5D-43-38-9A-F4-E2-58-F5-09">
      <ModulePath>c:\program files\dotnet\shared\Microsoft.NETCore.App\1.1.0\System.Security.Principal.dll</ModulePath>
      <ModuleTime>2016-11-08T22:08:38Z</ModuleTime>
      <ModuleName>System.Security.Principal</ModuleName>
      <Classes />
    </Module>
    <Module skippedDueTo="Filter" hash="ED-DC-2B-88-86-7D-55-C4-AD-3E-51-AA-68-64-18-59-DC-EB-F2-12">
      <ModulePath>c:\program files\dotnet\shared\Microsoft.NETCore.App\1.1.0\System.Threading.Timer.dll</ModulePath>
      <ModuleTime>2016-11-08T22:08:38Z</ModuleTime>
      <ModuleName>System.Threading.Timer</ModuleName>
      <Classes />
    </Module>
    <Module skippedDueTo="Filter" hash="BD-DE-A7-8F-1E-AF-9E-71-2A-B5-57-87-AF-16-D5-1A-9B-B4-D7-C8">
      <ModulePath>c:\Program Files\dotnet\shared\Microsoft.NETCore.App\1.1.0\System.Private.CoreLib.ni.dll</ModulePath>
      <ModuleTime>2016-11-08T22:08:52Z</ModuleTime>
      <ModuleName>System.Private.CoreLib</ModuleName>
      <Classes />
    </Module>
    <Module skippedDueTo="Filter" hash="5E-EB-36-23-01-B4-89-60-7B-F5-30-1C-ED-C9-C6-0D-D7-D6-03-6B">
      <ModulePath>c:\Program Files\dotnet\sdk\1.0.0-rc4-004771\Roslyn\csc.exe</ModulePath>
      <ModuleTime>2017-02-06T23:43:30Z</ModuleTime>
      <ModuleName>csc</ModuleName>
      <Classes />
    </Module>
    <Module skippedDueTo="Filter" hash="97-E8-31-7C-5E-85-00-E7-60-EF-51-C0-C1-67-C5-FE-0E-1B-11-78">
      <ModulePath>c:\Program Files\dotnet\shared\Microsoft.NETCore.App\1.1.0\System.Runtime.dll</ModulePath>
      <ModuleTime>2016-11-08T22:08:36Z</ModuleTime>
      <ModuleName>System.Runtime</ModuleName>
      <Classes />
    </Module>
    <Module skippedDueTo="Filter" hash="AA-CF-C7-E0-87-32-EE-4D-E5-D5-60-8A-68-9B-E6-B9-D4-AE-41-8C">
      <ModulePath>c:\Program Files\dotnet\shared\Microsoft.NETCore.App\1.1.0\mscorlib.dll</ModulePath>
      <ModuleTime>2016-10-28T17:57:54Z</ModuleTime>
      <ModuleName>mscorlib</ModuleName>
      <Classes />
    </Module>
    <Module skippedDueTo="Filter" hash="2D-65-04-90-48-67-68-5B-50-7D-BD-72-5C-A7-B1-4F-F4-01-80-FC">
      <ModulePath>c:\Program Files\dotnet\sdk\1.0.0-rc4-004771\Roslyn\Microsoft.CodeAnalysis.dll</ModulePath>
      <ModuleTime>2017-02-06T23:43:34Z</ModuleTime>
      <ModuleName>Microsoft.CodeAnalysis</ModuleName>
      <Classes />
    </Module>
    <Module skippedDueTo="Filter" hash="0C-3E-31-C6-2D-DD-4F-7B-7E-F7-FF-3D-19-EA-EA-90-40-68-8D-11">
      <ModulePath>c:\Program Files\dotnet\sdk\1.0.0-rc4-004771\Roslyn\Microsoft.CodeAnalysis.CSharp.dll</ModulePath>
      <ModuleTime>2017-02-06T23:43:36Z</ModuleTime>
      <ModuleName>Microsoft.CodeAnalysis.CSharp</ModuleName>
      <Classes />
    </Module>
    <Module skippedDueTo="Filter" hash="CE-9B-C0-A8-02-09-2A-85-7B-10-F1-86-D0-15-CE-BD-6A-45-09-08">
      <ModulePath>c:\Program Files\dotnet\shared\Microsoft.NETCore.App\1.1.0\System.IO.dll</ModulePath>
      <ModuleTime>2016-11-08T22:08:28Z</ModuleTime>
      <ModuleName>System.IO</ModuleName>
      <Classes />
    </Module>
    <Module skippedDueTo="Filter" hash="FF-CB-37-AF-65-57-CC-CC-CE-0A-56-9F-2B-74-48-41-D7-76-1C-60">
      <ModulePath>c:\Program Files\dotnet\shared\Microsoft.NETCore.App\1.1.0\System.Threading.Tasks.dll</ModulePath>
      <ModuleTime>2016-11-08T22:08:44Z</ModuleTime>
      <ModuleName>System.Threading.Tasks</ModuleName>
      <Classes />
    </Module>
    <Module skippedDueTo="Filter" hash="EF-53-FF-6F-A8-E0-63-FD-F2-F8-B1-39-2B-E8-8D-44-40-BA-C5-26">
      <ModulePath>c:\Program Files\dotnet\sdk\1.0.0-rc4-004771\Roslyn\System.Collections.Immutable.dll</ModulePath>
      <ModuleTime>2017-02-06T23:42:14Z</ModuleTime>
      <ModuleName>System.Collections.Immutable</ModuleName>
      <Classes />
    </Module>
    <Module skippedDueTo="Filter" hash="34-34-76-CE-B5-21-B9-DC-ED-DB-4D-A7-7D-96-A1-7F-17-CC-6E-A8">
      <ModulePath>c:\Program Files\dotnet\shared\Microsoft.NETCore.App\1.1.0\System.Collections.dll</ModulePath>
      <ModuleTime>2016-11-08T22:08:28Z</ModuleTime>
      <ModuleName>System.Collections</ModuleName>
      <Classes />
    </Module>
    <Module skippedDueTo="Filter" hash="79-8E-B4-F5-5B-6E-90-6D-E7-E5-71-27-F1-5B-97-C4-A3-76-C4-40">
      <ModulePath>c:\Program Files\dotnet\sdk\1.0.0-rc4-004771\Roslyn\runtimes\win\lib\netstandard1.3\System.Text.Encoding.CodePages.dll</ModulePath>
      <ModuleTime>2017-02-06T23:43:32Z</ModuleTime>
      <ModuleName>System.Text.Encoding.CodePages</ModuleName>
      <Classes />
    </Module>
    <Module skippedDueTo="Filter" hash="5E-1E-C6-23-22-BF-B6-6B-53-2F-36-4C-4C-32-89-CA-ED-56-2A-DE">
      <ModulePath>c:\Program Files\dotnet\shared\Microsoft.NETCore.App\1.1.0\System.Text.Encoding.dll</ModulePath>
      <ModuleTime>2016-11-08T22:08:30Z</ModuleTime>
      <ModuleName>System.Text.Encoding</ModuleName>
      <Classes />
    </Module>
    <Module skippedDueTo="Filter" hash="37-4B-DC-EA-25-39-99-18-E1-8E-BA-DA-FA-91-2D-EE-EF-8D-5E-95">
      <ModulePath>c:\Program Files\dotnet\shared\Microsoft.NETCore.App\1.1.0\System.AppContext.dll</ModulePath>
      <ModuleTime>2016-11-08T22:08:42Z</ModuleTime>
      <ModuleName>System.AppContext</ModuleName>
      <Classes />
    </Module>
    <Module skippedDueTo="Filter" hash="73-AD-C2-0B-16-1C-79-BB-ED-EE-CD-23-43-2D-D9-A7-9E-D6-B8-2D">
      <ModulePath>c:\Program Files\dotnet\shared\Microsoft.NETCore.App\1.1.0\System.IO.FileSystem.dll</ModulePath>
      <ModuleTime>2016-11-08T22:08:38Z</ModuleTime>
      <ModuleName>System.IO.FileSystem</ModuleName>
      <Classes />
    </Module>
    <Module skippedDueTo="Filter" hash="88-A2-06-4C-3C-23-45-6B-68-3D-0B-E7-6C-1C-42-BA-76-48-19-01">
      <ModulePath>c:\Program Files\dotnet\shared\Microsoft.NETCore.App\1.1.0\System.Runtime.Extensions.dll</ModulePath>
      <ModuleTime>2016-11-08T22:08:38Z</ModuleTime>
      <ModuleName>System.Runtime.Extensions</ModuleName>
      <Classes />
    </Module>
    <Module skippedDueTo="Filter" hash="E9-B5-2A-6A-91-3D-AF-96-DB-8F-16-86-F3-69-AF-75-B1-A8-8B-C4">
      <ModulePath>c:\Program Files\dotnet\shared\Microsoft.NETCore.App\1.1.0\System.Threading.dll</ModulePath>
      <ModuleTime>2016-11-08T22:08:28Z</ModuleTime>
      <ModuleName>System.Threading</ModuleName>
      <Classes />
    </Module>
    <Module skippedDueTo="Filter" hash="88-31-EF-06-F9-64-5B-07-F2-E8-E6-93-76-B7-A3-F0-20-E0-9F-25">
      <ModulePath>c:\Program Files\dotnet\shared\Microsoft.NETCore.App\1.1.0\System.IO.FileSystem.Primitives.dll</ModulePath>
      <ModuleTime>2016-11-08T22:08:26Z</ModuleTime>
      <ModuleName>System.IO.FileSystem.Primitives</ModuleName>
      <Classes />
    </Module>
    <Module skippedDueTo="Filter" hash="C3-A3-20-7E-3F-2B-7B-82-5F-1D-04-58-B8-A2-DC-6A-B3-EF-29-98">
      <ModulePath>c:\Program Files\dotnet\shared\Microsoft.NETCore.App\1.1.0\System.Linq.dll</ModulePath>
      <ModuleTime>2016-11-08T22:08:30Z</ModuleTime>
      <ModuleName>System.Linq</ModuleName>
      <Classes />
    </Module>
    <Module skippedDueTo="Filter" hash="43-BB-24-58-84-E8-38-62-FC-E6-B5-B2-51-43-65-71-D8-E9-CB-9E">
      <ModulePath>c:\Program Files\dotnet\shared\Microsoft.NETCore.App\1.1.0\System.Console.dll</ModulePath>
      <ModuleTime>2016-11-08T22:08:34Z</ModuleTime>
      <ModuleName>System.Console</ModuleName>
      <Classes />
    </Module>
    <Module skippedDueTo="Filter" hash="32-EA-E9-B0-86-D5-50-21-8F-6D-50-E1-E4-83-BB-B9-5C-BD-11-27">
      <ModulePath>c:\Program Files\dotnet\shared\Microsoft.NETCore.App\1.1.0\System.Reflection.dll</ModulePath>
      <ModuleTime>2016-11-08T22:08:38Z</ModuleTime>
      <ModuleName>System.Reflection</ModuleName>
      <Classes />
    </Module>
    <Module skippedDueTo="Filter" hash="9C-A7-0D-C9-7B-1A-06-A4-6A-EC-EB-5B-A6-EF-D8-5D-C9-10-E5-66">
      <ModulePath>c:\Program Files\dotnet\shared\Microsoft.NETCore.App\1.1.0\System.Runtime.InteropServices.dll</ModulePath>
      <ModuleTime>2016-11-08T22:08:50Z</ModuleTime>
      <ModuleName>System.Runtime.InteropServices</ModuleName>
      <Classes />
    </Module>
    <Module skippedDueTo="Filter" hash="A0-B7-A6-47-D8-23-AA-21-BD-3F-39-BA-48-2E-72-DB-A7-F3-3E-6C">
      <ModulePath>c:\Program Files\dotnet\shared\Microsoft.NETCore.App\1.1.0\System.Runtime.Handles.dll</ModulePath>
      <ModuleTime>2016-11-08T22:08:34Z</ModuleTime>
      <ModuleName>System.Runtime.Handles</ModuleName>
      <Classes />
    </Module>
    <Module skippedDueTo="Filter" hash="B8-AA-6F-8C-81-35-EC-FF-1E-2F-18-3C-66-37-55-F0-CB-54-3A-2B">
      <ModulePath>c:\Program Files\dotnet\shared\Microsoft.NETCore.App\1.1.0\System.Runtime.Loader.dll</ModulePath>
      <ModuleTime>2016-11-08T22:08:40Z</ModuleTime>
      <ModuleName>System.Runtime.Loader</ModuleName>
      <Classes />
    </Module>
    <Module skippedDueTo="Filter" hash="2C-5B-2A-6A-84-1B-1F-4C-E8-7D-01-E8-82-8E-4C-D6-E6-1F-4C-C8">
      <ModulePath>c:\Program Files\dotnet\shared\Microsoft.NETCore.App\1.1.0\System.Globalization.dll</ModulePath>
      <ModuleTime>2016-11-08T22:09:00Z</ModuleTime>
      <ModuleName>System.Globalization</ModuleName>
      <Classes />
    </Module>
    <Module skippedDueTo="Filter" hash="9F-01-EB-E4-DC-3D-DD-8A-EC-D6-BD-3E-66-54-EE-B8-0B-C7-F4-57">
      <ModulePath>c:\Program Files\dotnet\sdk\1.0.0-rc4-004771\Roslyn\System.Reflection.Metadata.dll</ModulePath>
      <ModuleTime>2017-02-06T23:43:30Z</ModuleTime>
      <ModuleName>System.Reflection.Metadata</ModuleName>
      <Classes />
    </Module>
    <Module skippedDueTo="Filter" hash="56-2E-6A-A4-AF-EA-86-EA-08-67-FF-56-D5-15-EC-4C-D4-B5-A1-1C">
      <ModulePath>c:\Program Files\dotnet\shared\Microsoft.NETCore.App\1.1.0\System.Text.Encoding.Extensions.dll</ModulePath>
      <ModuleTime>2016-11-08T22:08:30Z</ModuleTime>
      <ModuleName>System.Text.Encoding.Extensions</ModuleName>
      <Classes />
    </Module>
    <Module skippedDueTo="Filter" hash="33-B9-FD-12-83-42-81-78-DF-EF-6E-78-8B-8C-3C-43-C4-49-CC-C0">
      <ModulePath>c:\Program Files\dotnet\shared\Microsoft.NETCore.App\1.1.0\System.Threading.Tasks.Parallel.dll</ModulePath>
      <ModuleTime>2016-11-08T22:08:30Z</ModuleTime>
      <ModuleName>System.Threading.Tasks.Parallel</ModuleName>
      <Classes />
    </Module>
    <Module skippedDueTo="Filter" hash="26-4B-73-C5-45-5F-07-BB-D2-50-32-B5-E6-73-AD-0C-13-2E-15-43">
      <ModulePath>c:\Program Files\dotnet\shared\Microsoft.NETCore.App\1.1.0\System.Diagnostics.Tracing.dll</ModulePath>
      <ModuleTime>2016-11-08T22:08:50Z</ModuleTime>
      <ModuleName>System.Diagnostics.Tracing</ModuleName>
      <Classes />
    </Module>
    <Module skippedDueTo="Filter" hash="A4-6E-55-83-2F-43-DE-A9-B5-EE-C3-02-DC-00-0B-5A-62-AA-C8-2F">
      <ModulePath>c:\Program Files\dotnet\shared\Microsoft.NETCore.App\1.1.0\System.Collections.Concurrent.dll</ModulePath>
      <ModuleTime>2016-11-08T22:08:50Z</ModuleTime>
      <ModuleName>System.Collections.Concurrent</ModuleName>
      <Classes />
    </Module>
    <Module skippedDueTo="Filter" hash="FE-F8-4C-A1-83-38-C6-BE-01-3F-89-AC-C9-23-85-45-54-EB-2C-CC">
      <ModulePath>c:\Program Files\dotnet\shared\Microsoft.NETCore.App\1.1.0\System.Security.Cryptography.Algorithms.dll</ModulePath>
      <ModuleTime>2016-11-08T22:09:00Z</ModuleTime>
      <ModuleName>System.Security.Cryptography.Algorithms</ModuleName>
      <Classes />
    </Module>
    <Module skippedDueTo="Filter" hash="1E-D2-01-C4-41-BA-CF-C0-3C-B1-BE-B3-32-14-76-D6-46-6C-D4-EC">
      <ModulePath>c:\Program Files\dotnet\shared\Microsoft.NETCore.App\1.1.0\System.Security.Cryptography.Primitives.dll</ModulePath>
      <ModuleTime>2016-11-08T22:08:48Z</ModuleTime>
      <ModuleName>System.Security.Cryptography.Primitives</ModuleName>
      <Classes />
    </Module>
    <Module skippedDueTo="Filter" hash="49-EE-55-86-87-4C-F8-E3-0C-4B-EB-4A-14-49-A2-BA-C5-27-A3-F9">
      <ModulePath>c:\Program Files\dotnet\shared\Microsoft.NETCore.App\1.1.0\System.Runtime.Numerics.dll</ModulePath>
      <ModuleTime>2016-11-08T22:08:24Z</ModuleTime>
      <ModuleName>System.Runtime.Numerics</ModuleName>
      <Classes />
    </Module>
    <Module skippedDueTo="Filter" hash="D2-F2-2E-AE-05-F3-13-01-21-9B-F9-27-6F-EA-26-23-9E-EC-0B-0B">
      <ModulePath>c:\Program Files\dotnet\sdk\1.0.0-rc4-004771\Roslyn\System.ValueTuple.dll</ModulePath>
      <ModuleTime>2017-02-06T23:43:30Z</ModuleTime>
      <ModuleName>System.ValueTuple</ModuleName>
      <Classes />
    </Module>
    <Module skippedDueTo="Filter" hash="22-BE-B9-72-7F-AD-73-EC-69-ED-0D-7A-56-95-89-7A-C4-35-A9-BC">
      <ModulePath>c:\Program Files\dotnet\shared\Microsoft.NETCore.App\1.1.0\System.Reflection.Primitives.dll</ModulePath>
      <ModuleTime>2016-11-08T22:08:36Z</ModuleTime>
      <ModuleName>System.Reflection.Primitives</ModuleName>
      <Classes />
    </Module>
    <Module skippedDueTo="Filter" hash="01-6C-19-93-56-62-F3-51-BB-35-48-75-E9-2D-ED-FA-39-A5-CF-17">
      <ModulePath>c:\Program Files\dotnet\shared\Microsoft.NETCore.App\1.1.0\System.IO.MemoryMappedFiles.dll</ModulePath>
      <ModuleTime>2016-11-08T22:08:32Z</ModuleTime>
      <ModuleName>System.IO.MemoryMappedFiles</ModuleName>
      <Classes />
    </Module>
    <Module skippedDueTo="Filter" hash="46-C2-B6-BA-12-1C-3E-FD-08-1D-B2-0A-A0-5B-7F-A8-D1-80-F0-84">
      <ModulePath>c:\Program Files\dotnet\shared\Microsoft.NETCore.App\1.1.0\System.IO.UnmanagedMemoryStream.dll</ModulePath>
      <ModuleTime>2016-11-08T22:08:26Z</ModuleTime>
      <ModuleName>System.IO.UnmanagedMemoryStream</ModuleName>
      <Classes />
    </Module>
    <Module skippedDueTo="Filter" hash="73-73-12-1A-DA-3C-71-0D-6A-DA-BA-63-32-03-79-94-AC-5E-4B-13">
      <ModulePath>c:\Program Files\dotnet\shared\Microsoft.NETCore.App\1.1.0\System.Reflection.Extensions.dll</ModulePath>
      <ModuleTime>2016-11-08T22:08:36Z</ModuleTime>
      <ModuleName>System.Reflection.Extensions</ModuleName>
      <Classes />
    </Module>
    <Module skippedDueTo="Filter" hash="75-2D-BA-9C-C0-5B-7B-F5-85-48-B7-3F-33-18-41-50-49-80-1F-35">
      <ModulePath>C:\Users\Tim\.nuget\packages\microsoft.codeanalysis.analyzers\1.1.0\analyzers\dotnet\cs\Microsoft.CodeAnalysis.Analyzers.dll</ModulePath>
      <ModuleTime>2015-11-23T13:47:26Z</ModuleTime>
      <ModuleName>Microsoft.CodeAnalysis.Analyzers</ModuleName>
      <Classes />
    </Module>
    <Module skippedDueTo="Filter" hash="F8-13-77-B6-9D-92-C4-91-70-80-E2-B5-03-D2-EA-53-8A-A3-0E-EB">
      <ModulePath>C:\Users\Tim\.nuget\packages\microsoft.codeanalysis.analyzers\1.1.0\analyzers\dotnet\cs\Microsoft.CodeAnalysis.CSharp.Analyzers.dll</ModulePath>
      <ModuleTime>2015-11-23T13:47:26Z</ModuleTime>
      <ModuleName>Microsoft.CodeAnalysis.CSharp.Analyzers</ModuleName>
      <Classes />
    </Module>
    <Module skippedDueTo="Filter" hash="6A-04-84-DA-6E-1A-C8-BA-0C-65-9B-25-41-13-BF-90-58-08-9D-4C">
      <ModulePath>c:\Program Files\dotnet\shared\Microsoft.NETCore.App\1.1.0\System.Resources.ResourceManager.dll</ModulePath>
      <ModuleTime>2016-11-08T22:09:00Z</ModuleTime>
      <ModuleName>System.Resources.ResourceManager</ModuleName>
      <Classes />
    </Module>
    <Module skippedDueTo="Filter" hash="A3-72-3F-1D-83-9A-2C-7F-61-C3-0F-16-E7-F0-0D-69-2E-C2-6B-87">
      <ModulePath>c:\program files\dotnet\sdk\1.0.0-rc4-004771\System.Runtime.Serialization.Primitives.dll</ModulePath>
      <ModuleTime>2017-02-06T23:43:30Z</ModuleTime>
      <ModuleName>System.Runtime.Serialization.Primitives</ModuleName>
      <Classes />
    </Module>
    <Module skippedDueTo="Filter" hash="45-CB-FB-3E-9C-86-50-09-1D-B4-C6-25-60-6A-2D-CE-97-5E-94-2B">
      <ModulePath>c:\program files\dotnet\shared\Microsoft.NETCore.App\1.1.0\System.Reflection.Emit.ILGeneration.dll</ModulePath>
      <ModuleTime>2016-11-08T22:08:38Z</ModuleTime>
      <ModuleName>System.Reflection.Emit.ILGeneration</ModuleName>
      <Classes />
    </Module>
    <Module skippedDueTo="Filter" hash="BA-47-DD-F2-10-B0-00-0E-C3-0F-66-A5-D5-F6-5B-FD-96-1C-E1-33">
      <ModulePath>c:\program files\dotnet\shared\Microsoft.NETCore.App\1.1.0\System.Reflection.Emit.Lightweight.dll</ModulePath>
      <ModuleTime>2016-11-08T22:08:50Z</ModuleTime>
      <ModuleName>System.Reflection.Emit.Lightweight</ModuleName>
      <Classes />
    </Module>
    <Module skippedDueTo="Filter" hash="">
      <ModulePath>RefEmit_InMemoryManifestModule</ModulePath>
      <ModuleTime>0001-01-01T00:00:00</ModuleTime>
      <ModuleName>Anonymously Hosted DynamicMethods Assembly</ModuleName>
      <Classes />
    </Module>
    <Module skippedDueTo="Filter" hash="37-4B-DC-EA-25-39-99-18-E1-8E-BA-DA-FA-91-2D-EE-EF-8D-5E-95">
      <ModulePath>c:\program files\dotnet\shared\Microsoft.NETCore.App\1.1.0\System.AppContext.dll</ModulePath>
      <ModuleTime>2016-11-08T22:08:42Z</ModuleTime>
      <ModuleName>System.AppContext</ModuleName>
      <Classes />
    </Module>
    <Module skippedDueTo="Filter" hash="4C-56-2A-5D-4E-3C-76-D7-9C-3D-79-F4-B5-97-16-AD-0F-AD-91-C9">
      <ModulePath>c:\program files\dotnet\shared\Microsoft.NETCore.App\1.0.3\System.Private.CoreLib.ni.dll</ModulePath>
      <ModuleTime>2016-11-10T00:38:20Z</ModuleTime>
      <ModuleName>System.Private.CoreLib</ModuleName>
      <Classes />
    </Module>
    <Module skippedDueTo="Filter" hash="C7-10-EB-D2-C4-7B-5C-B0-08-3B-DA-D6-88-BC-45-D6-6B-D4-26-2D">
      <ModulePath>c:\program files\dotnet\sdk\1.0.0-rc4-004771\vstest.console.dll</ModulePath>
      <ModuleTime>2017-02-06T23:44:00Z</ModuleTime>
      <ModuleName>vstest.console</ModuleName>
      <Classes />
    </Module>
    <Module skippedDueTo="Filter" hash="D8-96-50-50-1B-E6-94-4C-24-AB-CF-A7-A6-D4-AE-9B-B9-63-8C-B4">
      <ModulePath>c:\program files\dotnet\shared\Microsoft.NETCore.App\1.0.3\System.Runtime.dll</ModulePath>
      <ModuleTime>2016-11-10T00:37:50Z</ModuleTime>
      <ModuleName>System.Runtime</ModuleName>
      <Classes />
    </Module>
    <Module skippedDueTo="Filter" hash="CC-22-AC-F5-E9-00-0D-B2-C9-AF-80-ED-2B-7C-DB-2A-83-09-DD-53">
      <ModulePath>c:\program files\dotnet\shared\Microsoft.NETCore.App\1.0.3\mscorlib.dll</ModulePath>
      <ModuleTime>2016-11-09T16:34:00Z</ModuleTime>
      <ModuleName>mscorlib</ModuleName>
      <Classes />
    </Module>
    <Module skippedDueTo="Filter" hash="14-78-D1-EF-B2-92-4B-53-63-F5-80-31-FA-2E-74-4D-66-A4-A2-FE">
      <ModulePath>c:\program files\dotnet\shared\Microsoft.NETCore.App\1.0.3\System.Runtime.Extensions.dll</ModulePath>
      <ModuleTime>2016-11-10T00:38:10Z</ModuleTime>
      <ModuleName>System.Runtime.Extensions</ModuleName>
      <Classes />
    </Module>
    <Module skippedDueTo="Filter" hash="32-E8-07-01-3B-45-7C-5D-19-BD-4B-AE-56-BF-A4-31-CB-2B-E2-17">
      <ModulePath>c:\program files\dotnet\sdk\1.0.0-rc4-004771\Microsoft.TestPlatform.CoreUtilities.dll</ModulePath>
      <ModuleTime>2017-02-06T23:43:30Z</ModuleTime>
      <ModuleName>Microsoft.TestPlatform.CoreUtilities</ModuleName>
      <Classes />
    </Module>
    <Module skippedDueTo="Filter" hash="EF-7C-18-CF-1E-35-34-46-4E-A4-9E-5A-31-6E-21-26-32-27-FA-4B">
      <ModulePath>c:\program files\dotnet\shared\Microsoft.NETCore.App\1.0.3\System.Diagnostics.Process.dll</ModulePath>
      <ModuleTime>2016-11-10T00:37:50Z</ModuleTime>
      <ModuleName>System.Diagnostics.Process</ModuleName>
      <Classes />
    </Module>
    <Module skippedDueTo="Filter" hash="37-CC-AB-6D-38-38-A7-FE-4A-D1-D7-47-27-B4-3A-61-AE-55-40-88">
      <ModulePath>c:\program files\dotnet\shared\Microsoft.NETCore.App\1.0.3\System.Diagnostics.Debug.dll</ModulePath>
      <ModuleTime>2016-11-10T00:37:52Z</ModuleTime>
      <ModuleName>System.Diagnostics.Debug</ModuleName>
      <Classes />
    </Module>
    <Module skippedDueTo="Filter" hash="E5-45-40-F2-D1-74-D3-18-EB-86-0A-4E-85-2E-BA-E6-86-13-EA-30">
      <ModulePath>c:\program files\dotnet\shared\Microsoft.NETCore.App\1.0.3\System.Threading.Thread.dll</ModulePath>
      <ModuleTime>2016-11-10T00:37:48Z</ModuleTime>
      <ModuleName>System.Threading.Thread</ModuleName>
      <Classes />
    </Module>
    <Module skippedDueTo="Filter" hash="DA-02-39-30-4F-44-11-70-BC-AB-64-A3-FD-48-29-EB-23-6D-9D-C0">
      <ModulePath>c:\program files\dotnet\shared\Microsoft.NETCore.App\1.0.3\System.Threading.dll</ModulePath>
      <ModuleTime>2016-11-10T00:37:46Z</ModuleTime>
      <ModuleName>System.Threading</ModuleName>
      <Classes />
    </Module>
    <Module skippedDueTo="Filter" hash="05-F4-AB-C4-17-69-1B-C1-E6-87-51-4B-18-DA-4B-FE-F6-3B-D8-73">
      <ModulePath>c:\program files\dotnet\shared\Microsoft.NETCore.App\1.0.3\System.Console.dll</ModulePath>
      <ModuleTime>2016-11-10T00:37:50Z</ModuleTime>
      <ModuleName>System.Console</ModuleName>
      <Classes />
    </Module>
    <Module skippedDueTo="Filter" hash="48-71-40-31-A4-02-18-96-F6-AA-EF-D4-A4-22-80-EC-A1-D5-0A-86">
      <ModulePath>c:\program files\dotnet\shared\Microsoft.NETCore.App\1.0.3\System.IO.dll</ModulePath>
      <ModuleTime>2016-11-10T00:37:50Z</ModuleTime>
      <ModuleName>System.IO</ModuleName>
      <Classes />
    </Module>
    <Module skippedDueTo="Filter" hash="8B-81-48-C6-E6-6D-97-B4-1F-E1-88-8B-00-43-29-F4-75-12-3E-83">
      <ModulePath>c:\program files\dotnet\shared\Microsoft.NETCore.App\1.0.3\System.IO.FileSystem.Primitives.dll</ModulePath>
      <ModuleTime>2016-11-10T00:37:46Z</ModuleTime>
      <ModuleName>System.IO.FileSystem.Primitives</ModuleName>
      <Classes />
    </Module>
    <Module skippedDueTo="Filter" hash="74-64-13-45-4B-E7-B7-49-DA-29-8A-41-1A-CC-48-C8-C7-E8-76-9F">
      <ModulePath>c:\program files\dotnet\shared\Microsoft.NETCore.App\1.0.3\System.Text.Encoding.dll</ModulePath>
      <ModuleTime>2016-11-10T00:38:10Z</ModuleTime>
      <ModuleName>System.Text.Encoding</ModuleName>
      <Classes />
    </Module>
    <Module skippedDueTo="Filter" hash="D3-14-58-13-73-EE-EA-45-F9-9F-D9-57-75-0A-53-05-74-25-85-AA">
      <ModulePath>c:\program files\dotnet\shared\Microsoft.NETCore.App\1.0.3\System.Text.Encoding.Extensions.dll</ModulePath>
      <ModuleTime>2016-11-10T00:37:54Z</ModuleTime>
      <ModuleName>System.Text.Encoding.Extensions</ModuleName>
      <Classes />
    </Module>
    <Module skippedDueTo="Filter" hash="D6-94-58-25-8F-34-E1-8A-B9-16-A5-AC-4F-31-76-87-C2-00-62-D3">
      <ModulePath>c:\program files\dotnet\shared\Microsoft.NETCore.App\1.0.3\System.Threading.Tasks.dll</ModulePath>
      <ModuleTime>2016-11-10T00:37:38Z</ModuleTime>
      <ModuleName>System.Threading.Tasks</ModuleName>
      <Classes />
    </Module>
    <Module skippedDueTo="Filter" hash="52-96-89-22-F2-58-F2-B9-CD-97-80-8F-F9-95-8D-CA-A5-0E-39-66">
      <ModulePath>c:\program files\dotnet\shared\Microsoft.NETCore.App\1.0.3\System.Diagnostics.Tracing.dll</ModulePath>
      <ModuleTime>2016-11-10T00:37:46Z</ModuleTime>
      <ModuleName>System.Diagnostics.Tracing</ModuleName>
      <Classes />
    </Module>
    <Module skippedDueTo="Filter" hash="1C-4D-F2-B2-6F-1C-12-C9-44-EC-58-3D-6D-CD-16-A4-DF-DA-0F-0B">
      <ModulePath>c:\program files\dotnet\shared\Microsoft.NETCore.App\1.0.3\System.Collections.dll</ModulePath>
      <ModuleTime>2016-11-10T00:37:40Z</ModuleTime>
      <ModuleName>System.Collections</ModuleName>
      <Classes />
    </Module>
    <Module skippedDueTo="Filter" hash="98-1C-42-80-E1-79-F7-79-01-60-E0-0F-6D-CA-13-90-BB-12-1D-8A">
      <ModulePath>c:\program files\dotnet\sdk\1.0.0-rc4-004771\Microsoft.VisualStudio.TestPlatform.ObjectModel.dll</ModulePath>
      <ModuleTime>2017-02-06T23:43:30Z</ModuleTime>
      <ModuleName>Microsoft.VisualStudio.TestPlatform.ObjectModel</ModuleName>
      <Classes />
    </Module>
    <Module skippedDueTo="Filter" hash="7B-CE-FC-4B-FA-88-6B-11-AE-53-A1-AF-EE-FA-3D-B5-16-C8-C9-4F">
      <ModulePath>c:\program files\dotnet\shared\Microsoft.NETCore.App\1.0.3\System.Linq.dll</ModulePath>
      <ModuleTime>2016-11-10T00:37:46Z</ModuleTime>
      <ModuleName>System.Linq</ModuleName>
      <Classes />
    </Module>
    <Module skippedDueTo="Filter" hash="56-92-E8-DA-23-35-90-E5-6E-E8-DF-9B-BC-DF-F0-0A-A8-99-FD-1D">
      <ModulePath>c:\program files\dotnet\shared\Microsoft.NETCore.App\1.0.3\System.Reflection.dll</ModulePath>
      <ModuleTime>2016-11-10T00:37:44Z</ModuleTime>
      <ModuleName>System.Reflection</ModuleName>
      <Classes />
    </Module>
    <Module skippedDueTo="Filter" hash="A3-15-DC-BF-AF-57-FF-C6-E5-DA-6D-BE-EB-03-89-36-A0-35-6B-AB">
      <ModulePath>c:\program files\dotnet\shared\Microsoft.NETCore.App\1.0.3\System.Globalization.dll</ModulePath>
      <ModuleTime>2016-11-10T00:37:42Z</ModuleTime>
      <ModuleName>System.Globalization</ModuleName>
      <Classes />
    </Module>
    <Module skippedDueTo="Filter" hash="61-B1-39-AA-84-F8-A1-83-40-14-9C-00-94-10-32-B1-9D-0A-47-F3">
      <ModulePath>c:\program files\dotnet\shared\Microsoft.NETCore.App\1.0.3\System.Resources.ResourceManager.dll</ModulePath>
      <ModuleTime>2016-11-10T00:38:10Z</ModuleTime>
      <ModuleName>System.Resources.ResourceManager</ModuleName>
      <Classes />
    </Module>
    <Module skippedDueTo="Filter" hash="45-0F-BC-22-04-DA-80-CF-9B-8E-6A-70-B2-BB-E5-07-B4-7D-4E-B1">
      <ModulePath>c:\program files\dotnet\shared\Microsoft.NETCore.App\1.0.3\System.IO.FileSystem.dll</ModulePath>
      <ModuleTime>2016-11-10T00:37:44Z</ModuleTime>
      <ModuleName>System.IO.FileSystem</ModuleName>
      <Classes />
    </Module>
    <Module skippedDueTo="Filter" hash="50-7B-B8-C5-40-22-BB-EF-B4-9B-10-EC-49-18-5D-6B-5F-4F-23-E4">
      <ModulePath>c:\program files\dotnet\sdk\1.0.0-rc4-004771\runtimes\win\lib\netstandard1.3\System.Diagnostics.TraceSource.dll</ModulePath>
      <ModuleTime>2017-02-06T23:43:30Z</ModuleTime>
      <ModuleName>System.Diagnostics.TraceSource</ModuleName>
      <Classes />
    </Module>
    <Module skippedDueTo="Filter" hash="85-B0-AB-6D-E8-DA-13-38-58-00-4A-C5-F4-39-B7-DB-0A-46-9D-8A">
      <ModulePath>c:\program files\dotnet\sdk\1.0.0-rc4-004771\Microsoft.VisualStudio.TestPlatform.Common.dll</ModulePath>
      <ModuleTime>2017-02-06T23:43:32Z</ModuleTime>
      <ModuleName>Microsoft.VisualStudio.TestPlatform.Common</ModuleName>
      <Classes />
    </Module>
    <Module skippedDueTo="Filter" hash="92-9E-CD-A9-AA-1A-5F-26-40-BC-4B-B2-03-A5-71-A6-9D-37-D9-29">
      <ModulePath>c:\program files\dotnet\sdk\1.0.0-rc4-004771\Microsoft.VisualStudio.TestPlatform.Client.dll</ModulePath>
      <ModuleTime>2017-02-06T23:43:30Z</ModuleTime>
      <ModuleName>Microsoft.VisualStudio.TestPlatform.Client</ModuleName>
      <Classes />
    </Module>
    <Module skippedDueTo="Filter" hash="71-A5-E8-95-27-D6-3E-F7-4C-54-F6-9B-8C-5E-B9-AD-47-47-37-7F">
      <ModulePath>c:\program files\dotnet\sdk\1.0.0-rc4-004771\Microsoft.TestPlatform.CrossPlatEngine.dll</ModulePath>
      <ModuleTime>2017-02-06T23:43:30Z</ModuleTime>
      <ModuleName>Microsoft.TestPlatform.CrossPlatEngine</ModuleName>
      <Classes />
    </Module>
    <Module skippedDueTo="Filter" hash="43-F0-03-2E-A6-EB-6F-AC-39-81-BE-EE-77-A7-19-EF-A3-14-CF-68">
      <ModulePath>c:\program files\dotnet\shared\Microsoft.NETCore.App\1.0.3\System.Runtime.Loader.dll</ModulePath>
      <ModuleTime>2016-11-10T00:37:46Z</ModuleTime>
      <ModuleName>System.Runtime.Loader</ModuleName>
      <Classes />
    </Module>
    <Module skippedDueTo="Filter" hash="A8-10-8D-A4-17-EE-81-9D-A3-F8-23-72-60-D7-63-37-38-54-96-12">
      <ModulePath>c:\program files\dotnet\shared\Microsoft.NETCore.App\1.0.3\System.Text.RegularExpressions.dll</ModulePath>
      <ModuleTime>2016-11-10T00:37:48Z</ModuleTime>
      <ModuleName>System.Text.RegularExpressions</ModuleName>
      <Classes />
    </Module>
    <Module skippedDueTo="Filter" hash="0A-66-84-92-E0-5E-5A-F3-7E-B6-41-22-45-8A-53-20-B1-6A-BB-23">
      <ModulePath>c:\program files\dotnet\shared\Microsoft.NETCore.App\1.0.3\System.Runtime.Handles.dll</ModulePath>
      <ModuleTime>2016-11-10T00:38:10Z</ModuleTime>
      <ModuleName>System.Runtime.Handles</ModuleName>
      <Classes />
    </Module>
    <Module skippedDueTo="Filter" hash="9C-A0-83-31-4F-C5-AB-87-BD-21-8F-EC-BA-74-84-37-73-20-E8-37">
      <ModulePath>c:\program files\dotnet\shared\Microsoft.NETCore.App\1.0.3\System.Runtime.InteropServices.dll</ModulePath>
      <ModuleTime>2016-11-10T00:37:44Z</ModuleTime>
      <ModuleName>System.Runtime.InteropServices</ModuleName>
      <Classes />
    </Module>
    <Module skippedDueTo="Filter" hash="FD-04-8B-07-AD-44-90-1B-AD-2B-29-A5-89-2E-64-9C-53-FD-80-56">
      <ModulePath>c:\program files\dotnet\sdk\1.0.0-rc4-004771\Extensions\Microsoft.VisualStudio.TestPlatform.Extensions.TrxLogger.dll</ModulePath>
      <ModuleTime>2017-02-06T23:43:32Z</ModuleTime>
      <ModuleName>Microsoft.VisualStudio.TestPlatform.Extensions.TrxLogger</ModuleName>
      <Classes />
    </Module>
    <Module skippedDueTo="Filter" hash="A5-AB-95-51-0F-C1-4C-08-76-3D-66-2B-27-FA-AD-1D-C7-08-66-00">
      <ModulePath>c:\program files\dotnet\shared\Microsoft.NETCore.App\1.0.3\System.Reflection.Extensions.dll</ModulePath>
      <ModuleTime>2016-11-10T00:38:10Z</ModuleTime>
      <ModuleName>System.Reflection.Extensions</ModuleName>
      <Classes />
    </Module>
    <Module skippedDueTo="Filter" hash="59-73-86-D8-5E-58-E2-9A-9C-A5-68-8F-AF-87-2A-46-84-FB-D5-5A">
      <ModulePath>c:\program files\dotnet\shared\Microsoft.NETCore.App\1.0.3\System.Private.Uri.dll</ModulePath>
      <ModuleTime>2016-11-10T00:37:48Z</ModuleTime>
      <ModuleName>System.Private.Uri</ModuleName>
      <Classes />
    </Module>
    <Module skippedDueTo="Filter" hash="F5-4F-13-26-76-D7-50-DE-47-E8-A0-46-D9-E6-7C-23-0D-46-3D-71">
      <ModulePath>c:\program files\dotnet\shared\Microsoft.NETCore.App\1.0.3\System.Xml.ReaderWriter.dll</ModulePath>
      <ModuleTime>2016-11-10T00:38:24Z</ModuleTime>
      <ModuleName>System.Xml.ReaderWriter</ModuleName>
      <Classes />
    </Module>
    <Module skippedDueTo="Filter" hash="95-89-2C-B3-C8-F0-E5-1C-7C-9B-93-17-98-DC-DE-7E-4A-41-2F-B3">
      <ModulePath>c:\program files\dotnet\shared\Microsoft.NETCore.App\1.0.3\System.Xml.XmlDocument.dll</ModulePath>
      <ModuleTime>2016-11-10T00:37:44Z</ModuleTime>
      <ModuleName>System.Xml.XmlDocument</ModuleName>
      <Classes />
    </Module>
    <Module skippedDueTo="Filter" hash="CD-E7-F8-EC-D8-2F-49-CE-23-7C-05-36-12-27-B7-69-7F-5E-70-79">
      <ModulePath>c:\program files\dotnet\sdk\1.0.0-rc4-004771\System.Xml.XPath.XmlDocument.dll</ModulePath>
      <ModuleTime>2017-02-06T23:43:30Z</ModuleTime>
      <ModuleName>System.Xml.XPath.XmlDocument</ModuleName>
      <Classes />
    </Module>
    <Module skippedDueTo="Filter" hash="74-CB-D1-4F-22-77-CB-82-A1-ED-10-9E-E2-DB-47-8B-05-C7-C1-77">
      <ModulePath>c:\program files\dotnet\shared\Microsoft.NETCore.App\1.0.3\System.Xml.XPath.dll</ModulePath>
      <ModuleTime>2016-11-10T00:38:12Z</ModuleTime>
      <ModuleName>System.Xml.XPath</ModuleName>
      <Classes />
    </Module>
    <Module skippedDueTo="Filter" hash="22-76-72-5F-86-83-CA-1B-DC-D4-E7-FF-CF-33-9B-0D-4C-88-84-BA">
      <ModulePath>c:\program files\dotnet\sdk\1.0.0-rc4-004771\Microsoft.TestPlatform.Utilities.dll</ModulePath>
      <ModuleTime>2017-02-06T23:43:30Z</ModuleTime>
      <ModuleName>Microsoft.TestPlatform.Utilities</ModuleName>
      <Classes />
    </Module>
    <Module skippedDueTo="Filter" hash="77-57-7A-94-DE-F7-5D-88-EB-BA-B3-19-0A-E3-55-4E-4C-59-74-76">
      <ModulePath>c:\program files\dotnet\shared\Microsoft.NETCore.App\1.0.3\System.Runtime.InteropServices.RuntimeInformation.dll</ModulePath>
      <ModuleTime>2016-11-10T00:37:48Z</ModuleTime>
      <ModuleName>System.Runtime.InteropServices.RuntimeInformation</ModuleName>
      <Classes />
    </Module>
    <Module skippedDueTo="Filter" hash="AD-42-F9-86-CB-4A-1E-60-79-30-0A-09-A2-78-BA-16-90-5B-7C-A0">
      <ModulePath>c:\program files\dotnet\sdk\1.0.0-rc4-004771\Microsoft.TestPlatform.CommunicationUtilities.dll</ModulePath>
      <ModuleTime>2017-02-06T23:43:30Z</ModuleTime>
      <ModuleName>Microsoft.TestPlatform.CommunicationUtilities</ModuleName>
      <Classes />
    </Module>
    <Module skippedDueTo="Filter" hash="CB-F8-FF-AA-4E-4C-E0-7F-9A-8C-E4-62-9D-B2-E7-11-D5-6D-41-66">
      <ModulePath>c:\program files\dotnet\sdk\1.0.0-rc4-004771\Newtonsoft.Json.dll</ModulePath>
      <ModuleTime>2017-02-06T23:39:44Z</ModuleTime>
      <ModuleName>Newtonsoft.Json</ModuleName>
      <Classes />
    </Module>
    <Module skippedDueTo="Filter" hash="A3-72-3F-1D-83-9A-2C-7F-61-C3-0F-16-E7-F0-0D-69-2E-C2-6B-87">
      <ModulePath>c:\program files\dotnet\sdk\1.0.0-rc4-004771\System.Runtime.Serialization.Primitives.dll</ModulePath>
      <ModuleTime>2017-02-06T23:43:30Z</ModuleTime>
      <ModuleName>System.Runtime.Serialization.Primitives</ModuleName>
      <Classes />
    </Module>
    <Module skippedDueTo="Filter" hash="B8-1B-AE-87-23-4F-87-E2-57-E4-06-34-C8-59-94-D0-35-F2-4B-93">
      <ModulePath>c:\program files\dotnet\shared\Microsoft.NETCore.App\1.0.3\System.Net.Primitives.dll</ModulePath>
      <ModuleTime>2016-11-10T00:37:56Z</ModuleTime>
      <ModuleName>System.Net.Primitives</ModuleName>
      <Classes />
    </Module>
    <Module skippedDueTo="Filter" hash="43-A2-C7-9A-22-05-41-E4-E4-01-FE-D1-4A-CC-FB-7B-2E-56-CE-D1">
      <ModulePath>c:\program files\dotnet\shared\Microsoft.NETCore.App\1.0.3\System.Net.Sockets.dll</ModulePath>
      <ModuleTime>2016-11-10T00:37:52Z</ModuleTime>
      <ModuleName>System.Net.Sockets</ModuleName>
      <Classes />
    </Module>
    <Module skippedDueTo="Filter" hash="C6-A9-24-54-8A-39-F3-9D-C2-37-34-F9-1C-48-FE-42-46-5A-93-54">
      <ModulePath>c:\program files\dotnet\shared\Microsoft.NETCore.App\1.0.3\System.Net.NameResolution.dll</ModulePath>
      <ModuleTime>2016-11-10T00:37:48Z</ModuleTime>
      <ModuleName>System.Net.NameResolution</ModuleName>
      <Classes />
    </Module>
    <Module skippedDueTo="Filter" hash="9C-ED-8A-38-BD-C2-E8-62-F3-6F-BE-87-D4-A7-98-F4-97-EB-AA-F7">
      <ModulePath>c:\program files\dotnet\shared\Microsoft.NETCore.App\1.0.3\Microsoft.Win32.Primitives.dll</ModulePath>
      <ModuleTime>2016-11-10T00:38:10Z</ModuleTime>
      <ModuleName>Microsoft.Win32.Primitives</ModuleName>
      <Classes />
    </Module>
    <Module skippedDueTo="Filter" hash="EF-62-02-45-1C-8F-03-B8-C5-5D-B6-5E-2C-BD-AC-26-3D-D3-05-DA">
      <ModulePath>c:\program files\dotnet\shared\Microsoft.NETCore.App\1.0.3\System.Threading.Overlapped.dll</ModulePath>
      <ModuleTime>2016-11-10T00:37:44Z</ModuleTime>
      <ModuleName>System.Threading.Overlapped</ModuleName>
      <Classes />
    </Module>
    <Module skippedDueTo="Filter" hash="8C-E6-C8-D3-2E-8A-50-B2-C0-12-86-4F-E3-BD-0E-B6-38-47-89-A5">
      <ModulePath>c:\program files\dotnet\sdk\1.0.0-rc4-004771\Microsoft.Extensions.DependencyModel.dll</ModulePath>
      <ModuleTime>2017-02-06T23:43:30Z</ModuleTime>
      <ModuleName>Microsoft.Extensions.DependencyModel</ModuleName>
      <Classes />
    </Module>
    <Module skippedDueTo="Filter" hash="F6-78-6C-01-13-05-D7-45-FD-F8-B6-1B-D4-EB-DC-07-A4-DD-DD-98">
      <ModulePath>c:\program files\dotnet\shared\Microsoft.NETCore.App\1.0.3\System.Dynamic.Runtime.dll</ModulePath>
      <ModuleTime>2016-11-10T00:37:48Z</ModuleTime>
      <ModuleName>System.Dynamic.Runtime</ModuleName>
      <Classes />
    </Module>
    <Module skippedDueTo="Filter" hash="05-FA-C1-A7-E0-8B-64-AD-F0-96-DA-AE-26-BA-3D-46-5E-23-8A-1D">
      <ModulePath>c:\program files\dotnet\shared\Microsoft.NETCore.App\1.0.3\System.Linq.Expressions.dll</ModulePath>
      <ModuleTime>2016-11-10T00:37:48Z</ModuleTime>
      <ModuleName>System.Linq.Expressions</ModuleName>
      <Classes />
    </Module>
    <Module skippedDueTo="Filter" hash="71-F0-6A-9E-4D-B5-1A-3B-11-04-55-4A-76-67-68-52-5D-0E-8E-EF">
      <ModulePath>c:\program files\dotnet\shared\Microsoft.NETCore.App\1.0.3\System.ObjectModel.dll</ModulePath>
      <ModuleTime>2016-11-10T00:37:54Z</ModuleTime>
      <ModuleName>System.ObjectModel</ModuleName>
      <Classes />
    </Module>
    <Module skippedDueTo="Filter" hash="5F-E5-A4-4D-7A-81-1C-88-DA-C6-52-7F-24-1F-4C-91-AE-31-7C-80">
      <ModulePath>c:\program files\dotnet\shared\Microsoft.NETCore.App\1.0.3\System.Threading.ThreadPool.dll</ModulePath>
      <ModuleTime>2016-11-10T00:38:10Z</ModuleTime>
      <ModuleName>System.Threading.ThreadPool</ModuleName>
      <Classes />
    </Module>
    <Module skippedDueTo="Filter" hash="BD-DE-A7-8F-1E-AF-9E-71-2A-B5-57-87-AF-16-D5-1A-9B-B4-D7-C8">
      <ModulePath>c:\program files\dotnet\shared\Microsoft.NETCore.App\1.1.0\System.Private.CoreLib.ni.dll</ModulePath>
      <ModuleTime>2016-11-08T22:08:52Z</ModuleTime>
      <ModuleName>System.Private.CoreLib</ModuleName>
      <Classes />
    </Module>
    <Module skippedDueTo="Filter" hash="B5-7B-F4-62-D6-32-31-06-25-8B-27-96-7B-CB-68-C3-CD-F6-2B-9A">
      <ModulePath>C:\Users\Tim\.nuget\packages\microsoft.testplatform.testhost\15.0.0-preview-20170210-02\lib\netstandard1.5\testhost.dll</ModulePath>
      <ModuleTime>2017-02-10T02:41:58Z</ModuleTime>
      <ModuleName>testhost</ModuleName>
      <Classes />
    </Module>
    <Module skippedDueTo="Filter" hash="97-E8-31-7C-5E-85-00-E7-60-EF-51-C0-C1-67-C5-FE-0E-1B-11-78">
      <ModulePath>c:\program files\dotnet\shared\Microsoft.NETCore.App\1.1.0\System.Runtime.dll</ModulePath>
      <ModuleTime>2016-11-08T22:08:36Z</ModuleTime>
      <ModuleName>System.Runtime</ModuleName>
      <Classes />
    </Module>
    <Module skippedDueTo="Filter" hash="AA-CF-C7-E0-87-32-EE-4D-E5-D5-60-8A-68-9B-E6-B9-D4-AE-41-8C">
      <ModulePath>c:\program files\dotnet\shared\Microsoft.NETCore.App\1.1.0\mscorlib.dll</ModulePath>
      <ModuleTime>2016-10-28T17:57:54Z</ModuleTime>
      <ModuleName>mscorlib</ModuleName>
      <Classes />
    </Module>
    <Module skippedDueTo="Filter" hash="05-4C-41-B4-91-1C-EA-7F-EF-79-4F-C0-05-A4-4C-AC-EC-39-DF-76">
      <ModulePath>C:\Users\Tim\.nuget\packages\microsoft.testplatform.objectmodel\15.0.0-preview-20170210-02\lib\netstandard1.5\Microsoft.TestPlatform.CoreUtilities.dll</ModulePath>
      <ModuleTime>2017-02-10T02:41:56Z</ModuleTime>
      <ModuleName>Microsoft.TestPlatform.CoreUtilities</ModuleName>
      <Classes />
    </Module>
    <Module skippedDueTo="Filter" hash="26-4B-73-C5-45-5F-07-BB-D2-50-32-B5-E6-73-AD-0C-13-2E-15-43">
      <ModulePath>c:\program files\dotnet\shared\Microsoft.NETCore.App\1.1.0\System.Diagnostics.Tracing.dll</ModulePath>
      <ModuleTime>2016-11-08T22:08:50Z</ModuleTime>
      <ModuleName>System.Diagnostics.Tracing</ModuleName>
      <Classes />
    </Module>
    <Module skippedDueTo="Filter" hash="88-A2-06-4C-3C-23-45-6B-68-3D-0B-E7-6C-1C-42-BA-76-48-19-01">
      <ModulePath>c:\program files\dotnet\shared\Microsoft.NETCore.App\1.1.0\System.Runtime.Extensions.dll</ModulePath>
      <ModuleTime>2016-11-08T22:08:38Z</ModuleTime>
      <ModuleName>System.Runtime.Extensions</ModuleName>
      <Classes />
    </Module>
    <Module skippedDueTo="Filter" hash="43-4E-EE-E2-3D-F2-07-50-AD-EC-23-4A-47-A6-31-FF-CC-4B-F1-4D">
      <ModulePath>c:\program files\dotnet\shared\Microsoft.NETCore.App\1.1.0\System.Diagnostics.Process.dll</ModulePath>
      <ModuleTime>2016-11-08T22:08:30Z</ModuleTime>
      <ModuleName>System.Diagnostics.Process</ModuleName>
      <Classes />
    </Module>
    <Module skippedDueTo="Filter" hash="84-47-D8-7F-6A-96-C5-23-22-44-C1-A7-DF-AC-3A-11-9E-0F-E5-F0">
      <ModulePath>c:\program files\dotnet\shared\Microsoft.NETCore.App\1.1.0\System.Diagnostics.Debug.dll</ModulePath>
      <ModuleTime>2016-11-08T22:09:00Z</ModuleTime>
      <ModuleName>System.Diagnostics.Debug</ModuleName>
      <Classes />
    </Module>
    <Module skippedDueTo="Filter" hash="CC-89-4F-B5-C8-64-88-99-8B-C2-B2-02-36-D0-2F-8C-A3-A4-60-B5">
      <ModulePath>c:\program files\dotnet\shared\Microsoft.NETCore.App\1.1.0\System.Threading.Thread.dll</ModulePath>
      <ModuleTime>2016-11-08T22:08:24Z</ModuleTime>
      <ModuleName>System.Threading.Thread</ModuleName>
      <Classes />
    </Module>
    <Module skippedDueTo="Filter" hash="34-34-76-CE-B5-21-B9-DC-ED-DB-4D-A7-7D-96-A1-7F-17-CC-6E-A8">
      <ModulePath>c:\program files\dotnet\shared\Microsoft.NETCore.App\1.1.0\System.Collections.dll</ModulePath>
      <ModuleTime>2016-11-08T22:08:28Z</ModuleTime>
      <ModuleName>System.Collections</ModuleName>
      <Classes />
    </Module>
    <Module skippedDueTo="Filter" hash="C8-19-6C-5A-CC-80-69-71-F6-3F-F4-B5-BD-B8-A2-D6-80-C0-06-7B">
      <ModulePath>C:\Users\Tim\.nuget\packages\microsoft.testplatform.testhost\15.0.0-preview-20170210-02\lib\netstandard1.5\Microsoft.TestPlatform.CommunicationUtilities.dll</ModulePath>
      <ModuleTime>2017-02-10T02:41:58Z</ModuleTime>
      <ModuleName>Microsoft.TestPlatform.CommunicationUtilities</ModuleName>
      <Classes />
    </Module>
    <Module skippedDueTo="Filter" hash="C2-50-AF-B1-4F-26-38-E9-2C-81-29-81-74-55-88-DF-73-94-DF-4F">
      <ModulePath>C:\Users\Tim\.nuget\packages\microsoft.testplatform.objectmodel\15.0.0-preview-20170210-02\lib\netstandard1.5\Microsoft.VisualStudio.TestPlatform.ObjectModel.dll</ModulePath>
      <ModuleTime>2017-02-10T02:41:56Z</ModuleTime>
      <ModuleName>Microsoft.VisualStudio.TestPlatform.ObjectModel</ModuleName>
      <Classes />
    </Module>
    <Module skippedDueTo="Filter" hash="FF-CB-37-AF-65-57-CC-CC-CE-0A-56-9F-2B-74-48-41-D7-76-1C-60">
      <ModulePath>c:\program files\dotnet\shared\Microsoft.NETCore.App\1.1.0\System.Threading.Tasks.dll</ModulePath>
      <ModuleTime>2016-11-08T22:08:44Z</ModuleTime>
      <ModuleName>System.Threading.Tasks</ModuleName>
      <Classes />
    </Module>
    <Module skippedDueTo="Filter" hash="1C-74-CA-0C-31-E0-D9-29-35-CE-40-8F-18-9D-E3-C8-11-71-37-00">
      <ModulePath>C:\Users\Tim\.nuget\packages\microsoft.testplatform.testhost\15.0.0-preview-20170210-02\lib\netstandard1.5\Microsoft.TestPlatform.CrossPlatEngine.dll</ModulePath>
      <ModuleTime>2017-02-10T02:41:58Z</ModuleTime>
      <ModuleName>Microsoft.TestPlatform.CrossPlatEngine</ModuleName>
      <Classes />
    </Module>
    <Module skippedDueTo="Filter" hash="79-9D-6E-94-05-F7-BA-DF-A0-8E-79-EA-7E-53-56-15-12-96-7C-15">
      <ModulePath>C:\Users\Tim\.nuget\packages\microsoft.testplatform.testhost\15.0.0-preview-20170210-02\lib\netstandard1.5\Microsoft.VisualStudio.TestPlatform.Common.dll</ModulePath>
      <ModuleTime>2017-02-10T02:41:58Z</ModuleTime>
      <ModuleName>Microsoft.VisualStudio.TestPlatform.Common</ModuleName>
      <Classes />
    </Module>
    <Module skippedDueTo="Filter" hash="53-D0-A3-B9-10-36-09-21-32-F4-D0-88-75-00-B5-DC-77-89-1D-78">
      <ModulePath>C:\Users\Tim\.nuget\packages\newtonsoft.json\9.0.1\lib\netstandard1.0\Newtonsoft.Json.dll</ModulePath>
      <ModuleTime>2016-06-13T22:06:14Z</ModuleTime>
      <ModuleName>Newtonsoft.Json</ModuleName>
      <Classes />
    </Module>
    <Module skippedDueTo="Filter" hash="47-BA-1A-A0-ED-BE-DB-BE-DF-14-2A-38-38-9E-3B-53-66-53-F1-5B">
      <ModulePath>C:\Users\Tim\.nuget\packages\system.runtime.serialization.primitives\4.1.1\lib\netstandard1.3\System.Runtime.Serialization.Primitives.dll</ModulePath>
      <ModuleTime>2016-06-11T22:14:32Z</ModuleTime>
      <ModuleName>System.Runtime.Serialization.Primitives</ModuleName>
      <Classes />
    </Module>
    <Module skippedDueTo="Filter" hash="2C-5B-2A-6A-84-1B-1F-4C-E8-7D-01-E8-82-8E-4C-D6-E6-1F-4C-C8">
      <ModulePath>c:\program files\dotnet\shared\Microsoft.NETCore.App\1.1.0\System.Globalization.dll</ModulePath>
      <ModuleTime>2016-11-08T22:09:00Z</ModuleTime>
      <ModuleName>System.Globalization</ModuleName>
      <Classes />
    </Module>
    <Module skippedDueTo="Filter" hash="E9-B5-2A-6A-91-3D-AF-96-DB-8F-16-86-F3-69-AF-75-B1-A8-8B-C4">
      <ModulePath>c:\program files\dotnet\shared\Microsoft.NETCore.App\1.1.0\System.Threading.dll</ModulePath>
      <ModuleTime>2016-11-08T22:08:28Z</ModuleTime>
      <ModuleName>System.Threading</ModuleName>
      <Classes />
    </Module>
    <Module skippedDueTo="Filter" hash="5E-87-81-F5-15-7C-EB-6F-DC-0F-02-24-30-57-05-B6-E1-13-12-1B">
      <ModulePath>C:\Users\Tim\.nuget\packages\system.diagnostics.tracesource\4.0.0\runtimes\win\lib\netstandard1.3\System.Diagnostics.TraceSource.dll</ModulePath>
      <ModuleTime>2016-06-11T22:13:38Z</ModuleTime>
      <ModuleName>System.Diagnostics.TraceSource</ModuleName>
      <Classes />
    </Module>
    <Module skippedDueTo="Filter" hash="A0-B7-A6-47-D8-23-AA-21-BD-3F-39-BA-48-2E-72-DB-A7-F3-3E-6C">
      <ModulePath>c:\program files\dotnet\shared\Microsoft.NETCore.App\1.1.0\System.Runtime.Handles.dll</ModulePath>
      <ModuleTime>2016-11-08T22:08:34Z</ModuleTime>
      <ModuleName>System.Runtime.Handles</ModuleName>
      <Classes />
    </Module>
    <Module skippedDueTo="Filter" hash="9C-A7-0D-C9-7B-1A-06-A4-6A-EC-EB-5B-A6-EF-D8-5D-C9-10-E5-66">
      <ModulePath>c:\program files\dotnet\shared\Microsoft.NETCore.App\1.1.0\System.Runtime.InteropServices.dll</ModulePath>
      <ModuleTime>2016-11-08T22:08:50Z</ModuleTime>
      <ModuleName>System.Runtime.InteropServices</ModuleName>
      <Classes />
    </Module>
    <Module skippedDueTo="Filter" hash="BE-E6-0B-6F-86-9A-78-B8-33-02-8A-75-A0-20-B9-BB-C6-EF-09-2D">
      <ModulePath>c:\program files\dotnet\shared\Microsoft.NETCore.App\1.1.0\System.Threading.ThreadPool.dll</ModulePath>
      <ModuleTime>2016-11-08T22:08:42Z</ModuleTime>
      <ModuleName>System.Threading.ThreadPool</ModuleName>
      <Classes />
    </Module>
    <Module skippedDueTo="Filter" hash="B2-2B-E4-C3-23-C6-51-9A-19-F1-B3-57-BB-3A-80-03-AE-0E-1D-1E">
      <ModulePath>c:\program files\dotnet\shared\Microsoft.NETCore.App\1.1.0\System.Net.Sockets.dll</ModulePath>
      <ModuleTime>2016-11-08T22:09:00Z</ModuleTime>
      <ModuleName>System.Net.Sockets</ModuleName>
      <Classes />
    </Module>
    <Module skippedDueTo="Filter" hash="31-55-13-D3-EE-A2-5E-A3-0E-58-03-EA-6B-4A-E5-78-08-D1-2D-CC">
      <ModulePath>c:\program files\dotnet\shared\Microsoft.NETCore.App\1.1.0\System.Net.Primitives.dll</ModulePath>
      <ModuleTime>2016-11-08T22:08:32Z</ModuleTime>
      <ModuleName>System.Net.Primitives</ModuleName>
      <Classes />
    </Module>
    <Module skippedDueTo="Filter" hash="CE-9B-C0-A8-02-09-2A-85-7B-10-F1-86-D0-15-CE-BD-6A-45-09-08">
      <ModulePath>c:\program files\dotnet\shared\Microsoft.NETCore.App\1.1.0\System.IO.dll</ModulePath>
      <ModuleTime>2016-11-08T22:08:28Z</ModuleTime>
      <ModuleName>System.IO</ModuleName>
      <Classes />
    </Module>
    <Module skippedDueTo="Filter" hash="7F-7A-36-7F-6E-05-B4-58-95-A9-15-01-DA-B9-32-FF-71-2E-94-90">
      <ModulePath>c:\program files\dotnet\shared\Microsoft.NETCore.App\1.1.0\System.Net.NameResolution.dll</ModulePath>
      <ModuleTime>2016-11-08T22:08:32Z</ModuleTime>
      <ModuleName>System.Net.NameResolution</ModuleName>
      <Classes />
    </Module>
    <Module skippedDueTo="Filter" hash="5B-7A-1F-64-F1-91-62-21-9E-A3-44-8B-20-CC-18-73-86-3D-1F-E2">
      <ModulePath>c:\program files\dotnet\shared\Microsoft.NETCore.App\1.1.0\Microsoft.Win32.Primitives.dll</ModulePath>
      <ModuleTime>2016-11-08T22:08:48Z</ModuleTime>
      <ModuleName>Microsoft.Win32.Primitives</ModuleName>
      <Classes />
    </Module>
    <Module skippedDueTo="Filter" hash="3B-7F-17-9B-B3-7D-52-83-C5-2B-D1-D3-05-51-BC-26-2B-09-AE-8B">
      <ModulePath>c:\program files\dotnet\shared\Microsoft.NETCore.App\1.1.0\System.Threading.Overlapped.dll</ModulePath>
      <ModuleTime>2016-11-08T22:08:44Z</ModuleTime>
      <ModuleName>System.Threading.Overlapped</ModuleName>
      <Classes />
    </Module>
    <Module skippedDueTo="Filter" hash="D1-3C-87-81-E6-C4-91-B8-F8-4A-09-4A-99-35-88-D3-89-44-E2-C1">
      <ModulePath>c:\program files\dotnet\shared\Microsoft.NETCore.App\1.1.0\System.Dynamic.Runtime.dll</ModulePath>
      <ModuleTime>2016-11-08T22:08:26Z</ModuleTime>
      <ModuleName>System.Dynamic.Runtime</ModuleName>
      <Classes />
    </Module>
    <Module skippedDueTo="Filter" hash="79-69-F3-56-F4-8B-D4-9C-28-DF-4C-38-ED-18-92-7E-9B-4C-6A-73">
      <ModulePath>c:\program files\dotnet\shared\Microsoft.NETCore.App\1.1.0\System.Linq.Expressions.dll</ModulePath>
      <ModuleTime>2016-11-08T22:08:42Z</ModuleTime>
      <ModuleName>System.Linq.Expressions</ModuleName>
      <Classes />
    </Module>
    <Module skippedDueTo="Filter" hash="DA-3A-8A-25-1D-93-52-06-76-1C-A4-E0-AC-6F-8E-AE-95-AC-AF-18">
      <ModulePath>c:\program files\dotnet\shared\Microsoft.NETCore.App\1.0.3\System.Xml.XDocument.dll</ModulePath>
      <ModuleTime>2016-11-10T00:38:10Z</ModuleTime>
      <ModuleName>System.Xml.XDocument</ModuleName>
      <Classes />
    </Module>
    <Module skippedDueTo="Filter" hash="B9-DC-F8-33-54-8C-E3-BF-28-C9-47-04-47-28-49-D0-59-77-FB-83">
      <ModulePath>c:\program files\dotnet\shared\Microsoft.NETCore.App\1.0.3\System.Reflection.TypeExtensions.dll</ModulePath>
      <ModuleTime>2016-11-10T00:37:44Z</ModuleTime>
      <ModuleName>System.Reflection.TypeExtensions</ModuleName>
      <Classes />
    </Module>
    <Module skippedDueTo="Filter" hash="17-DE-6B-09-02-8A-C3-81-D7-2E-93-C7-4A-38-33-D6-15-F7-EB-54">
      <ModulePath>c:\program files\dotnet\shared\Microsoft.NETCore.App\1.0.3\System.Reflection.Emit.ILGeneration.dll</ModulePath>
      <ModuleTime>2016-11-10T00:37:44Z</ModuleTime>
      <ModuleName>System.Reflection.Emit.ILGeneration</ModuleName>
      <Classes />
    </Module>
    <Module skippedDueTo="Filter" hash="4C-87-B2-00-AC-E1-A0-6E-5D-2C-4B-CF-E7-AC-17-75-5A-8D-AA-62">
      <ModulePath>c:\program files\dotnet\shared\Microsoft.NETCore.App\1.0.3\System.Reflection.Primitives.dll</ModulePath>
      <ModuleTime>2016-11-10T00:37:44Z</ModuleTime>
      <ModuleName>System.Reflection.Primitives</ModuleName>
      <Classes />
    </Module>
    <Module skippedDueTo="Filter" hash="F4-5F-2F-9A-FD-57-AA-28-D9-C0-BB-0E-C2-23-F1-FC-20-95-C2-FC">
      <ModulePath>c:\program files\dotnet\shared\Microsoft.NETCore.App\1.0.3\System.Reflection.Emit.Lightweight.dll</ModulePath>
      <ModuleTime>2016-11-10T00:37:50Z</ModuleTime>
      <ModuleName>System.Reflection.Emit.Lightweight</ModuleName>
      <Classes />
    </Module>
    <Module skippedDueTo="Filter" hash="">
      <ModulePath>RefEmit_InMemoryManifestModule</ModulePath>
      <ModuleTime>0001-01-01T00:00:00</ModuleTime>
      <ModuleName>Anonymously Hosted DynamicMethods Assembly</ModuleName>
      <Classes />
    </Module>
    <Module skippedDueTo="Filter" hash="65-6C-47-42-E6-40-10-56-15-99-1F-9D-20-AF-9F-88-A9-00-D2-6D">
      <ModulePath>c:\program files\dotnet\shared\Microsoft.NETCore.App\1.1.0\System.Private.Uri.dll</ModulePath>
      <ModuleTime>2016-11-08T22:08:36Z</ModuleTime>
      <ModuleName>System.Private.Uri</ModuleName>
      <Classes />
    </Module>
    <Module skippedDueTo="Filter" hash="32-EA-E9-B0-86-D5-50-21-8F-6D-50-E1-E4-83-BB-B9-5C-BD-11-27">
      <ModulePath>c:\program files\dotnet\shared\Microsoft.NETCore.App\1.1.0\System.Reflection.dll</ModulePath>
      <ModuleTime>2016-11-08T22:08:38Z</ModuleTime>
      <ModuleName>System.Reflection</ModuleName>
      <Classes />
    </Module>
    <Module skippedDueTo="Filter" hash="73-73-12-1A-DA-3C-71-0D-6A-DA-BA-63-32-03-79-94-AC-5E-4B-13">
      <ModulePath>c:\program files\dotnet\shared\Microsoft.NETCore.App\1.1.0\System.Reflection.Extensions.dll</ModulePath>
      <ModuleTime>2016-11-08T22:08:36Z</ModuleTime>
      <ModuleName>System.Reflection.Extensions</ModuleName>
      <Classes />
    </Module>
    <Module skippedDueTo="Filter" hash="C3-A3-20-7E-3F-2B-7B-82-5F-1D-04-58-B8-A2-DC-6A-B3-EF-29-98">
      <ModulePath>c:\program files\dotnet\shared\Microsoft.NETCore.App\1.1.0\System.Linq.dll</ModulePath>
      <ModuleTime>2016-11-08T22:08:30Z</ModuleTime>
      <ModuleName>System.Linq</ModuleName>
      <Classes />
    </Module>
    <Module skippedDueTo="Filter" hash="3D-F3-9A-F0-42-BD-3D-64-B9-D6-6E-87-21-BE-92-80-43-74-92-C7">
      <ModulePath>c:\program files\dotnet\shared\Microsoft.NETCore.App\1.1.0\System.ObjectModel.dll</ModulePath>
      <ModuleTime>2016-11-08T22:08:32Z</ModuleTime>
      <ModuleName>System.ObjectModel</ModuleName>
      <Classes />
    </Module>
    <Module skippedDueTo="Filter" hash="9C-BF-18-FD-F9-CD-72-9B-38-59-BD-01-7A-34-71-11-41-7F-2D-1B">
      <ModulePath>c:\program files\dotnet\shared\Microsoft.NETCore.App\1.1.0\System.Xml.XDocument.dll</ModulePath>
      <ModuleTime>2016-11-08T22:08:36Z</ModuleTime>
      <ModuleName>System.Xml.XDocument</ModuleName>
      <Classes />
    </Module>
    <Module skippedDueTo="Filter" hash="B8-D4-0D-64-AF-00-BD-6C-46-22-6C-63-FB-6B-9D-54-E9-6B-DC-57">
      <ModulePath>c:\program files\dotnet\shared\Microsoft.NETCore.App\1.1.0\System.Xml.ReaderWriter.dll</ModulePath>
      <ModuleTime>2016-11-08T22:08:42Z</ModuleTime>
      <ModuleName>System.Xml.ReaderWriter</ModuleName>
      <Classes />
    </Module>
    <Module skippedDueTo="Filter" hash="E3-5F-98-1C-DA-35-C6-BA-F6-7F-C5-38-82-8F-DE-5A-FE-0F-A0-35">
      <ModulePath>c:\program files\dotnet\shared\Microsoft.NETCore.App\1.1.0\System.Text.RegularExpressions.dll</ModulePath>
      <ModuleTime>2016-11-08T22:08:26Z</ModuleTime>
      <ModuleName>System.Text.RegularExpressions</ModuleName>
      <Classes />
    </Module>
    <Module skippedDueTo="Filter" hash="16-7B-6D-E1-BE-1D-4A-B4-A4-AC-3F-12-3D-46-E9-02-07-78-0C-3A">
      <ModulePath>c:\program files\dotnet\shared\Microsoft.NETCore.App\1.1.0\System.Reflection.TypeExtensions.dll</ModulePath>
      <ModuleTime>2016-11-08T22:08:40Z</ModuleTime>
      <ModuleName>System.Reflection.TypeExtensions</ModuleName>
      <Classes />
    </Module>
    <Module skippedDueTo="Filter" hash="45-CB-FB-3E-9C-86-50-09-1D-B4-C6-25-60-6A-2D-CE-97-5E-94-2B">
      <ModulePath>c:\program files\dotnet\shared\Microsoft.NETCore.App\1.1.0\System.Reflection.Emit.ILGeneration.dll</ModulePath>
      <ModuleTime>2016-11-08T22:08:38Z</ModuleTime>
      <ModuleName>System.Reflection.Emit.ILGeneration</ModuleName>
      <Classes />
    </Module>
    <Module skippedDueTo="Filter" hash="22-BE-B9-72-7F-AD-73-EC-69-ED-0D-7A-56-95-89-7A-C4-35-A9-BC">
      <ModulePath>c:\program files\dotnet\shared\Microsoft.NETCore.App\1.1.0\System.Reflection.Primitives.dll</ModulePath>
      <ModuleTime>2016-11-08T22:08:36Z</ModuleTime>
      <ModuleName>System.Reflection.Primitives</ModuleName>
      <Classes />
    </Module>
    <Module skippedDueTo="Filter" hash="BA-47-DD-F2-10-B0-00-0E-C3-0F-66-A5-D5-F6-5B-FD-96-1C-E1-33">
      <ModulePath>c:\program files\dotnet\shared\Microsoft.NETCore.App\1.1.0\System.Reflection.Emit.Lightweight.dll</ModulePath>
      <ModuleTime>2016-11-08T22:08:50Z</ModuleTime>
      <ModuleName>System.Reflection.Emit.Lightweight</ModuleName>
      <Classes />
    </Module>
    <Module skippedDueTo="Filter" hash="">
      <ModulePath>RefEmit_InMemoryManifestModule</ModulePath>
      <ModuleTime>0001-01-01T00:00:00</ModuleTime>
      <ModuleName>Anonymously Hosted DynamicMethods Assembly</ModuleName>
      <Classes />
    </Module>
    <Module skippedDueTo="Filter" hash="88-31-EF-06-F9-64-5B-07-F2-E8-E6-93-76-B7-A3-F0-20-E0-9F-25">
      <ModulePath>c:\program files\dotnet\shared\Microsoft.NETCore.App\1.1.0\System.IO.FileSystem.Primitives.dll</ModulePath>
      <ModuleTime>2016-11-08T22:08:26Z</ModuleTime>
      <ModuleName>System.IO.FileSystem.Primitives</ModuleName>
      <Classes />
    </Module>
    <Module skippedDueTo="Filter" hash="73-AD-C2-0B-16-1C-79-BB-ED-EE-CD-23-43-2D-D9-A7-9E-D6-B8-2D">
      <ModulePath>c:\program files\dotnet\shared\Microsoft.NETCore.App\1.1.0\System.IO.FileSystem.dll</ModulePath>
      <ModuleTime>2016-11-08T22:08:38Z</ModuleTime>
      <ModuleName>System.IO.FileSystem</ModuleName>
      <Classes />
    </Module>
    <Module skippedDueTo="Filter" hash="B8-AA-6F-8C-81-35-EC-FF-1E-2F-18-3C-66-37-55-F0-CB-54-3A-2B">
      <ModulePath>c:\program files\dotnet\shared\Microsoft.NETCore.App\1.1.0\System.Runtime.Loader.dll</ModulePath>
      <ModuleTime>2016-11-08T22:08:40Z</ModuleTime>
      <ModuleName>System.Runtime.Loader</ModuleName>
      <Classes />
    </Module>
    <Module skippedDueTo="Filter" hash="1F-FB-F2-45-52-D3-8A-E7-A3-7E-02-45-5E-72-C9-F7-34-E3-4D-94">
      <ModulePath>C:\code\qwack\test\qwack.math.tests\bin\Debug\netcoreapp1.1\xunit.runner.visualstudio.dotnetcore.testadapter.dll</ModulePath>
      <ModuleTime>2017-02-13T11:29:54Z</ModuleTime>
      <ModuleName>xunit.runner.visualstudio.dotnetcore.testadapter</ModuleName>
      <Classes />
    </Module>
    <Module skippedDueTo="Filter" hash="F6-65-6D-6C-8E-2E-D6-BF-5E-37-4A-72-3D-12-61-37-F9-1B-66-0D">
      <ModulePath>C:\code\qwack\test\qwack.math.tests\bin\Debug\netcoreapp1.1\xunit.runner.utility.netstandard15.dll</ModulePath>
      <ModuleTime>2017-02-13T11:29:54Z</ModuleTime>
      <ModuleName>xunit.runner.utility.netstandard15</ModuleName>
      <Classes />
    </Module>
    <Module skippedDueTo="Filter" hash="0D-93-02-F5-BA-A6-97-B2-1E-7D-A1-81-8A-4F-5F-B9-97-BB-A9-BC">
      <ModulePath>C:\Users\Tim\.nuget\packages\xunit.abstractions\2.0.1\lib\netstandard1.0\xunit.abstractions.dll</ModulePath>
      <ModuleTime>2016-08-09T07:37:58Z</ModuleTime>
      <ModuleName>xunit.abstractions</ModuleName>
      <Classes />
    </Module>
    <Module skippedDueTo="Filter" hash="ED-DC-2B-88-86-7D-55-C4-AD-3E-51-AA-68-64-18-59-DC-EB-F2-12">
      <ModulePath>c:\program files\dotnet\shared\Microsoft.NETCore.App\1.1.0\System.Threading.Timer.dll</ModulePath>
      <ModuleTime>2016-11-08T22:08:38Z</ModuleTime>
      <ModuleName>System.Threading.Timer</ModuleName>
      <Classes />
    </Module>
    <Module skippedDueTo="Filter" hash="5E-1E-C6-23-22-BF-B6-6B-53-2F-36-4C-4C-32-89-CA-ED-56-2A-DE">
      <ModulePath>c:\program files\dotnet\shared\Microsoft.NETCore.App\1.1.0\System.Text.Encoding.dll</ModulePath>
      <ModuleTime>2016-11-08T22:08:30Z</ModuleTime>
      <ModuleName>System.Text.Encoding</ModuleName>
      <Classes />
    </Module>
    <Module skippedDueTo="Filter" hash="07-BE-20-55-DD-1D-59-3A-73-71-A3-3C-CE-63-07-D0-8C-5A-26-BB">
      <ModulePath>c:\program files\dotnet\shared\Microsoft.NETCore.App\1.1.0\System.Xml.XmlDocument.dll</ModulePath>
      <ModuleTime>2016-11-08T22:08:32Z</ModuleTime>
      <ModuleName>System.Xml.XmlDocument</ModuleName>
      <Classes />
    </Module>
    <Module skippedDueTo="Filter" hash="6A-04-84-DA-6E-1A-C8-BA-0C-65-9B-25-41-13-BF-90-58-08-9D-4C">
      <ModulePath>c:\program files\dotnet\shared\Microsoft.NETCore.App\1.1.0\System.Resources.ResourceManager.dll</ModulePath>
      <ModuleTime>2016-11-08T22:09:00Z</ModuleTime>
      <ModuleName>System.Resources.ResourceManager</ModuleName>
      <Classes />
    </Module>
    <Module skippedDueTo="Filter" hash="33-BA-7C-45-5A-11-BA-6F-E0-BB-94-E5-37-EA-DE-50-27-E0-52-03">
      <ModulePath>c:\program files\dotnet\shared\Microsoft.NETCore.App\1.1.0\System.Runtime.InteropServices.RuntimeInformation.dll</ModulePath>
      <ModuleTime>2016-11-08T22:08:28Z</ModuleTime>
      <ModuleName>System.Runtime.InteropServices.RuntimeInformation</ModuleName>
      <Classes />
    </Module>
    <Module skippedDueTo="Filter" hash="10-51-97-2D-2B-7D-CB-66-93-6C-4F-3D-BF-18-62-BA-4D-54-90-2D">
      <ModulePath>C:\Users\Tim\.nuget\packages\microsoft.extensions.dependencymodel\1.1.0\lib\netstandard1.6\Microsoft.Extensions.DependencyModel.dll</ModulePath>
      <ModuleTime>2016-11-08T22:14:04Z</ModuleTime>
      <ModuleName>Microsoft.Extensions.DependencyModel</ModuleName>
      <Classes />
    </Module>
    <Module skippedDueTo="Filter" hash="64-4E-36-E8-9E-2C-F7-DB-F8-3C-16-DC-A2-BC-3D-22-A2-4B-36-54">
      <ModulePath>C:\Users\Tim\.nuget\packages\microsoft.dotnet.platformabstractions\1.1.0\lib\netstandard1.3\Microsoft.DotNet.PlatformAbstractions.dll</ModulePath>
      <ModuleTime>2016-11-08T22:14:04Z</ModuleTime>
      <ModuleName>Microsoft.DotNet.PlatformAbstractions</ModuleName>
      <Classes />
    </Module>
    <Module skippedDueTo="Filter" hash="43-BB-24-58-84-E8-38-62-FC-E6-B5-B2-51-43-65-71-D8-E9-CB-9E">
      <ModulePath>c:\program files\dotnet\shared\Microsoft.NETCore.App\1.1.0\System.Console.dll</ModulePath>
      <ModuleTime>2016-11-08T22:08:34Z</ModuleTime>
      <ModuleName>System.Console</ModuleName>
      <Classes />
    </Module>
    <Module skippedDueTo="Filter" hash="37-4B-DC-EA-25-39-99-18-E1-8E-BA-DA-FA-91-2D-EE-EF-8D-5E-95">
      <ModulePath>c:\program files\dotnet\shared\Microsoft.NETCore.App\1.1.0\System.AppContext.dll</ModulePath>
      <ModuleTime>2016-11-08T22:08:42Z</ModuleTime>
      <ModuleName>System.AppContext</ModuleName>
      <Classes />
    </Module>
    <Module skippedDueTo="Filter" hash="A2-EA-F4-01-3E-D2-3D-E2-49-70-D5-27-CD-28-AA-98-6D-3C-78-71">
      <ModulePath>C:\code\qwack\test\qwack.math.tests\bin\Debug\netcoreapp1.1\Qwack.Math.Tests.dll</ModulePath>
      <ModuleTime>2017-02-14T06:10:41.3197768Z</ModuleTime>
      <ModuleName>Qwack.Math.Tests</ModuleName>
      <Classes />
    </Module>
    <Module skippedDueTo="Filter" hash="7F-E5-8C-E9-2B-3D-61-A8-7E-5E-33-7B-6E-AD-91-BC-31-8B-9A-D0">
      <ModulePath>C:\Users\Tim\.nuget\packages\microsoft.codecoverage\1.0.2\lib\netstandard1.0\Microsoft.VisualStudio.CodeCoverage.Shim.dll</ModulePath>
      <ModuleTime>2016-09-26T15:43:06Z</ModuleTime>
      <ModuleName>Microsoft.VisualStudio.CodeCoverage.Shim</ModuleName>
      <Classes />
    </Module>
    <Module skippedDueTo="Filter" hash="1F-92-51-A7-AD-5A-CC-F0-53-05-52-A7-97-09-62-ED-91-F5-83-D6">
      <ModulePath>C:\Users\Tim\.nuget\packages\microsoft.extensions.platformabstractions\1.1.0\lib\netstandard1.3\Microsoft.Extensions.PlatformAbstractions.dll</ModulePath>
      <ModuleTime>2016-11-14T20:41:30Z</ModuleTime>
      <ModuleName>Microsoft.Extensions.PlatformAbstractions</ModuleName>
      <Classes />
    </Module>
    <Module skippedDueTo="Filter" hash="E4-E4-DC-5C-97-8F-CA-3F-00-92-65-00-69-A3-6B-E6-F0-D5-C2-38">
      <ModulePath>C:\Users\Tim\.nuget\packages\system.diagnostics.textwritertracelistener\4.0.0\lib\netstandard1.3\System.Diagnostics.TextWriterTraceListener.dll</ModulePath>
      <ModuleTime>2016-06-11T22:13:32Z</ModuleTime>
      <ModuleName>System.Diagnostics.TextWriterTraceListener</ModuleName>
      <Classes />
    </Module>
    <Module skippedDueTo="Filter" hash="9C-D7-58-8A-0E-E3-B3-23-71-81-8E-F7-7B-91-37-3F-02-D2-07-DF">
      <ModulePath>C:\Users\Tim\.nuget\packages\system.componentmodel.typeconverter\4.1.0\lib\netstandard1.5\System.ComponentModel.TypeConverter.dll</ModulePath>
      <ModuleTime>2016-06-11T22:13:28Z</ModuleTime>
      <ModuleName>System.ComponentModel.TypeConverter</ModuleName>
      <Classes />
    </Module>
    <Module skippedDueTo="Filter" hash="D8-04-11-DB-14-27-6A-E0-93-52-78-D3-31-1B-4C-83-C5-24-3D-77">
      <ModulePath>C:\Users\Tim\.nuget\packages\system.collections.nongeneric\4.0.1\lib\netstandard1.3\System.Collections.NonGeneric.dll</ModulePath>
      <ModuleTime>2016-06-11T22:13:22Z</ModuleTime>
      <ModuleName>System.Collections.NonGeneric</ModuleName>
      <Classes />
    </Module>
    <Module skippedDueTo="Filter" hash="5E-23-40-CB-36-C9-46-FD-E1-FF-65-8E-4C-72-6F-99-A4-E0-AE-B3">
      <ModulePath>C:\Users\Tim\.nuget\packages\system.collections.specialized\4.0.1\lib\netstandard1.3\System.Collections.Specialized.dll</ModulePath>
      <ModuleTime>2016-06-11T22:13:22Z</ModuleTime>
      <ModuleName>System.Collections.Specialized</ModuleName>
      <Classes />
    </Module>
    <Module skippedDueTo="Filter" hash="00-B6-A2-61-4E-1A-CA-CB-C1-3D-6D-5F-28-D4-AE-58-FE-2F-C3-D7">
      <ModulePath>C:\Users\Tim\.nuget\packages\system.componentmodel.eventbasedasync\4.0.11\lib\netstandard1.3\System.ComponentModel.EventBasedAsync.dll</ModulePath>
      <ModuleTime>2016-06-11T22:13:20Z</ModuleTime>
      <ModuleName>System.ComponentModel.EventBasedAsync</ModuleName>
      <Classes />
    </Module>
    <Module skippedDueTo="Filter" hash="EF-BC-40-50-39-C6-2D-47-30-7D-63-03-71-5D-25-57-7D-55-DF-16">
      <ModulePath>C:\Users\Tim\.nuget\packages\system.componentmodel.primitives\4.1.0\lib\netstandard1.0\System.ComponentModel.Primitives.dll</ModulePath>
      <ModuleTime>2016-06-11T22:13:22Z</ModuleTime>
      <ModuleName>System.ComponentModel.Primitives</ModuleName>
      <Classes />
    </Module>
    <Module skippedDueTo="Filter" hash="44-F9-82-B3-60-62-BC-FB-69-28-B1-D1-F2-3A-6E-AE-3C-77-63-4D">
      <ModulePath>c:\program files\dotnet\shared\Microsoft.NETCore.App\1.1.0\System.ComponentModel.dll</ModulePath>
      <ModuleTime>2016-11-08T22:08:40Z</ModuleTime>
      <ModuleName>System.ComponentModel</ModuleName>
      <Classes />
    </Module>
    <Module skippedDueTo="Filter" hash="C7-D3-CE-64-98-8F-AA-2C-F9-59-17-8D-60-4E-BC-3E-0F-F1-18-6D">
      <ModulePath>C:\Users\Tim\.nuget\packages\system.private.datacontractserialization\4.1.1\lib\netstandard1.3\System.Private.DataContractSerialization.dll</ModulePath>
      <ModuleTime>2016-06-11T22:14:10Z</ModuleTime>
      <ModuleName>System.Private.DataContractSerialization</ModuleName>
      <Classes />
    </Module>
    <Module skippedDueTo="Filter" hash="A3-D5-A1-3F-3B-81-FB-59-16-C6-DA-F2-AF-65-FA-27-CC-46-99-EA">
      <ModulePath>C:\Users\Tim\.nuget\packages\system.runtime.serialization.json\4.0.2\lib\netstandard1.3\System.Runtime.Serialization.Json.dll</ModulePath>
      <ModuleTime>2016-06-11T22:14:30Z</ModuleTime>
      <ModuleName>System.Runtime.Serialization.Json</ModuleName>
      <Classes />
    </Module>
    <Module skippedDueTo="Filter" hash="A3-8F-A6-D8-90-C9-0C-5F-4C-9E-84-EC-96-45-EF-8A-79-E0-C5-1B">
      <ModulePath>C:\Users\Tim\.nuget\packages\system.xml.xmlserializer\4.0.11\lib\netstandard1.3\System.Xml.XmlSerializer.dll</ModulePath>
      <ModuleTime>2016-06-11T22:15:04Z</ModuleTime>
      <ModuleName>System.Xml.XmlSerializer</ModuleName>
      <Classes />
    </Module>
    <Module skippedDueTo="Filter" hash="53-54-24-5E-85-2F-DC-31-01-9F-64-96-C1-B7-CA-E0-56-B4-71-FF">
      <ModulePath>C:\Users\Tim\.nuget\packages\system.xml.xpath.xmldocument\4.0.1\lib\netstandard1.3\System.Xml.XPath.XmlDocument.dll</ModulePath>
      <ModuleTime>2016-06-11T22:15:02Z</ModuleTime>
      <ModuleName>System.Xml.XPath.XmlDocument</ModuleName>
      <Classes />
    </Module>
    <Module skippedDueTo="Filter" hash="30-91-29-E4-0F-8A-F4-15-12-B7-91-33-F2-D8-3D-30-37-30-64-9C">
      <ModulePath>c:\program files\dotnet\shared\Microsoft.NETCore.App\1.1.0\System.Xml.XPath.dll</ModulePath>
      <ModuleTime>2016-11-08T22:08:38Z</ModuleTime>
      <ModuleName>System.Xml.XPath</ModuleName>
      <Classes />
    </Module>
    <Module skippedDueTo="Filter" hash="1B-F9-32-9B-8D-4D-33-FF-2D-2F-57-8D-73-F7-18-E1-CC-22-DC-FD">
      <ModulePath>C:\Users\Tim\.nuget\packages\xunit.assert\2.2.0-rc2-build3523\lib\netstandard1.1\xunit.assert.dll</ModulePath>
      <ModuleTime>2017-02-13T11:06:34Z</ModuleTime>
      <ModuleName>xunit.assert</ModuleName>
      <Classes />
    </Module>
    <Module skippedDueTo="Filter" hash="2C-2B-57-08-79-A9-C2-55-10-F3-F6-7C-36-DC-12-BC-75-32-9C-D3">
      <ModulePath>C:\Users\Tim\.nuget\packages\xunit.extensibility.core\2.2.0-rc2-build3523\lib\netstandard1.1\xunit.core.dll</ModulePath>
      <ModuleTime>2017-02-13T11:06:36Z</ModuleTime>
      <ModuleName>xunit.core</ModuleName>
      <Classes />
    </Module>
    <Module skippedDueTo="Filter" hash="2D-76-AF-0C-7B-B5-4A-4F-54-40-F8-62-B2-7B-97-A9-9B-62-92-7A">
      <ModulePath>C:\Users\Tim\.nuget\packages\xunit.extensibility.execution\2.2.0-rc2-build3523\lib\netstandard1.1\xunit.execution.dotnet.dll</ModulePath>
      <ModuleTime>2017-02-13T11:06:36Z</ModuleTime>
      <ModuleName>xunit.execution.dotnet</ModuleName>
      <Classes />
    </Module>
    <Module skippedDueTo="MissingPdb" hash="7B-ED-24-15-A1-F2-F3-6D-CB-1E-0F-4A-39-21-86-FA-FE-B0-A2-84">
      <ModulePath>C:\code\qwack\test\qwack.math.tests\bin\Debug\netcoreapp1.1\Qwack.Core.dll</ModulePath>
      <ModuleTime>2017-02-14T04:36:17.6071537Z</ModuleTime>
      <ModuleName>Qwack.Core</ModuleName>
      <Classes />
    </Module>
    <Module skippedDueTo="MissingPdb" hash="76-B3-86-F9-24-15-99-A5-CC-C2-10-AA-6B-44-B0-3B-30-88-B9-79">
      <ModulePath>C:\code\qwack\test\qwack.math.tests\bin\Debug\netcoreapp1.1\Qwack.Dates.dll</ModulePath>
      <ModuleTime>2017-02-14T04:36:14.2580924Z</ModuleTime>
      <ModuleName>Qwack.Dates</ModuleName>
      <Classes />
    </Module>
    <Module skippedDueTo="MissingPdb" hash="71-B7-4C-8F-A0-EA-02-D3-8D-FF-5E-1B-20-C8-5F-3C-2B-27-41-B1">
      <ModulePath>C:\code\qwack\test\qwack.math.tests\bin\Debug\netcoreapp1.1\Qwack.Math.Interpolation.dll</ModulePath>
      <ModuleTime>2017-02-14T04:36:13.4245483Z</ModuleTime>
      <ModuleName>Qwack.Math.Interpolation</ModuleName>
      <Classes />
    </Module>
    <Module skippedDueTo="MissingPdb" hash="36-06-B4-52-7B-47-42-19-31-85-A3-8A-65-45-28-C2-59-45-2D-3D">
      <ModulePath>C:\code\qwack\test\qwack.math.tests\bin\Debug\netcoreapp1.1\Qwack.Math.dll</ModulePath>
      <ModuleTime>2017-02-14T04:36:15.9406862Z</ModuleTime>
      <ModuleName>Qwack.Math</ModuleName>
      <Classes />
    </Module>
    <Module skippedDueTo="MissingPdb" hash="D5-2C-39-FF-ED-1A-3F-EA-2D-25-44-9B-FF-5D-5E-3E-01-5E-03-BD">
      <ModulePath>C:\code\qwack\test\qwack.math.tests\bin\Debug\netcoreapp1.1\Qwack.Options.dll</ModulePath>
      <ModuleTime>2017-02-14T04:36:19.2260279Z</ModuleTime>
      <ModuleName>Qwack.Options</ModuleName>
      <Classes />
    </Module>
    <Module skippedDueTo="MissingPdb" hash="9F-96-0F-CC-A2-53-96-0A-17-D2-C9-86-73-1E-BF-4F-3B-7C-20-AD">
      <ModulePath>C:\code\qwack\test\qwack.math.tests\bin\Debug\netcoreapp1.1\Qwack.Paths.dll</ModulePath>
      <ModuleTime>2017-02-14T05:07:11.1174338Z</ModuleTime>
      <ModuleName>Qwack.Paths</ModuleName>
      <Classes />
    </Module>
    <Module skippedDueTo="MissingPdb" hash="CE-7B-6E-CA-DA-45-6D-D1-A5-63-D1-10-47-3A-2B-F3-F9-95-8C-6A">
      <ModulePath>C:\code\qwack\test\qwack.math.tests\bin\Debug\netcoreapp1.1\Qwack.Random.dll</ModulePath>
      <ModuleTime>2017-02-14T05:25:00.116811Z</ModuleTime>
      <ModuleName>Qwack.Random</ModuleName>
      <Classes />
    </Module>
    <Module skippedDueTo="MissingPdb" hash="F7-4F-4E-55-E9-99-5D-8A-5A-BD-34-DC-2D-A5-D4-47-6A-CE-1E-3E">
      <ModulePath>C:\code\qwack\test\qwack.math.tests\bin\Debug\netcoreapp1.1\Qwack.Utils.dll</ModulePath>
      <ModuleTime>2017-02-14T05:07:10.3606165Z</ModuleTime>
      <ModuleName>Qwack.Utils</ModuleName>
      <Classes />
    </Module>
    <Module skippedDueTo="Filter" hash="2A-82-50-09-63-B6-C8-6C-4B-54-4F-21-99-78-C6-9D-2A-96-E4-6F">
      <ModulePath>c:\program files\dotnet\shared\Microsoft.NETCore.App\1.1.0\Microsoft.CodeAnalysis.dll</ModulePath>
      <ModuleTime>2016-11-08T22:09:02Z</ModuleTime>
      <ModuleName>Microsoft.CodeAnalysis</ModuleName>
      <Classes />
    </Module>
    <Module skippedDueTo="Filter" hash="99-25-6E-C9-05-17-DB-FD-05-30-1E-FF-B7-BC-A1-72-75-C9-41-E4">
      <ModulePath>c:\program files\dotnet\shared\Microsoft.NETCore.App\1.1.0\System.Reflection.Metadata.dll</ModulePath>
      <ModuleTime>2016-11-08T22:08:38Z</ModuleTime>
      <ModuleName>System.Reflection.Metadata</ModuleName>
      <Classes />
    </Module>
    <Module skippedDueTo="Filter" hash="8D-A6-D5-4B-79-62-29-47-05-32-79-D5-B9-74-B9-B7-98-42-51-F4">
      <ModulePath>c:\program files\dotnet\shared\Microsoft.NETCore.App\1.1.0\System.Collections.Immutable.dll</ModulePath>
      <ModuleTime>2016-11-08T22:08:36Z</ModuleTime>
      <ModuleName>System.Collections.Immutable</ModuleName>
      <Classes />
    </Module>
    <Module skippedDueTo="Filter" hash="49-EE-55-86-87-4C-F8-E3-0C-4B-EB-4A-14-49-A2-BA-C5-27-A3-F9">
      <ModulePath>c:\program files\dotnet\shared\Microsoft.NETCore.App\1.1.0\System.Runtime.Numerics.dll</ModulePath>
      <ModuleTime>2016-11-08T22:08:24Z</ModuleTime>
      <ModuleName>System.Runtime.Numerics</ModuleName>
      <Classes />
    </Module>
    <Module skippedDueTo="Filter" hash="7A-AD-AA-F9-E1-1D-F3-67-1A-1F-A5-CD-E1-A5-FA-6D-E0-4B-1D-97">
      <ModulePath>c:\program files\dotnet\shared\Microsoft.NETCore.App\1.1.0\Microsoft.CodeAnalysis.CSharp.dll</ModulePath>
      <ModuleTime>2016-11-08T22:09:00Z</ModuleTime>
      <ModuleName>Microsoft.CodeAnalysis.CSharp</ModuleName>
      <Classes />
    </Module>
    <Module skippedDueTo="Filter" hash="A4-6E-55-83-2F-43-DE-A9-B5-EE-C3-02-DC-00-0B-5A-62-AA-C8-2F">
      <ModulePath>c:\program files\dotnet\shared\Microsoft.NETCore.App\1.1.0\System.Collections.Concurrent.dll</ModulePath>
      <ModuleTime>2016-11-08T22:08:50Z</ModuleTime>
      <ModuleName>System.Collections.Concurrent</ModuleName>
      <Classes />
    </Module>
    <Module skippedDueTo="Filter" hash="80-7B-BB-78-87-69-A6-34-5C-35-77-15-31-B9-4A-3F-AB-EF-3D-C9">
      <ModulePath>c:\program files\dotnet\shared\Microsoft.NETCore.App\1.1.0\Microsoft.CodeAnalysis.VisualBasic.dll</ModulePath>
      <ModuleTime>2016-11-08T22:08:44Z</ModuleTime>
      <ModuleName>Microsoft.CodeAnalysis.VisualBasic</ModuleName>
      <Classes />
    </Module>
    <Module skippedDueTo="Filter" hash="D7-71-29-81-36-B1-C9-89-4A-56-0B-14-30-F2-21-71-C5-6D-32-97">
      <ModulePath>c:\program files\dotnet\shared\Microsoft.NETCore.App\1.1.0\Microsoft.CSharp.dll</ModulePath>
      <ModuleTime>2016-11-08T22:08:38Z</ModuleTime>
      <ModuleName>Microsoft.CSharp</ModuleName>
      <Classes />
    </Module>
    <Module skippedDueTo="Filter" hash="19-73-A4-A1-B5-8B-0C-B4-BA-BE-5D-27-BE-3E-72-7F-97-EF-F7-7A">
      <ModulePath>c:\program files\dotnet\shared\Microsoft.NETCore.App\1.1.0\Microsoft.VisualBasic.dll</ModulePath>
      <ModuleTime>2016-11-08T22:08:46Z</ModuleTime>
      <ModuleName>Microsoft.VisualBasic</ModuleName>
      <Classes />
    </Module>
    <Module skippedDueTo="Filter" hash="B5-09-B8-09-7E-A7-E6-26-0F-E6-90-52-62-F6-05-98-A1-24-03-65">
      <ModulePath>c:\program files\dotnet\shared\Microsoft.NETCore.App\1.1.0\Microsoft.Win32.Registry.dll</ModulePath>
      <ModuleTime>2016-11-08T22:08:26Z</ModuleTime>
      <ModuleName>Microsoft.Win32.Registry</ModuleName>
      <Classes />
    </Module>
    <Module skippedDueTo="Filter" hash="B4-17-AF-3F-3B-94-D2-6F-E2-BF-1D-D0-21-CB-54-DF-12-F6-8F-2C">
      <ModulePath>c:\program files\dotnet\shared\Microsoft.NETCore.App\1.1.0\System.Diagnostics.Tools.dll</ModulePath>
      <ModuleTime>2016-11-08T22:08:44Z</ModuleTime>
      <ModuleName>System.Diagnostics.Tools</ModuleName>
      <Classes />
    </Module>
    <Module skippedDueTo="Filter" hash="4D-7E-67-3A-FA-69-E3-5E-39-53-73-AD-BE-0B-25-E7-AB-4F-A3-A0">
      <ModulePath>c:\program files\dotnet\shared\Microsoft.NETCore.App\1.1.0\System.Globalization.Calendars.dll</ModulePath>
      <ModuleTime>2016-11-08T22:08:32Z</ModuleTime>
      <ModuleName>System.Globalization.Calendars</ModuleName>
      <Classes />
    </Module>
    <Module skippedDueTo="Filter" hash="56-2E-6A-A4-AF-EA-86-EA-08-67-FF-56-D5-15-EC-4C-D4-B5-A1-1C">
      <ModulePath>c:\program files\dotnet\shared\Microsoft.NETCore.App\1.1.0\System.Text.Encoding.Extensions.dll</ModulePath>
      <ModuleTime>2016-11-08T22:08:30Z</ModuleTime>
      <ModuleName>System.Text.Encoding.Extensions</ModuleName>
      <Classes />
    </Module>
    <Module skippedDueTo="Filter" hash="64-F2-BB-45-BB-AC-6B-3F-06-C8-0E-03-0E-17-C0-71-52-58-D0-58">
      <ModulePath>c:\program files\dotnet\shared\Microsoft.NETCore.App\1.1.0\SOS.NETCore.dll</ModulePath>
      <ModuleTime>2016-11-08T22:07:06Z</ModuleTime>
      <ModuleName>SOS.NETCore</ModuleName>
      <Classes />
    </Module>
    <Module skippedDueTo="Filter" hash="4F-2E-0F-A3-7C-D3-48-F2-62-2B-E0-9C-54-85-C4-99-6A-C2-7D-2F">
      <ModulePath>c:\program files\dotnet\shared\Microsoft.NETCore.App\1.1.0\System.Buffers.dll</ModulePath>
      <ModuleTime>2016-11-08T22:08:44Z</ModuleTime>
      <ModuleName>System.Buffers</ModuleName>
      <Classes />
    </Module>
    <Module skippedDueTo="Filter" hash="4C-35-A3-9C-F5-16-9A-4A-8B-33-F8-32-27-B8-8F-43-DC-C5-77-2E">
      <ModulePath>c:\program files\dotnet\shared\Microsoft.NETCore.App\1.1.0\System.ComponentModel.Annotations.dll</ModulePath>
      <ModuleTime>2016-11-08T22:08:30Z</ModuleTime>
      <ModuleName>System.ComponentModel.Annotations</ModuleName>
      <Classes />
    </Module>
    <Module skippedDueTo="Filter" hash="33-DF-EF-50-45-AB-2D-75-59-4C-C8-38-5B-62-F7-4F-49-0A-A6-4B">
      <ModulePath>c:\program files\dotnet\shared\Microsoft.NETCore.App\1.1.0\System.Diagnostics.DiagnosticSource.dll</ModulePath>
      <ModuleTime>2016-11-08T22:08:40Z</ModuleTime>
      <ModuleName>System.Diagnostics.DiagnosticSource</ModuleName>
      <Classes />
    </Module>
    <Module skippedDueTo="Filter" hash="B3-EF-63-59-3C-86-20-DD-5A-B9-4C-3D-F8-E1-58-EE-D7-01-B0-53">
      <ModulePath>c:\program files\dotnet\shared\Microsoft.NETCore.App\1.1.0\System.Diagnostics.FileVersionInfo.dll</ModulePath>
      <ModuleTime>2016-11-08T22:08:38Z</ModuleTime>
      <ModuleName>System.Diagnostics.FileVersionInfo</ModuleName>
      <Classes />
    </Module>
    <Module skippedDueTo="Filter" hash="BF-0B-95-DF-C9-AB-50-ED-0A-08-0D-1A-5B-90-AD-DC-D6-BA-0E-3F">
      <ModulePath>c:\program files\dotnet\shared\Microsoft.NETCore.App\1.1.0\System.Diagnostics.StackTrace.dll</ModulePath>
      <ModuleTime>2016-11-08T22:08:50Z</ModuleTime>
      <ModuleName>System.Diagnostics.StackTrace</ModuleName>
      <Classes />
    </Module>
    <Module skippedDueTo="Filter" hash="BF-09-7E-83-BB-A6-29-B8-28-04-4C-98-9A-64-48-3D-9E-94-76-D3">
      <ModulePath>c:\program files\dotnet\shared\Microsoft.NETCore.App\1.1.0\System.Globalization.Extensions.dll</ModulePath>
      <ModuleTime>2016-11-08T22:08:36Z</ModuleTime>
      <ModuleName>System.Globalization.Extensions</ModuleName>
      <Classes />
    </Module>
    <Module skippedDueTo="Filter" hash="E5-7F-EE-B6-80-AE-4E-90-A7-E5-73-FD-46-6E-0A-1E-49-C5-FB-DA">
      <ModulePath>c:\program files\dotnet\shared\Microsoft.NETCore.App\1.1.0\System.IO.Compression.dll</ModulePath>
      <ModuleTime>2016-11-08T22:08:38Z</ModuleTime>
      <ModuleName>System.IO.Compression</ModuleName>
      <Classes />
    </Module>
    <Module skippedDueTo="Filter" hash="90-64-4E-88-BF-FC-6E-60-11-4C-14-EB-4E-1F-FB-8F-0B-E3-98-42">
      <ModulePath>c:\program files\dotnet\shared\Microsoft.NETCore.App\1.1.0\System.IO.Compression.ZipFile.dll</ModulePath>
      <ModuleTime>2016-11-08T22:08:34Z</ModuleTime>
      <ModuleName>System.IO.Compression.ZipFile</ModuleName>
      <Classes />
    </Module>
    <Module skippedDueTo="Filter" hash="3C-C0-FF-C6-24-C9-CF-08-C1-D5-19-BC-1E-3A-46-E2-9D-E5-25-E3">
      <ModulePath>c:\program files\dotnet\shared\Microsoft.NETCore.App\1.1.0\System.IO.FileSystem.Watcher.dll</ModulePath>
      <ModuleTime>2016-11-08T22:08:44Z</ModuleTime>
      <ModuleName>System.IO.FileSystem.Watcher</ModuleName>
      <Classes />
    </Module>
    <Module skippedDueTo="Filter" hash="01-6C-19-93-56-62-F3-51-BB-35-48-75-E9-2D-ED-FA-39-A5-CF-17">
      <ModulePath>c:\program files\dotnet\shared\Microsoft.NETCore.App\1.1.0\System.IO.MemoryMappedFiles.dll</ModulePath>
      <ModuleTime>2016-11-08T22:08:32Z</ModuleTime>
      <ModuleName>System.IO.MemoryMappedFiles</ModuleName>
      <Classes />
    </Module>
    <Module skippedDueTo="Filter" hash="46-C2-B6-BA-12-1C-3E-FD-08-1D-B2-0A-A0-5B-7F-A8-D1-80-F0-84">
      <ModulePath>c:\program files\dotnet\shared\Microsoft.NETCore.App\1.1.0\System.IO.UnmanagedMemoryStream.dll</ModulePath>
      <ModuleTime>2016-11-08T22:08:26Z</ModuleTime>
      <ModuleName>System.IO.UnmanagedMemoryStream</ModuleName>
      <Classes />
    </Module>
    <Module skippedDueTo="Filter" hash="F9-1B-02-2B-8D-5C-E8-62-90-42-C0-2E-A1-12-67-F8-C1-50-94-A3">
      <ModulePath>c:\program files\dotnet\shared\Microsoft.NETCore.App\1.1.0\System.Linq.Parallel.dll</ModulePath>
      <ModuleTime>2016-11-08T22:08:42Z</ModuleTime>
      <ModuleName>System.Linq.Parallel</ModuleName>
      <Classes />
    </Module>
    <Module skippedDueTo="Filter" hash="68-01-72-EA-C1-F0-B0-03-7C-5A-92-97-A6-4E-7D-87-58-CB-30-12">
      <ModulePath>c:\program files\dotnet\shared\Microsoft.NETCore.App\1.1.0\System.Linq.Queryable.dll</ModulePath>
      <ModuleTime>2016-11-08T22:08:38Z</ModuleTime>
      <ModuleName>System.Linq.Queryable</ModuleName>
      <Classes />
    </Module>
    <Module skippedDueTo="Filter" hash="58-0D-23-08-96-5C-86-D4-CA-9B-33-1A-1F-37-9E-46-ED-06-61-9B">
      <ModulePath>c:\program files\dotnet\shared\Microsoft.NETCore.App\1.1.0\System.Net.Http.dll</ModulePath>
      <ModuleTime>2016-11-08T22:08:34Z</ModuleTime>
      <ModuleName>System.Net.Http</ModuleName>
      <Classes />
    </Module>
    <Module skippedDueTo="Filter" hash="57-06-4E-0F-D8-50-2E-27-6B-BE-EA-51-46-D7-9D-50-B3-65-50-56">
      <ModulePath>c:\program files\dotnet\shared\Microsoft.NETCore.App\1.1.0\System.Net.Requests.dll</ModulePath>
      <ModuleTime>2016-11-08T22:08:32Z</ModuleTime>
      <ModuleName>System.Net.Requests</ModuleName>
      <Classes />
    </Module>
    <Module skippedDueTo="Filter" hash="8E-42-64-A4-1E-03-DA-0B-BB-57-0C-01-01-0B-E6-7A-B5-AE-61-3C">
      <ModulePath>c:\program files\dotnet\shared\Microsoft.NETCore.App\1.1.0\System.Net.Security.dll</ModulePath>
      <ModuleTime>2016-11-08T22:08:46Z</ModuleTime>
      <ModuleName>System.Net.Security</ModuleName>
      <Classes />
    </Module>
    <Module skippedDueTo="Filter" hash="02-33-3F-A4-B4-09-8C-53-4D-E6-9E-5D-43-38-9A-F4-E2-58-F5-09">
      <ModulePath>c:\program files\dotnet\shared\Microsoft.NETCore.App\1.1.0\System.Security.Principal.dll</ModulePath>
      <ModuleTime>2016-11-08T22:08:38Z</ModuleTime>
      <ModuleName>System.Security.Principal</ModuleName>
      <Classes />
    </Module>
    <Module skippedDueTo="Filter" hash="94-BE-E1-53-7C-0A-FB-8A-C6-69-5B-95-BB-ED-E3-44-4B-39-14-57">
      <ModulePath>c:\program files\dotnet\shared\Microsoft.NETCore.App\1.1.0\System.Security.Cryptography.X509Certificates.dll</ModulePath>
      <ModuleTime>2016-11-08T22:08:30Z</ModuleTime>
      <ModuleName>System.Security.Cryptography.X509Certificates</ModuleName>
      <Classes />
    </Module>
    <Module skippedDueTo="Filter" hash="F8-49-B3-DD-A3-D3-D8-BC-C3-CE-55-A5-AB-8B-7D-BB-07-84-6B-45">
      <ModulePath>c:\program files\dotnet\shared\Microsoft.NETCore.App\1.1.0\System.Net.WebHeaderCollection.dll</ModulePath>
      <ModuleTime>2016-11-08T22:08:44Z</ModuleTime>
      <ModuleName>System.Net.WebHeaderCollection</ModuleName>
      <Classes />
    </Module>
    <Module skippedDueTo="Filter" hash="71-17-60-C1-E7-4E-F4-EC-77-1D-13-E3-8E-03-C0-09-E9-E8-D3-3D">
      <ModulePath>c:\program files\dotnet\shared\Microsoft.NETCore.App\1.1.0\System.Numerics.Vectors.dll</ModulePath>
      <ModuleTime>2016-11-08T22:08:36Z</ModuleTime>
      <ModuleName>System.Numerics.Vectors</ModuleName>
      <Classes />
    </Module>
    <Module skippedDueTo="Filter" hash="FB-50-F5-AC-C6-3A-6C-65-5E-2D-11-D3-D8-5E-28-8A-13-D9-59-40">
      <ModulePath>c:\program files\dotnet\shared\Microsoft.NETCore.App\1.1.0\System.Reflection.DispatchProxy.dll</ModulePath>
      <ModuleTime>2016-11-08T22:08:38Z</ModuleTime>
      <ModuleName>System.Reflection.DispatchProxy</ModuleName>
      <Classes />
    </Module>
    <Module skippedDueTo="Filter" hash="CA-A4-32-D3-95-72-AF-AE-0E-92-06-8E-7C-96-1B-A5-EB-B5-D3-02">
      <ModulePath>c:\program files\dotnet\shared\Microsoft.NETCore.App\1.1.0\System.Reflection.Emit.dll</ModulePath>
      <ModuleTime>2016-11-08T22:08:40Z</ModuleTime>
      <ModuleName>System.Reflection.Emit</ModuleName>
      <Classes />
    </Module>
    <Module skippedDueTo="Filter" hash="7B-9F-D5-AD-59-03-8E-CD-52-EA-66-A8-D0-1B-E8-45-90-26-4B-0F">
      <ModulePath>c:\program files\dotnet\shared\Microsoft.NETCore.App\1.1.0\System.Resources.Reader.dll</ModulePath>
      <ModuleTime>2016-11-08T22:08:36Z</ModuleTime>
      <ModuleName>System.Resources.Reader</ModuleName>
      <Classes />
    </Module>
    <Module skippedDueTo="Filter" hash="53-1B-73-11-B8-DC-79-4B-25-A7-93-44-23-4D-6B-FC-FC-FE-13-4E">
      <ModulePath>c:\program files\dotnet\shared\Microsoft.NETCore.App\1.1.0\System.Security.Claims.dll</ModulePath>
      <ModuleTime>2016-11-08T22:08:30Z</ModuleTime>
      <ModuleName>System.Security.Claims</ModuleName>
      <Classes />
    </Module>
    <Module skippedDueTo="Filter" hash="FE-F8-4C-A1-83-38-C6-BE-01-3F-89-AC-C9-23-85-45-54-EB-2C-CC">
      <ModulePath>c:\program files\dotnet\shared\Microsoft.NETCore.App\1.1.0\System.Security.Cryptography.Algorithms.dll</ModulePath>
      <ModuleTime>2016-11-08T22:09:00Z</ModuleTime>
      <ModuleName>System.Security.Cryptography.Algorithms</ModuleName>
      <Classes />
    </Module>
    <Module skippedDueTo="Filter" hash="1E-D2-01-C4-41-BA-CF-C0-3C-B1-BE-B3-32-14-76-D6-46-6C-D4-EC">
      <ModulePath>c:\program files\dotnet\shared\Microsoft.NETCore.App\1.1.0\System.Security.Cryptography.Primitives.dll</ModulePath>
      <ModuleTime>2016-11-08T22:08:48Z</ModuleTime>
      <ModuleName>System.Security.Cryptography.Primitives</ModuleName>
      <Classes />
    </Module>
    <Module skippedDueTo="Filter" hash="2B-2E-AF-C1-AA-60-9F-AC-31-54-7A-CF-64-14-18-08-83-33-B6-7B">
      <ModulePath>c:\program files\dotnet\shared\Microsoft.NETCore.App\1.1.0\System.Security.Cryptography.Encoding.dll</ModulePath>
      <ModuleTime>2016-11-08T22:08:26Z</ModuleTime>
      <ModuleName>System.Security.Cryptography.Encoding</ModuleName>
      <Classes />
    </Module>
    <Module skippedDueTo="Filter" hash="36-07-F2-C6-54-22-82-3D-FD-51-AB-3F-AD-93-5F-A1-D2-D4-EA-ED">
      <ModulePath>c:\program files\dotnet\shared\Microsoft.NETCore.App\1.1.0\System.Security.Cryptography.Cng.dll</ModulePath>
      <ModuleTime>2016-11-08T22:08:36Z</ModuleTime>
      <ModuleName>System.Security.Cryptography.Cng</ModuleName>
      <Classes />
    </Module>
    <Module skippedDueTo="Filter" hash="82-D8-1D-C0-17-08-A8-62-48-2C-0B-92-24-41-95-E7-36-A4-14-F9">
      <ModulePath>c:\program files\dotnet\shared\Microsoft.NETCore.App\1.1.0\System.Security.Cryptography.Csp.dll</ModulePath>
      <ModuleTime>2016-11-08T22:08:30Z</ModuleTime>
      <ModuleName>System.Security.Cryptography.Csp</ModuleName>
      <Classes />
    </Module>
    <Module skippedDueTo="Filter" hash="54-AB-EF-61-E3-2C-3E-2F-0F-17-5F-92-0E-80-06-EC-D7-36-01-31">
      <ModulePath>c:\program files\dotnet\shared\Microsoft.NETCore.App\1.1.0\System.Security.Cryptography.OpenSsl.dll</ModulePath>
      <ModuleTime>2016-11-08T22:08:38Z</ModuleTime>
      <ModuleName>System.Security.Cryptography.OpenSsl</ModuleName>
      <Classes />
    </Module>
    <Module skippedDueTo="Filter" hash="5C-1D-14-94-CB-25-38-BD-24-65-4A-CB-3E-2C-F4-67-E5-46-62-B3">
      <ModulePath>c:\program files\dotnet\shared\Microsoft.NETCore.App\1.1.0\System.Security.Principal.Windows.dll</ModulePath>
      <ModuleTime>2016-11-08T22:09:02Z</ModuleTime>
      <ModuleName>System.Security.Principal.Windows</ModuleName>
      <Classes />
    </Module>
    <Module skippedDueTo="Filter" hash="C6-A4-21-FE-34-74-E7-4E-91-7A-4E-EB-7A-79-1C-D5-DD-0B-82-27">
      <ModulePath>c:\program files\dotnet\shared\Microsoft.NETCore.App\1.1.0\System.Text.Encoding.CodePages.dll</ModulePath>
      <ModuleTime>2016-11-08T22:08:26Z</ModuleTime>
      <ModuleName>System.Text.Encoding.CodePages</ModuleName>
      <Classes />
    </Module>
    <Module skippedDueTo="Filter" hash="DD-DD-46-F3-42-9D-27-10-56-F6-13-2E-49-FE-7C-30-3E-08-EF-07">
      <ModulePath>c:\program files\dotnet\shared\Microsoft.NETCore.App\1.1.0\System.Threading.Tasks.Dataflow.dll</ModulePath>
      <ModuleTime>2016-11-08T22:08:34Z</ModuleTime>
      <ModuleName>System.Threading.Tasks.Dataflow</ModuleName>
      <Classes />
    </Module>
    <Module skippedDueTo="Filter" hash="C2-F8-83-63-5D-9C-C6-0E-A2-E0-BA-5C-39-6F-7C-7F-C2-8E-41-D2">
      <ModulePath>c:\program files\dotnet\shared\Microsoft.NETCore.App\1.1.0\System.Threading.Tasks.Extensions.dll</ModulePath>
      <ModuleTime>2016-11-08T22:08:28Z</ModuleTime>
      <ModuleName>System.Threading.Tasks.Extensions</ModuleName>
      <Classes />
    </Module>
    <Module skippedDueTo="Filter" hash="33-B9-FD-12-83-42-81-78-DF-EF-6E-78-8B-8C-3C-43-C4-49-CC-C0">
      <ModulePath>c:\program files\dotnet\shared\Microsoft.NETCore.App\1.1.0\System.Threading.Tasks.Parallel.dll</ModulePath>
      <ModuleTime>2016-11-08T22:08:30Z</ModuleTime>
      <ModuleName>System.Threading.Tasks.Parallel</ModuleName>
      <Classes />
    </Module>
    <Module skippedDueTo="Filter" hash="8A-19-FD-F9-81-A4-64-32-DF-F2-2B-D4-39-EF-69-A5-0B-54-50-0C">
      <ModulePath>c:\program files\dotnet\shared\Microsoft.NETCore.App\1.1.0\System.Xml.XPath.XDocument.dll</ModulePath>
      <ModuleTime>2016-11-08T22:08:30Z</ModuleTime>
      <ModuleName>System.Xml.XPath.XDocument</ModuleName>
      <Classes />
    </Module>
    <Module skippedDueTo="Filter" hash="F3-48-E0-34-2D-AB-51-6A-3F-FE-7A-EB-FD-03-7D-C1-BD-E3-98-60">
      <ModulePath>C:\code\qwack\test\qwack.math.tests\bin\Debug\netcoreapp1.1\xunit.runner.reporters.netstandard11.dll</ModulePath>
      <ModuleTime>2017-02-13T11:29:54Z</ModuleTime>
      <ModuleName>xunit.runner.reporters.netstandard11</ModuleName>
      <Classes />
    </Module>
    <Module skippedDueTo="Filter" hash="57-B3-90-FA-7B-85-CA-89-76-D3-0C-9A-D2-91-03-92-53-9A-ED-FD">
      <ModulePath>c:\program files\dotnet\sdk\1.0.0-rc4-004771\System.ComponentModel.TypeConverter.dll</ModulePath>
      <ModuleTime>2017-02-06T23:43:32Z</ModuleTime>
      <ModuleName>System.ComponentModel.TypeConverter</ModuleName>
      <Classes />
    </Module>
    <Module skippedDueTo="Filter" hash="14-5B-BE-DC-E6-9E-B3-07-D0-4C-7B-E9-94-C5-2F-5B-BF-CB-CC-4D">
      <ModulePath>c:\program files\dotnet\sdk\1.0.0-rc4-004771\System.Collections.NonGeneric.dll</ModulePath>
      <ModuleTime>2017-02-06T23:43:32Z</ModuleTime>
      <ModuleName>System.Collections.NonGeneric</ModuleName>
      <Classes />
    </Module>
    <Module skippedDueTo="Filter" hash="DD-D4-2F-10-D4-0C-04-E6-6E-19-0F-F2-2A-A7-B7-13-FD-3C-F2-4F">
      <ModulePath>c:\program files\dotnet\sdk\1.0.0-rc4-004771\System.Collections.Specialized.dll</ModulePath>
      <ModuleTime>2017-02-06T23:43:32Z</ModuleTime>
      <ModuleName>System.Collections.Specialized</ModuleName>
      <Classes />
    </Module>
    <Module skippedDueTo="Filter" hash="79-FB-BA-15-53-EB-C5-06-28-5C-88-FA-44-54-0B-C3-CB-0B-81-D8">
      <ModulePath>c:\program files\dotnet\sdk\1.0.0-rc4-004771\System.ComponentModel.Primitives.dll</ModulePath>
      <ModuleTime>2017-02-06T23:43:30Z</ModuleTime>
      <ModuleName>System.ComponentModel.Primitives</ModuleName>
      <Classes />
    </Module>
  </Modules>
</CoverageSession>